Component: ARM Compiler 5.06 update 6 (build 750) Tool: armlink [4d35ed]

==============================================================================

Section Cross References

    startup_stm32f103xb.o(STACK) refers (Special) to heapauxi.o(.text) for __use_two_region_memory
    startup_stm32f103xb.o(HEAP) refers (Special) to heapauxi.o(.text) for __use_two_region_memory
    startup_stm32f103xb.o(RESET) refers (Special) to heapauxi.o(.text) for __use_two_region_memory
    startup_stm32f103xb.o(RESET) refers to startup_stm32f103xb.o(STACK) for __initial_sp
    startup_stm32f103xb.o(RESET) refers to startup_stm32f103xb.o(.text) for Reset_Handler
    startup_stm32f103xb.o(RESET) refers to stm32f1xx_it.o(i.NMI_Handler) for NMI_Handler
    startup_stm32f103xb.o(RESET) refers to stm32f1xx_it.o(i.HardFault_Handler) for HardFault_Handler
    startup_stm32f103xb.o(RESET) refers to stm32f1xx_it.o(i.MemManage_Handler) for MemManage_Handler
    startup_stm32f103xb.o(RESET) refers to stm32f1xx_it.o(i.BusFault_Handler) for BusFault_Handler
    startup_stm32f103xb.o(RESET) refers to stm32f1xx_it.o(i.UsageFault_Handler) for UsageFault_Handler
    startup_stm32f103xb.o(RESET) refers to port.o(.emb_text) for SVC_Handler
    startup_stm32f103xb.o(RESET) refers to stm32f1xx_it.o(i.DebugMon_Handler) for DebugMon_Handler
    startup_stm32f103xb.o(RESET) refers to port.o(i.SysTick_Handler) for SysTick_Handler
    startup_stm32f103xb.o(RESET) refers to stm32f1xx_it.o(i.EXTI0_IRQHandler) for EXTI0_IRQHandler
    startup_stm32f103xb.o(RESET) refers to stm32f1xx_it.o(i.EXTI1_IRQHandler) for EXTI1_IRQHandler
    startup_stm32f103xb.o(RESET) refers to stm32f1xx_it.o(i.TIM1_UP_IRQHandler) for TIM1_UP_IRQHandler
    startup_stm32f103xb.o(RESET) refers to stm32f1xx_it.o(i.USART3_IRQHandler) for USART3_IRQHandler
    startup_stm32f103xb.o(.text) refers (Special) to heapauxi.o(.text) for __use_two_region_memory
    startup_stm32f103xb.o(.text) refers to system_stm32f1xx.o(i.SystemInit) for SystemInit
    startup_stm32f103xb.o(.text) refers to __main.o(!!!main) for __main
    startup_stm32f103xb.o(.text) refers to startup_stm32f103xb.o(HEAP) for Heap_Mem
    startup_stm32f103xb.o(.text) refers to startup_stm32f103xb.o(STACK) for Stack_Mem
    main.o(i.HAL_TIM_PeriodElapsedCallback) refers to stm32f1xx_hal.o(i.HAL_IncTick) for HAL_IncTick
    main.o(i.SystemClock_Config) refers to rt_memclr_w.o(.text) for __aeabi_memclr4
    main.o(i.SystemClock_Config) refers to stm32f1xx_hal_rcc.o(i.HAL_RCC_OscConfig) for HAL_RCC_OscConfig
    main.o(i.SystemClock_Config) refers to stm32f1xx_hal_rcc.o(i.HAL_RCC_ClockConfig) for HAL_RCC_ClockConfig
    main.o(i.SystemClock_Config) refers to stm32f1xx_hal_rcc_ex.o(i.HAL_RCCEx_PeriphCLKConfig) for HAL_RCCEx_PeriphCLKConfig
    main.o(i.main) refers to stm32f1xx_hal.o(i.HAL_Init) for HAL_Init
    main.o(i.main) refers to main.o(i.SystemClock_Config) for SystemClock_Config
    main.o(i.main) refers to gpio.o(i.MX_GPIO_Init) for MX_GPIO_Init
    main.o(i.main) refers to usart.o(i.MX_USART1_UART_Init) for MX_USART1_UART_Init
    main.o(i.main) refers to usart.o(i.MX_USART3_UART_Init) for MX_USART3_UART_Init
    main.o(i.main) refers to rtc.o(i.MX_RTC_Init) for MX_RTC_Init
    main.o(i.main) refers to iwdg.o(i.MX_IWDG_Init) for MX_IWDG_Init
    main.o(i.main) refers to freertos.o(i.MX_FREERTOS_Init) for MX_FREERTOS_Init
    main.o(i.main) refers to cmsis_os.o(i.osKernelStart) for osKernelStart
    gpio.o(i.MX_GPIO_Init) refers to stm32f1xx_hal_gpio.o(i.HAL_GPIO_WritePin) for HAL_GPIO_WritePin
    gpio.o(i.MX_GPIO_Init) refers to stm32f1xx_hal_gpio.o(i.HAL_GPIO_Init) for HAL_GPIO_Init
    gpio.o(i.MX_GPIO_Init) refers to stm32f1xx_hal_cortex.o(i.HAL_NVIC_SetPriority) for HAL_NVIC_SetPriority
    gpio.o(i.MX_GPIO_Init) refers to stm32f1xx_hal_cortex.o(i.HAL_NVIC_EnableIRQ) for HAL_NVIC_EnableIRQ
    freertos.o(i.LED_Task) refers to cmsis_os.o(i.osDelay) for osDelay
    freertos.o(i.MX_FREERTOS_Init) refers to cmsis_os.o(i.osMessageCreate) for osMessageCreate
    freertos.o(i.MX_FREERTOS_Init) refers to rt_memcpy_w.o(.text) for __aeabi_memcpy4
    freertos.o(i.MX_FREERTOS_Init) refers to cmsis_os.o(i.osThreadCreate) for osThreadCreate
    freertos.o(i.MX_FREERTOS_Init) refers to freertos.o(.constdata) for .constdata
    freertos.o(i.MX_FREERTOS_Init) refers to freertos.o(.data) for .data
    freertos.o(i.ProcesData_Task) refers to cmsis_os.o(i.osDelay) for osDelay
    freertos.o(i.StartDefaultTask) refers to cmsis_os.o(i.osDelay) for osDelay
    freertos.o(i.StorageData_Task) refers to cmsis_os.o(i.osDelay) for osDelay
    freertos.o(i.UploadData_Task) refers to cmsis_os.o(i.osDelay) for osDelay
    freertos.o(i.oled_Task) refers to cmsis_os.o(i.osDelay) for osDelay
    freertos.o(.constdata) refers to freertos.o(.conststring) for .conststring
    freertos.o(.constdata) refers to freertos.o(i.StartDefaultTask) for StartDefaultTask
    freertos.o(.constdata) refers to task.o(i.UploadData_Task) for UploadData_Task
[...]
    __use_no_semihosting_swi                 0x08000d8f   Thumb Code     2  use_no_semi.o(.text)
    _printf_truncate_signed                  0x08000d91   Thumb Code    18  _printf_truncate.o(.text)
    _printf_truncate_unsigned                0x08000da3   Thumb Code    18  _printf_truncate.o(.text)
    _printf_int_common                       0x08000db5   Thumb Code   178  _printf_intcommon.o(.text)
    _printf_charcount                        0x08000e67   Thumb Code    40  _printf_charcount.o(.text)
    __lib_sel_fp_printf                      0x08000e8f   Thumb Code     2  _printf_fp_dec.o(.text)
    _printf_fp_dec_real                      0x08001041   Thumb Code   620  _printf_fp_dec.o(.text)
    _printf_char_common                      0x080012b7   Thumb Code    32  _printf_char_common.o(.text)
    _sputc                                   0x080012dd   Thumb Code    10  _sputc.o(.text)
    _printf_cs_common                        0x080012e7   Thumb Code    20  _printf_char.o(.text)
    _printf_char                             0x080012fb   Thumb Code    16  _printf_char.o(.text)
    _printf_string                           0x0800130b   Thumb Code     8  _printf_char.o(.text)
    _printf_char_file                        0x08001315   Thumb Code    32  _printf_char_file.o(.text)
    _printf_wctomb                           0x08001339   Thumb Code   182  _printf_wctomb.o(.text)
    _printf_longlong_dec                     0x080013f5   Thumb Code   108  _printf_longlong_dec.o(.text)
    _printf_longlong_oct                     0x08001471   Thumb Code    66  _printf_oct_int_ll.o(.text)
    _printf_int_oct                          0x080014b3   Thumb Code    24  _printf_oct_int_ll.o(.text)
    _printf_ll_oct                           0x080014cb   Thumb Code    12  _printf_oct_int_ll.o(.text)
    _chval                                   0x080014e1   Thumb Code    28  _chval.o(.text)
    __vfscanf_char                           0x08001509   Thumb Code    24  scanf_char.o(.text)
    _sgetc                                   0x08001529   Thumb Code    30  _sgetc.o(.text)
    _sbackspace                              0x08001547   Thumb Code    34  _sgetc.o(.text)
    __rt_locale                              0x08001569   Thumb Code     8  rt_locale_intlibspace.o(.text)
    _ll_udiv10                               0x08001571   Thumb Code   138  lludiv10.o(.text)
    isspace                                  0x080015fb   Thumb Code    18  isspace.o(.text)
    _printf_fp_hex_real                      0x0800160d   Thumb Code   756  _printf_fp_hex.o(.text)
    _printf_fp_infnan                        0x08001909   Thumb Code   112  _printf_fp_infnan.o(.text)
    _printf_lcs_common                       0x08001989   Thumb Code    20  _printf_wchar.o(.text)
    _printf_wchar                            0x0800199d   Thumb Code    16  _printf_wchar.o(.text)
    _printf_wstring                          0x080019ad   Thumb Code     8  _printf_wchar.o(.text)
    __vfscanf                                0x080019b5   Thumb Code   878  _scanf.o(.text)
    _btod_etento                             0x08001d29   Thumb Code   224  bigflt0.o(.text)
    ferror                                   0x08001e0d   Thumb Code     8  ferror.o(.text)
    _wcrtomb                                 0x08001e15   Thumb Code    64  _wcrtomb.o(.text)
    __user_libspace                          0x08001e55   Thumb Code     8  libspace.o(.text)
    __user_perproc_libspace                  0x08001e55   Thumb Code     0  libspace.o(.text)
    __user_perthread_libspace                0x08001e55   Thumb Code     0  libspace.o(.text)
    __user_setup_stackheap                   0x08001e5d   Thumb Code    74  sys_stackheap_outer.o(.text)
    __rt_ctype_table                         0x08001ea9   Thumb Code    16  rt_ctype_table.o(.text)
    exit                                     0x08001eb9   Thumb Code    18  exit.o(.text)
    _btod_d2e                                0x08001ecb   Thumb Code    62  btod.o(CL$$btod_d2e)
    _d2e_denorm_low                          0x08001f09   Thumb Code    70  btod.o(CL$$btod_d2e_denorm_low)
    _d2e_norm_op1                            0x08001f4f   Thumb Code    96  btod.o(CL$$btod_d2e_norm_op1)
    __btod_div_common                        0x08001faf   Thumb Code   696  btod.o(CL$$btod_div_common)
    _e2e                                     0x080022e7   Thumb Code   220  btod.o(CL$$btod_e2e)
    _btod_ediv                               0x080023c3   Thumb Code    42  btod.o(CL$$btod_ediv)
    _btod_emul                               0x080023ed   Thumb Code    42  btod.o(CL$$btod_emul)
    __btod_mult_common                       0x08002417   Thumb Code   580  btod.o(CL$$btod_mult_common)
    AT24C128_EraseAll                        0x0800265b   Thumb Code    48  eeprom_drive.o(i.AT24C128_EraseAll)
    AT24C128_ReadBuffer                      0x0800268b   Thumb Code   108  at24c64.o(i.AT24C128_ReadBuffer)
    AT24C128_ReadByte                        0x080026f7   Thumb Code    78  at24c64.o(i.AT24C128_ReadByte)
    AT24C128_WriteByte                       0x08002745   Thumb Code    66  at24c64.o(i.AT24C128_WriteByte)
    AT24C128_WritePage                       0x08002787   Thumb Code   106  at24c64.o(i.AT24C128_WritePage)
    BusFault_Handler                         0x080027f1   Thumb Code     2  stm32f1xx_it.o(i.BusFault_Handler)
    Clear_Traffic                            0x080027f5   Thumb Code     8  capture_traffic.o(i.Clear_Traffic)
    DTU_Get_NTP_Time                         0x0800281d   Thumb Code   304  e4gdtu.o(i.DTU_Get_NTP_Time)
    DTU_Init                                 0x08002991   Thumb Code   404  e4gdtu.o(i.DTU_Init)
    DTU_IsConnected_MQTT                     0x08002d15   Thumb Code   122  e4gdtu.o(i.DTU_IsConnected_MQTT)
    DTU_OFF                                  0x08002dc1   Thumb Code    18  e4gdtu.o(i.DTU_OFF)
    DTU_ON                                   0x08002dd9   Thumb Code    28  e4gdtu.o(i.DTU_ON)
    DTU_RESET                                0x08002df9   Thumb Code    52  e4gdtu.o(i.DTU_RESET)
    DTU_Send_DataFloat                       0x08002e85   Thumb Code    14  e4gdtu.o(i.DTU_Send_DataFloat)
    DebugMon_Handler                         0x08002fe1   Thumb Code     2  stm32f1xx_it.o(i.DebugMon_Handler)
    DelayUs                                  0x08002fe3   Thumb Code    48  delay.o(i.DelayUs)
    EXTI0_IRQHandler                         0x08003013   Thumb Code     6  stm32f1xx_it.o(i.EXTI0_IRQHandler)
    EXTI1_IRQHandler                         0x08003019   Thumb Code     6  stm32f1xx_it.o(i.EXTI1_IRQHandler)
    Error_Handler                            0x0800301f   Thumb Code     4  main.o(i.Error_Handler)
    Get_Traffic                              0x08003025   Thumb Code    22  capture_traffic.o(i.Get_Traffic)
    HAL_DMA_Abort                            0x08003041   Thumb Code    70  stm32f1xx_hal_dma.o(i.HAL_DMA_Abort)
    HAL_DMA_Abort_IT                         0x08003089   Thumb Code   148  stm32f1xx_hal_dma.o(i.HAL_DMA_Abort_IT)
    HAL_GPIO_EXTI_Callback                   0x08003121   Thumb Code    18  capture_traffic.o(i.HAL_GPIO_EXTI_Callback)
    HAL_GPIO_EXTI_IRQHandler                 0x08003139   Thumb Code    18  stm32f1xx_hal_gpio.o(i.HAL_GPIO_EXTI_IRQHandler)
    HAL_GPIO_Init                            0x08003151   Thumb Code   426  stm32f1xx_hal_gpio.o(i.HAL_GPIO_Init)
    HAL_GPIO_ReadPin                         0x0800331d   Thumb Code    10  stm32f1xx_hal_gpio.o(i.HAL_GPIO_ReadPin)
    HAL_GPIO_WritePin                        0x08003327   Thumb Code    10  stm32f1xx_hal_gpio.o(i.HAL_GPIO_WritePin)
    HAL_GetTick                              0x08003331   Thumb Code     6  stm32f1xx_hal.o(i.HAL_GetTick)
    HAL_IWDG_Init                            0x0800333d   Thumb Code    92  stm32f1xx_hal_iwdg.o(i.HAL_IWDG_Init)
    HAL_IWDG_Refresh                         0x08003399   Thumb Code    12  stm32f1xx_hal_iwdg.o(i.HAL_IWDG_Refresh)
    HAL_IncTick                              0x080033a5   Thumb Code    12  stm32f1xx_hal.o(i.HAL_IncTick)
    HAL_Init                                 0x080033b5   Thumb Code    32  stm32f1xx_hal.o(i.HAL_Init)
    HAL_InitTick                             0x080033d9   Thumb Code   118  stm32f1xx_hal_timebase_tim.o(i.HAL_InitTick)
    HAL_MspInit                              0x08003465   Thumb Code    62  stm32f1xx_hal_msp.o(i.HAL_MspInit)
    HAL_NVIC_EnableIRQ                       0x080034ad   Thumb Code    26  stm32f1xx_hal_cortex.o(i.HAL_NVIC_EnableIRQ)
    HAL_NVIC_SetPriority                     0x080034c9   Thumb Code    60  stm32f1xx_hal_cortex.o(i.HAL_NVIC_SetPriority)
    HAL_NVIC_SetPriorityGrouping             0x08003509   Thumb Code    26  stm32f1xx_hal_cortex.o(i.HAL_NVIC_SetPriorityGrouping)
    HAL_PWR_EnableBkUpAccess                 0x0800352d   Thumb Code     8  stm32f1xx_hal_pwr.o(i.HAL_PWR_EnableBkUpAccess)
    HAL_RCCEx_GetPeriphCLKFreq               0x08003539   Thumb Code   148  stm32f1xx_hal_rcc_ex.o(i.HAL_RCCEx_GetPeriphCLKFreq)
    HAL_RCCEx_PeriphCLKConfig                0x080035dd   Thumb Code   220  stm32f1xx_hal_rcc_ex.o(i.HAL_RCCEx_PeriphCLKConfig)
    HAL_RCC_ClockConfig                      0x080036c5   Thumb Code   292  stm32f1xx_hal_rcc.o(i.HAL_RCC_ClockConfig)
    HAL_RCC_GetClockConfig                   0x080037fd   Thumb Code    54  stm32f1xx_hal_rcc.o(i.HAL_RCC_GetClockConfig)
    HAL_RCC_GetPCLK1Freq                     0x0800383d   Thumb Code    20  stm32f1xx_hal_rcc.o(i.HAL_RCC_GetPCLK1Freq)
    HAL_RCC_GetPCLK2Freq                     0x0800385d   Thumb Code    20  stm32f1xx_hal_rcc.o(i.HAL_RCC_GetPCLK2Freq)
    HAL_RCC_GetSysClockFreq                  0x0800387d   Thumb Code    58  stm32f1xx_hal_rcc.o(i.HAL_RCC_GetSysClockFreq)
    HAL_RCC_OscConfig                        0x080038c9   Thumb Code   770  stm32f1xx_hal_rcc.o(i.HAL_RCC_OscConfig)
    HAL_RTC_GetDate                          0x08003be1   Thumb Code    78  stm32f1xx_hal_rtc.o(i.HAL_RTC_GetDate)
    HAL_RTC_GetTime                          0x08003c2f   Thumb Code   216  stm32f1xx_hal_rtc.o(i.HAL_RTC_GetTime)
    HAL_RTC_Init                             0x08003d09   Thumb Code   144  stm32f1xx_hal_rtc.o(i.HAL_RTC_Init)
    HAL_RTC_MspInit                          0x08003d9d   Thumb Code    40  rtc.o(i.HAL_RTC_MspInit)
    HAL_RTC_SetDate                          0x08003dd1   Thumb Code   192  stm32f1xx_hal_rtc.o(i.HAL_RTC_SetDate)
    HAL_RTC_SetTime                          0x08003e95   Thumb Code   170  stm32f1xx_hal_rtc.o(i.HAL_RTC_SetTime)
    HAL_RTC_WaitForSynchro                   0x08003f45   Thumb Code    58  stm32f1xx_hal_rtc.o(i.HAL_RTC_WaitForSynchro)
    HAL_TIMEx_BreakCallback                  0x08003f7f   Thumb Code     2  stm32f1xx_hal_tim_ex.o(i.HAL_TIMEx_BreakCallback)
    HAL_TIMEx_CommutCallback                 0x08003f81   Thumb Code     2  stm32f1xx_hal_tim_ex.o(i.HAL_TIMEx_CommutCallback)
    HAL_TIM_Base_Init                        0x08003f83   Thumb Code    90  stm32f1xx_hal_tim.o(i.HAL_TIM_Base_Init)
    HAL_TIM_Base_MspInit                     0x08003fdd   Thumb Code     2  stm32f1xx_hal_tim.o(i.HAL_TIM_Base_MspInit)
    HAL_TIM_Base_Start_IT                    0x08003fe1   Thumb Code    76  stm32f1xx_hal_tim.o(i.HAL_TIM_Base_Start_IT)
    HAL_TIM_IC_CaptureCallback               0x08004039   Thumb Code     2  stm32f1xx_hal_tim.o(i.HAL_TIM_IC_CaptureCallback)
    HAL_TIM_IRQHandler                       0x0800403b   Thumb Code   304  stm32f1xx_hal_tim.o(i.HAL_TIM_IRQHandler)
    HAL_TIM_OC_DelayElapsedCallback          0x0800416b   Thumb Code     2  stm32f1xx_hal_tim.o(i.HAL_TIM_OC_DelayElapsedCallback)
    HAL_TIM_PWM_PulseFinishedCallback        0x0800416d   Thumb Code     2  stm32f1xx_hal_tim.o(i.HAL_TIM_PWM_PulseFinishedCallback)
    HAL_TIM_PeriodElapsedCallback            0x08004171   Thumb Code    14  main.o(i.HAL_TIM_PeriodElapsedCallback)
    HAL_TIM_TriggerCallback                  0x08004185   Thumb Code     2  stm32f1xx_hal_tim.o(i.HAL_TIM_TriggerCallback)
    HAL_UARTEx_RxEventCallback               0x08004187   Thumb Code     2  stm32f1xx_hal_uart.o(i.HAL_UARTEx_RxEventCallback)
    HAL_UART_ErrorCallback                   0x08004189   Thumb Code     2  stm32f1xx_hal_uart.o(i.HAL_UART_ErrorCallback)
    HAL_UART_IRQHandler                      0x0800418d   Thumb Code   616  stm32f1xx_hal_uart.o(i.HAL_UART_IRQHandler)
    HAL_UART_Init                            0x080043f9   Thumb Code   100  stm32f1xx_hal_uart.o(i.HAL_UART_Init)
    HAL_UART_MspInit                         0x0800445d   Thumb Code   186  usart.o(i.HAL_UART_MspInit)
    HAL_UART_Receive_IT                      0x0800452d   Thumb Code    28  stm32f1xx_hal_uart.o(i.HAL_UART_Receive_IT)
    HAL_UART_RxCpltCallback                  0x08004549   Thumb Code    48  e4gdtu.o(i.HAL_UART_RxCpltCallback)
    HAL_UART_Transmit                        0x08004589   Thumb Code   160  stm32f1xx_hal_uart.o(i.HAL_UART_Transmit)
    HAL_UART_TxCpltCallback                  0x08004629   Thumb Code     2  stm32f1xx_hal_uart.o(i.HAL_UART_TxCpltCallback)
    HardFault_Handler                        0x0800462b   Thumb Code     2  stm32f1xx_it.o(i.HardFault_Handler)
    IIC_READ_SDA                             0x0800462d   Thumb Code    10  i2c.o(i.IIC_READ_SDA)
    IIC_SCL                                  0x0800463d   Thumb Code    18  i2c.o(i.IIC_SCL)
    IIC_SDA                                  0x08004655   Thumb Code    18  i2c.o(i.IIC_SDA)
    Key_Check                                0x0800466d   Thumb Code    26  key.o(i.Key_Check)
    Key_GetState                             0x0800468d   Thumb Code    22  key.o(i.Key_GetState)
    Key_Tick                                 0x080046a9   Thumb Code   310  key.o(i.Key_Tick)
    LED_OFF                                  0x080047e5   Thumb Code    10  led.o(i.LED_OFF)
    LED_ON                                   0x080047f5   Thumb Code    10  led.o(i.LED_ON)
    LED_Task                                 0x08004805   Thumb Code    42  task.o(i.LED_Task)
    MX_FREERTOS_Init                         0x08004835   Thumb Code   216  freertos.o(i.MX_FREERTOS_Init)
    MX_GPIO_Init                             0x08004915   Thumb Code   272  gpio.o(i.MX_GPIO_Init)
    MX_IWDG_Init                             0x08004a35   Thumb Code    36  iwdg.o(i.MX_IWDG_Init)
    MX_RTC_Init                              0x08004a61   Thumb Code    38  rtc.o(i.MX_RTC_Init)
    MX_USART1_UART_Init                      0x08004a91   Thumb Code    48  usart.o(i.MX_USART1_UART_Init)
    MX_USART3_UART_Init                      0x08004ac9   Thumb Code    48  usart.o(i.MX_USART3_UART_Init)
    MemManage_Handler                        0x08004b01   Thumb Code     2  stm32f1xx_it.o(i.MemManage_Handler)
    NMI_Handler                              0x08004b03   Thumb Code     2  stm32f1xx_it.o(i.NMI_Handler)
    OLED_Clear                               0x08004b05   Thumb Code    34  oled.o(i.OLED_Clear)
    OLED_ClearArea                           0x08004b2d   Thumb Code    80  oled.o(i.OLED_ClearArea)
    OLED_GPIO_Init                           0x08004b81   Thumb Code    18  oled.o(i.OLED_GPIO_Init)
    OLED_I2C_SendByte                        0x08004b93   Thumb Code    58  oled.o(i.OLED_I2C_SendByte)
    OLED_I2C_Start                           0x08004bcd   Thumb Code    30  oled.o(i.OLED_I2C_Start)
    OLED_I2C_Stop                            0x08004beb   Thumb Code    24  oled.o(i.OLED_I2C_Stop)
    OLED_Init                                0x08004c03   Thumb Code   156  oled.o(i.OLED_Init)
    OLED_Printf                              0x08004c9f   Thumb Code    42  oled.o(i.OLED_Printf)
    OLED_SetCursor                           0x08004cc9   Thumb Code    34  oled.o(i.OLED_SetCursor)
    OLED_ShowChar                            0x08004ced   Thumb Code    52  oled.o(i.OLED_ShowChar)
    OLED_ShowImage                           0x08004d29   Thumb Code   174  oled.o(i.OLED_ShowImage)
    OLED_ShowString                          0x08004ddd   Thumb Code   214  oled.o(i.OLED_ShowString)
    OLED_Update                              0x08004ebd   Thumb Code    34  oled.o(i.OLED_Update)
    OLED_W_SCL                               0x08004ee5   Thumb Code    10  oled.o(i.OLED_W_SCL)
    OLED_W_SDA                               0x08004ef5   Thumb Code    10  oled.o(i.OLED_W_SDA)
    OLED_WriteCommand                        0x08004f05   Thumb Code    34  oled.o(i.OLED_WriteCommand)
    OLED_WriteData                           0x08004f27   Thumb Code    48  oled.o(i.OLED_WriteData)
    ProcesData_Task                          0x08004f59   Thumb Code   214  task.o(i.ProcesData_Task)
    RTC_GET_TIME                             0x08005245   Thumb Code    84  myrtc.o(i.RTC_GET_TIME)
    RTC_SET_TIME                             0x080052cd   Thumb Code    86  myrtc.o(i.RTC_SET_TIME)
    StartDefaultTask                         0x080053cf   Thumb Code     8  freertos.o(i.StartDefaultTask)
    StorageData_Task                         0x080053d9   Thumb Code   150  task.o(i.StorageData_Task)
    SysTick_Handler                          0x080054f5   Thumb Code    38  port.o(i.SysTick_Handler)
    SystemClock_Config                       0x08005521   Thumb Code   130  main.o(i.SystemClock_Config)
    SystemInit                               0x080055a3   Thumb Code     2  system_stm32f1xx.o(i.SystemInit)
    TIM1_UP_IRQHandler                       0x080055a5   Thumb Code    16  stm32f1xx_it.o(i.TIM1_UP_IRQHandler)
    TIM_Base_SetConfig                       0x080055b9   Thumb Code   108  stm32f1xx_hal_tim.o(i.TIM_Base_SetConfig)
    UART_Start_Receive_IT                    0x08005809   Thumb Code    54  stm32f1xx_hal_uart.o(i.UART_Start_Receive_IT)
    USART3_IRQHandler                        0x080058b1   Thumb Code     6  stm32f1xx_it.o(i.USART3_IRQHandler)
    UploadData_Task                          0x080058bd   Thumb Code   262  task.o(i.UploadData_Task)
    UsageFault_Handler                       0x08005ad9   Thumb Code     2  stm32f1xx_it.o(i.UsageFault_Handler)
    __ARM_fpclassify                         0x08005adb   Thumb Code    40  fpclassify.o(i.__ARM_fpclassify)
    _is_digit                                0x08005b23   Thumb Code    14  __printf_wp.o(i._is_digit)
    _sys_exit                                0x08005b31   Thumb Code     2  printf.o(i._sys_exit)
    convert_to_timestamp                     0x08005b33   Thumb Code    32  myrtc.o(i.convert_to_timestamp)
    delay_ms                                 0x08005b65   Thumb Code     4  delay.o(i.delay_ms)
    delay_us                                 0x08005b69   Thumb Code     4  delay.o(i.delay_us)
    eeprom_Drive_Init                        0x08005b6d   Thumb Code   112  eeprom_drive.o(i.eeprom_Drive_Init)
    eeprom_increment_counter                 0x08005be5   Thumb Code   100  eeprom_drive.o(i.eeprom_increment_counter)
    eeprom_read_counter                      0x08005c4d   Thumb Code    68  eeprom_drive.o(i.eeprom_read_counter)
    fputc                                    0x08005c91   Thumb Code    18  printf.o(i.fputc)
    get_Data_Page_Count                      0x08005ca9   Thumb Code     6  eeprom_drive.o(i.get_Data_Page_Count)
    get_compile_timestamp                    0x08005cb5   Thumb Code   148  myrtc.o(i.get_compile_timestamp)
    iic_ack                                  0x08005d7d   Thumb Code    54  i2c.o(i.iic_ack)
    iic_init                                 0x08005db3   Thumb Code    24  i2c.o(i.iic_init)
    iic_nack                                 0x08005dcb   Thumb Code    42  i2c.o(i.iic_nack)
    iic_read_byte                            0x08005df5   Thumb Code    70  i2c.o(i.iic_read_byte)
    iic_send_byte                            0x08005e3b   Thumb Code    58  i2c.o(i.iic_send_byte)
    iic_start                                0x08005e75   Thumb Code    48  i2c.o(i.iic_start)
    iic_stop                                 0x08005ea5   Thumb Code    42  i2c.o(i.iic_stop)
    iic_wait_ack                             0x08005ecf   Thumb Code    76  i2c.o(i.iic_wait_ack)
    main                                     0x08005f45   Thumb Code    38  main.o(i.main)
    oled_Task                                0x08005f79   Thumb Code   308  task.o(i.oled_Task)
    osDelay                                  0x08006125   Thumb Code    14  cmsis_os.o(i.osDelay)
    osKernelStart                            0x08006133   Thumb Code    10  cmsis_os.o(i.osKernelStart)
    osMessageCreate                          0x0800613d   Thumb Code     8  cmsis_os.o(i.osMessageCreate)
    osThreadCreate                           0x08006145   Thumb Code    46  cmsis_os.o(i.osThreadCreate)
    print_All_Data_Pages                     0x08006175   Thumb Code   132  eeprom_drive.o(i.print_All_Data_Pages)
    pvPortMalloc                             0x080066a5   Thumb Code   216  heap_4.o(i.pvPortMalloc)
    pxPortInitialiseStack                    0x08006781   Thumb Code    32  port.o(i.pxPortInitialiseStack)
    read_Oil_Data                            0x080067a5   Thumb Code   194  eeprom_drive.o(i.read_Oil_Data)
    record_Oil                               0x08006905   Thumb Code   138  eeprom_drive.o(i.record_Oil)
    uxListRemove                             0x080069c1   Thumb Code    38  list.o(i.uxListRemove)
    uxQueueSpacesAvailable                   0x080069e7   Thumb Code    40  queue.o(i.uxQueueSpacesAvailable)
    vListInitialise                          0x08006a0f   Thumb Code    22  list.o(i.vListInitialise)
    vListInitialiseItem                      0x08006a25   Thumb Code     6  list.o(i.vListInitialiseItem)
    vListInsert                              0x08006a2b   Thumb Code    48  list.o(i.vListInsert)
    vListInsertEnd                           0x08006a5b   Thumb Code    24  list.o(i.vListInsertEnd)
    vPortEnterCritical                       0x08006a75   Thumb Code    54  port.o(i.vPortEnterCritical)
    vPortExitCritical                        0x08006ab5   Thumb Code    34  port.o(i.vPortExitCritical)
    vPortFree                                0x08006add   Thumb Code    94  heap_4.o(i.vPortFree)
    vPortSetupTimerInterrupt                 0x08006b41   Thumb Code    32  port.o(i.vPortSetupTimerInterrupt)
    vPortValidateInterruptPriority           0x08006b65   Thumb Code    74  port.o(i.vPortValidateInterruptPriority)
    vTaskDelay                               0x08006bb9   Thumb Code    66  tasks.o(i.vTaskDelay)
    vTaskInternalSetTimeOutState             0x08006c05   Thumb Code    12  tasks.o(i.vTaskInternalSetTimeOutState)
    vTaskMissedYield                         0x08006c15   Thumb Code     8  tasks.o(i.vTaskMissedYield)
    vTaskPlaceOnEventList                    0x08006c21   Thumb Code    44  tasks.o(i.vTaskPlaceOnEventList)
    vTaskStartScheduler                      0x08006c51   Thumb Code    86  tasks.o(i.vTaskStartScheduler)
    vTaskSuspendAll                          0x08006cb9   Thumb Code    10  tasks.o(i.vTaskSuspendAll)
    vTaskSwitchContext                       0x08006cc9   Thumb Code    82  tasks.o(i.vTaskSwitchContext)
    x24Cxx_Read_float                        0x08006d25   Thumb Code    22  eeprom_drive.o(i.x24Cxx_Read_float)
    x24Cxx_Write_float                       0x08006d3b   Thumb Code    28  eeprom_drive.o(i.x24Cxx_Write_float)
    xPortStartScheduler                      0x08006d59   Thumb Code   156  port.o(i.xPortStartScheduler)
    xQueueGenericCreate                      0x08006e01   Thumb Code    66  queue.o(i.xQueueGenericCreate)
    xQueueGenericReset                       0x08006e45   Thumb Code   132  queue.o(i.xQueueGenericReset)
    xQueueGenericSend                        0x08006ecd   Thumb Code   350  queue.o(i.xQueueGenericSend)
    xQueueReceive                            0x08007031   Thumb Code   308  queue.o(i.xQueueReceive)
    xTaskCheckForTimeOut                     0x08007169   Thumb Code   112  tasks.o(i.xTaskCheckForTimeOut)
    xTaskCreate                              0x080071dd   Thumb Code    86  tasks.o(i.xTaskCreate)
    xTaskGenericNotifyFromISR                0x08007235   Thumb Code   250  tasks.o(i.xTaskGenericNotifyFromISR)
    xTaskGetSchedulerState                   0x08007339   Thumb Code    22  tasks.o(i.xTaskGetSchedulerState)
    xTaskIncrementTick                       0x08007355   Thumb Code   194  tasks.o(i.xTaskIncrementTick)
    xTaskNotifyWait                          0x08007421   Thumb Code   130  tasks.o(i.xTaskNotifyWait)
    xTaskPriorityDisinherit                  0x080074ad   Thumb Code   144  tasks.o(i.xTaskPriorityDisinherit)
    xTaskRemoveFromEventList                 0x08007545   Thumb Code   108  tasks.o(i.xTaskRemoveFromEventList)
    xTaskResumeAll                           0x080075b9   Thumb Code   182  tasks.o(i.xTaskResumeAll)
    _get_lc_numeric                          0x0800767d   Thumb Code    44  lc_numeric_c.o(locale$$code)
    _get_lc_ctype                            0x080076a9   Thumb Code    44  lc_ctype_c.o(locale$$code)
    __aeabi_d2f                              0x080076d5   Thumb Code     0  d2f.o(x$fpl$d2f)
    _d2f                                     0x080076d5   Thumb Code    98  d2f.o(x$fpl$d2f)
    __aeabi_ui2d                             0x08007737   Thumb Code     0  dflt_clz.o(x$fpl$dfltu)
    _dfltu                                   0x08007737   Thumb Code    38  dflt_clz.o(x$fpl$dfltu)
    __aeabi_dmul                             0x0800775d   Thumb Code     0  dmul.o(x$fpl$dmul)
    _dmul                                    0x0800775d   Thumb Code   332  dmul.o(x$fpl$dmul)
    __fpl_dnaninf                            0x080078b1   Thumb Code   156  dnaninf.o(x$fpl$dnaninf)
    __fpl_dretinf                            0x0800794d   Thumb Code    12  dretinf.o(x$fpl$dretinf)
    __aeabi_f2d                              0x08007959   Thumb Code     0  f2d.o(x$fpl$f2d)
    _f2d                                     0x08007959   Thumb Code    86  f2d.o(x$fpl$f2d)
    __aeabi_fadd                             0x080079b1   Thumb Code     0  faddsub_clz.o(x$fpl$fadd)
    _fadd                                    0x080079b1   Thumb Code   196  faddsub_clz.o(x$fpl$fadd)
    __fpl_fcmp_Inf                           0x08007a75   Thumb Code    24  fcmpi.o(x$fpl$fcmpinf)
    __aeabi_cfcmpeq                          0x08007a8d   Thumb Code     0  feqf.o(x$fpl$feqf)
    _fcmpeq                                  0x08007a8d   Thumb Code   104  feqf.o(x$fpl$feqf)
    __aeabi_cfcmple                          0x08007af5   Thumb Code     0  fleqf.o(x$fpl$fleqf)
    _fcmple                                  0x08007af5   Thumb Code   104  fleqf.o(x$fpl$fleqf)
    __fpl_fcmple_InfNaN                      0x08007b47   Thumb Code     0  fleqf.o(x$fpl$fleqf)
    __fpl_fnaninf                            0x08007b5d   Thumb Code   140  fnaninf.o(x$fpl$fnaninf)
    __fpl_fretinf                            0x08007be9   Thumb Code    10  fretinf.o(x$fpl$fretinf)
    __aeabi_cfrcmple                         0x08007bf3   Thumb Code     0  frleqf.o(x$fpl$frleqf)
    _frcmple                                 0x08007bf3   Thumb Code    98  frleqf.o(x$fpl$frleqf)
    __aeabi_fsub                             0x08007c55   Thumb Code     0  faddsub_clz.o(x$fpl$fsub)
    _fsub                                    0x08007c55   Thumb Code   234  faddsub_clz.o(x$fpl$fsub)
    _printf_fp_dec                           0x08007d3f   Thumb Code     4  printf1.o(x$fpl$printf1)
    _printf_fp_hex                           0x08007d43   Thumb Code     4  printf2.o(x$fpl$printf2)
    __I$use$fp                               0x08007d46   Number         0  usenofp.o(x$fpl$usenofp)
    AHBPrescTable                            0x08007e04   Data          16  system_stm32f1xx.o(.constdata)
    APBPrescTable                            0x08007e14   Data           8  system_stm32f1xx.o(.constdata)
    OLED_F8x16                               0x08007e4c   Data        1520  oled_data.o(.constdata)
    OLED_F6x8                                0x0800843c   Data         570  oled_data.o(.constdata)
    OLED_CF16x16                             0x08008676   Data         245  oled_data.o(.constdata)
    _monlen                                  0x080087ac   Data          12  _monlen.o(.constdata)
    Region$$Table$$Base                      0x080088f4   Number         0  anon$$obj.o(Region$$Table)
    Region$$Table$$Limit                     0x08008914   Number         0  anon$$obj.o(Region$$Table)
    __ctype                                  0x0800893d   Data           0  lc_ctype_c.o(locale$$data)
    defaultTaskHandle                        0x20000000   Data           4  freertos.o(.data)
    UploadDataTaskHandle                     0x20000004   Data           4  freertos.o(.data)
    ProcesDataTaskHandle                     0x20000008   Data           4  freertos.o(.data)
    LEDTaskHandle                            0x2000000c   Data           4  freertos.o(.data)
    StorageDataTaskHandle                    0x20000010   Data           4  freertos.o(.data)
    oledTaskHandle                           0x20000014   Data           4  freertos.o(.data)
    SendQueueHandle                          0x20000018   Data           4  freertos.o(.data)
    UploadQueueHandle                        0x2000001c   Data           4  freertos.o(.data)
    RequestQueueHandle                       0x20000020   Data           4  freertos.o(.data)
    DeleteQueueHandle                        0x20000024   Data           4  freertos.o(.data)
    uwTickFreq                               0x20000028   Data           1  stm32f1xx_hal.o(.data)
    uwTickPrio                               0x2000002c   Data           4  stm32f1xx_hal.o(.data)
    uwTick                                   0x20000030   Data           4  stm32f1xx_hal.o(.data)
    SystemCoreClock                          0x20000034   Data           4  system_stm32f1xx.o(.data)
    pxCurrentTCB                             0x20000038   Data           4  tasks.o(.data)
    __stdout                                 0x200000a0   Data           4  printf.o(.data)
    upload_pending                           0x200000a4   Data           1  task.o(.data)
    eeprom_Count                             0x200000ac   Data           4  eeprom_drive.o(.data)
    DTURX_Data                               0x200000b0   Data           1  e4gdtu.o(.data)
    DTURX_cnt                                0x200000b2   Data           2  e4gdtu.o(.data)
    DTURX_cntPre                             0x200000b4   Data           2  e4gdtu.o(.data)
    Key_Flag                                 0x200000bb   Data           1  key.o(.data)
    CAPTURE_COUNT                            0x200000c0   Data           4  capture_traffic.o(.data)
    coefficient                              0x200000c8   Data           8  capture_traffic.o(.data)
    hiwdg                                    0x200000d0   Data          12  iwdg.o(.bss)
    hrtc                                     0x200000dc   Data          20  rtc.o(.bss)
    huart1                                   0x200000f0   Data          72  usart.o(.bss)
    huart3                                   0x20000138   Data          72  usart.o(.bss)
    htim1                                    0x20000180   Data          72  stm32f1xx_hal_timebase_tim.o(.bss)
    DTURX_buf                                0x200033b4   Data         128  e4gdtu.o(.bss)
    mqtt_payload                             0x20003434   Data         128  e4gdtu.o(.bss)
    mqtt_Contrast                            0x200034b4   Data         128  e4gdtu.o(.bss)
    OLED_DisplayBuf                          0x20003534   Data        1024  oled.o(.bss)
    __libspace_start                         0x20003934   Data          96  libspace.o(.bss)
    __temporary_stack_top$libspace           0x20003994   Data           0  libspace.o(.bss)



==============================================================================

Memory Map of the image

  Image Entry point : 0x080000ed

  Load Region LR_IROM1 (Base: 0x08000000, Size: 0x00008b10, Max: 0x00010000, ABSOLUTE)

    Execution Region ER_IROM1 (Exec base: 0x08000000, Load base: 0x08000000, Size: 0x00008a40, Max: 0x00010000, ABSOLUTE)

    Exec Addr    Load Addr    Size         Type   Attr      Idx    E Section Name        Object

    0x08000000   0x08000000   0x000000ec   Data   RO            3    RESET               startup_stm32f103xb.o
    0x080000ec   0x080000ec   0x00000008   Code   RO         5616  * !!!main             c_w.l(__main.o)
    0x080000f4   0x080000f4   0x00000034   Code   RO         6007    !!!scatter          c_w.l(__scatter.o)
    0x08000128   0x08000128   0x0000001a   Code   RO         6009    !!handler_copy      c_w.l(__scatter_copy.o)
    0x08000142   0x08000142   0x00000002   PAD
    0x08000144   0x08000144   0x0000001c   Code   RO         6011    !!handler_zi        c_w.l(__scatter_zi.o)
    0x08000160   0x08000160   0x00000000   Code   RO         5583    .ARM.Collect$$_printf_percent$$00000000  c_w.l(_printf_percent.o)
    0x08000160   0x08000160   0x00000006   Code   RO         5712    .ARM.Collect$$_printf_percent$$00000001  c_w.l(_printf_n.o)
    0x08000166   0x08000166   0x00000006   Code   RO         5713    .ARM.Collect$$_printf_percent$$00000002  c_w.l(_printf_p.o)
    0x0800016c   0x0800016c   0x00000006   Code   RO         5582    .ARM.Collect$$_printf_percent$$00000003  c_w.l(_printf_f.o)
    0x08000172   0x08000172   0x00000006   Code   RO         5716    .ARM.Collect$$_printf_percent$$00000004  c_w.l(_printf_e.o)
    0x08000178   0x08000178   0x00000006   Code   RO         5717    .ARM.Collect$$_printf_percent$$00000005  c_w.l(_printf_g.o)
    0x0800017e   0x0800017e   0x00000006   Code   RO         5718    .ARM.Collect$$_printf_percent$$00000006  c_w.l(_printf_a.o)
    0x08000184   0x08000184   0x0000000a   Code   RO         5723    .ARM.Collect$$_printf_percent$$00000007  c_w.l(_printf_ll.o)
    0x0800018e   0x0800018e   0x00000006   Code   RO         5715    .ARM.Collect$$_printf_percent$$00000008  c_w.l(_printf_i.o)
    0x08000194   0x08000194   0x00000006   Code   RO         5580    .ARM.Collect$$_printf_percent$$00000009  c_w.l(_printf_d.o)
    0x0800019a   0x0800019a   0x00000006   Code   RO         5581    .ARM.Collect$$_printf_percent$$0000000A  c_w.l(_printf_u.o)
    0x080001a0   0x080001a0   0x00000006   Code   RO         5714    .ARM.Collect$$_printf_percent$$0000000B  c_w.l(_printf_o.o)
    0x080001a6   0x080001a6   0x00000006   Code   RO         5579    .ARM.Collect$$_printf_percent$$0000000C  c_w.l(_printf_x.o)
    0x080001ac   0x080001ac   0x00000006   Code   RO         5720    .ARM.Collect$$_printf_percent$$0000000D  c_w.l(_printf_lli.o)
    0x080001b2   0x080001b2   0x00000006   Code   RO         5721    .ARM.Collect$$_printf_percent$$0000000E  c_w.l(_printf_lld.o)
    0x080001b8   0x080001b8   0x00000006   Code   RO         5722    .ARM.Collect$$_printf_percent$$0000000F  c_w.l(_printf_llu.o)
    0x080001be   0x080001be   0x00000006   Code   RO         5727    .ARM.Collect$$_printf_percent$$00000010  c_w.l(_printf_llo.o)
    0x080001c4   0x080001c4   0x00000006   Code   RO         5728    .ARM.Collect$$_printf_percent$$00000011  c_w.l(_printf_llx.o)
    0x080001ca   0x080001ca   0x0000000a   Code   RO         5724    .ARM.Collect$$_printf_percent$$00000012  c_w.l(_printf_l.o)
    0x080001d4   0x080001d4   0x00000006   Code   RO         5577    .ARM.Collect$$_printf_percent$$00000013  c_w.l(_printf_c.o)
    0x080001da   0x080001da   0x00000006   Code   RO         5578    .ARM.Collect$$_printf_percent$$00000014  c_w.l(_printf_s.o)
    0x080001e0   0x080001e0   0x00000006   Code   RO         5725    .ARM.Collect$$_printf_percent$$00000015  c_w.l(_printf_lc.o)
    0x080001e6   0x080001e6   0x00000006   Code   RO         5726    .ARM.Collect$$_printf_percent$$00000016  c_w.l(_printf_ls.o)
    0x080001ec   0x080001ec   0x00000004   Code   RO         5719    .ARM.Collect$$_printf_percent$$00000017  c_w.l(_printf_percent_end.o)
    0x080001f0   0x080001f0   0x00000002   Code   RO         5880    .ARM.Collect$$libinit$$00000000  c_w.l(libinit.o)
    0x080001f2   0x080001f2   0x00000000   Code   RO         5882    .ARM.Collect$$libinit$$00000002  c_w.l(libinit2.o)
    0x080001f2   0x080001f2   0x00000000   Code   RO         5884    .ARM.Collect$$libinit$$00000004  c_w.l(libinit2.o)
    0x080001f2   0x080001f2   0x00000000   Code   RO         5887    .ARM.Collect$$libinit$$0000000A  c_w.l(libinit2.o)
    0x080001f2   0x080001f2   0x00000000   Code   RO         5889    .ARM.Collect$$libinit$$0000000C  c_w.l(libinit2.o)
    0x080001f2   0x080001f2   0x00000000   Code   RO         5891    .ARM.Collect$$libinit$$0000000E  c_w.l(libinit2.o)
    0x080001f2   0x080001f2   0x00000006   Code   RO         5892    .ARM.Collect$$libinit$$0000000F  c_w.l(libinit2.o)
    0x080001f8   0x080001f8   0x00000000   Code   RO         5894    .ARM.Collect$$libinit$$00000011  c_w.l(libinit2.o)
    0x080001f8   0x080001f8   0x0000000c   Code   RO         5895    .ARM.Collect$$libinit$$00000012  c_w.l(libinit2.o)
    0x08000204   0x08000204   0x00000000   Code   RO         5896    .ARM.Collect$$libinit$$00000013  c_w.l(libinit2.o)
    0x08000204   0x08000204   0x00000000   Code   RO         5898    .ARM.Collect$$libinit$$00000015  c_w.l(libinit2.o)
    0x08000204   0x08000204   0x0000000a   Code   RO         5899    .ARM.Collect$$libinit$$00000016  c_w.l(libinit2.o)
    0x0800020e   0x0800020e   0x00000000   Code   RO         5900    .ARM.Collect$$libinit$$00000017  c_w.l(libinit2.o)
    0x0800020e   0x0800020e   0x00000000   Code   RO         5902    .ARM.Collect$$libinit$$00000019  c_w.l(libinit2.o)
    0x0800020e   0x0800020e   0x00000000   Code   RO         5904    .ARM.Collect$$libinit$$0000001B  c_w.l(libinit2.o)
    0x0800020e   0x0800020e   0x00000000   Code   RO         5906    .ARM.Collect$$libinit$$0000001D  c_w.l(libinit2.o)
    0x0800020e   0x0800020e   0x00000000   Code   RO         5908    .ARM.Collect$$libinit$$0000001F  c_w.l(libinit2.o)
    0x0800020e   0x0800020e   0x00000000   Code   RO         5910    .ARM.Collect$$libinit$$00000021  c_w.l(libinit2.o)
    0x0800020e   0x0800020e   0x00000000   Code   RO         5912    .ARM.Collect$$libinit$$00000023  c_w.l(libinit2.o)
    0x0800020e   0x0800020e   0x00000000   Code   RO         5914    .ARM.Collect$$libinit$$00000025  c_w.l(libinit2.o)
    0x0800020e   0x0800020e   0x00000000   Code   RO         5918    .ARM.Collect$$libinit$$0000002C  c_w.l(libinit2.o)
    0x0800020e   0x0800020e   0x00000000   Code   RO         5920    .ARM.Collect$$libinit$$0000002E  c_w.l(libinit2.o)
    0x0800020e   0x0800020e   0x00000000   Code   RO         5922    .ARM.Collect$$libinit$$00000030  c_w.l(libinit2.o)
    0x0800020e   0x0800020e   0x00000000   Code   RO         5924    .ARM.Collect$$libinit$$00000032  c_w.l(libinit2.o)
    0x0800020e   0x0800020e   0x00000002   Code   RO         5925    .ARM.Collect$$libinit$$00000033  c_w.l(libinit2.o)
    0x08000210   0x08000210   0x00000002   Code   RO         5960    .ARM.Collect$$libshutdown$$00000000  c_w.l(libshutdown.o)
    0x08000212   0x08000212   0x00000000   Code   RO         5968    .ARM.Collect$$libshutdown$$00000002  c_w.l(libshutdown2.o)
    0x08000212   0x08000212   0x00000000   Code   RO         5970    .ARM.Collect$$libshutdown$$00000004  c_w.l(libshutdown2.o)
    0x08000212   0x08000212   0x00000000   Code   RO         5973    .ARM.Collect$$libshutdown$$00000007  c_w.l(libshutdown2.o)
    0x08000212   0x08000212   0x00000000   Code   RO         5976    .ARM.Collect$$libshutdown$$0000000A  c_w.l(libshutdown2.o)
    0x08000212   0x08000212   0x00000000   Code   RO         5978    .ARM.Collect$$libshutdown$$0000000C  c_w.l(libshutdown2.o)
    0x08000212   0x08000212   0x00000000   Code   RO         5981    .ARM.Collect$$libshutdown$$0000000F  c_w.l(libshutdown2.o)
    0x08000212   0x08000212   0x00000002   Code   RO         5982    .ARM.Collect$$libshutdown$$00000010  c_w.l(libshutdown2.o)
    0x08000214   0x08000214   0x00000000   Code   RO         5682    .ARM.Collect$$rtentry$$00000000  c_w.l(__rtentry.o)
    0x08000214   0x08000214   0x00000000   Code   RO         5785    .ARM.Collect$$rtentry$$00000002  c_w.l(__rtentry2.o)
    0x08000214   0x08000214   0x00000006   Code   RO         5797    .ARM.Collect$$rtentry$$00000004  c_w.l(__rtentry4.o)
    0x0800021a   0x0800021a   0x00000000   Code   RO         5787    .ARM.Collect$$rtentry$$00000009  c_w.l(__rtentry2.o)
    0x0800021a   0x0800021a   0x00000004   Code   RO         5788    .ARM.Collect$$rtentry$$0000000A  c_w.l(__rtentry2.o)
    0x0800021e   0x0800021e   0x00000000   Code   RO         5790    .ARM.Collect$$rtentry$$0000000C  c_w.l(__rtentry2.o)
    0x0800021e   0x0800021e   0x00000008   Code   RO         5791    .ARM.Collect$$rtentry$$0000000D  c_w.l(__rtentry2.o)
    0x08000226   0x08000226   0x00000002   Code   RO         5928    .ARM.Collect$$rtexit$$00000000  c_w.l(rtexit.o)
    0x08000228   0x08000228   0x00000000   Code   RO         5940    .ARM.Collect$$rtexit$$00000002  c_w.l(rtexit2.o)
    0x08000228   0x08000228   0x00000004   Code   RO         5941    .ARM.Collect$$rtexit$$00000003  c_w.l(rtexit2.o)
    0x0800022c   0x0800022c   0x00000006   Code   RO         5942    .ARM.Collect$$rtexit$$00000004  c_w.l(rtexit2.o)
    0x08000232   0x08000232   0x00000002   PAD
    0x08000234   0x08000234   0x00000096   Code   RO         4459    .emb_text           port.o
    0x080002ca   0x080002ca   0x00000002   PAD
    0x080002cc   0x080002cc   0x00000040   Code   RO            4    .text               startup_stm32f103xb.o
    0x0800030c   0x0800030c   0x00000002   Code   RO         5514    .text               c_w.l(use_no_semi_2.o)
    0x0800030e   0x0800030e   0x00000002   PAD
    0x08000310   0x08000310   0x00000024   Code   RO         5518    .text               c_w.l(vsprintf.o)
    0x08000334   0x08000334   0x00000018   Code   RO         5520    .text               c_w.l(__2printf.o)
    0x0800034c   0x0800034c   0x0000002c   Code   RO         5522    .text               c_w.l(__2sprintf.o)
    0x08000378   0x08000378   0x0000004e   Code   RO         5530    .text               c_w.l(_printf_pad.o)
    0x080003c6   0x080003c6   0x00000052   Code   RO         5532    .text               c_w.l(_printf_str.o)
    0x08000418   0x08000418   0x00000078   Code   RO         5534    .text               c_w.l(_printf_dec.o)
    0x08000490   0x08000490   0x00000094   Code   RO         5554    .text               c_w.l(_printf_hex_int_ll_ptr.o)
    0x08000524   0x08000524   0x00000188   Code   RO         5574    .text               c_w.l(__printf_flags_ss_wp.o)
    0x080006ac   0x080006ac   0x0000003c   Code   RO         5584    .text               c_w.l(__0sscanf.o)
    0x080006e8   0x080006e8   0x0000014c   Code   RO         5586    .text               c_w.l(_scanf_int.o)
    0x08000834   0x08000834   0x000000e0   Code   RO         5588    .text               c_w.l(_scanf_str.o)
    0x08000914   0x08000914   0x00000024   Code   RO         5590    .text               c_w.l(strstr.o)
    0x08000938   0x08000938   0x0000003e   Code   RO         5592    .text               c_w.l(strlen.o)
    0x08000976   0x08000976   0x0000008a   Code   RO         5594    .text               c_w.l(rt_memcpy_v6.o)
    0x08000a00   0x08000a00   0x00000064   Code   RO         5596    .text               c_w.l(rt_memcpy_w.o)
    0x08000a64   0x08000a64   0x00000010   Code   RO         5600    .text               c_w.l(aeabi_memset.o)
    0x08000a74   0x08000a74   0x00000044   Code   RO         5602    .text               c_w.l(rt_memclr.o)
    0x08000ab8   0x08000ab8   0x0000004e   Code   RO         5604    .text               c_w.l(rt_memclr_w.o)
    0x08000b06   0x08000b06   0x00000056   Code   RO         5606    .text               c_w.l(strncpy.o)
    0x08000b5c   0x08000b5c   0x00000080   Code   RO         5608    .text               c_w.l(strcmpv7m.o)
    0x08000bdc   0x08000bdc   0x000001ac   Code   RO         5612    .text               c_w.l(mktime.o)
    0x08000d88   0x08000d88   0x00000006   Code   RO         5614    .text               c_w.l(heapauxi.o)
    0x08000d8e   0x08000d8e   0x00000002   Code   RO         5680    .text               c_w.l(use_no_semi.o)
    0x08000d90   0x08000d90   0x00000024   Code   RO         5685    .text               c_w.l(_printf_truncate.o)
    0x08000db4   0x08000db4   0x000000b2   Code   RO         5687    .text               c_w.l(_printf_intcommon.o)
    0x08000e66   0x08000e66   0x00000028   Code   RO         5689    .text               c_w.l(_printf_charcount.o)
    0x08000e8e   0x08000e8e   0x0000041e   Code   RO         5691    .text               c_w.l(_printf_fp_dec.o)
    0x080012ac   0x080012ac   0x00000030   Code   RO         5693    .text               c_w.l(_printf_char_common.o)
    0x080012dc   0x080012dc   0x0000000a   Code   RO         5695    .text               c_w.l(_sputc.o)
    0x080012e6   0x080012e6   0x0000002c   Code   RO         5697    .text               c_w.l(_printf_char.o)
    0x08001312   0x08001312   0x00000002   PAD
    0x08001314   0x08001314   0x00000024   Code   RO         5699    .text               c_w.l(_printf_char_file.o)
    0x08001338   0x08001338   0x000000bc   Code   RO         5701    .text               c_w.l(_printf_wctomb.o)
    0x080013f4   0x080013f4   0x0000007c   Code   RO         5704    .text               c_w.l(_printf_longlong_dec.o)
    0x08001470   0x08001470   0x00000070   Code   RO         5710    .text               c_w.l(_printf_oct_int_ll.o)
    0x080014e0   0x080014e0   0x0000001c   Code   RO         5729    .text               c_w.l(_chval.o)
    0x080014fc   0x080014fc   0x0000002c   Code   RO         5731    .text               c_w.l(scanf_char.o)
    0x08001528   0x08001528   0x00000040   Code   RO         5733    .text               c_w.l(_sgetc.o)
    0x08001568   0x08001568   0x00000008   Code   RO         5802    .text               c_w.l(rt_locale_intlibspace.o)
    0x08001570   0x08001570   0x0000008a   Code   RO         5809    .text               c_w.l(lludiv10.o)
    0x080015fa   0x080015fa   0x00000012   Code   RO         5811    .text               c_w.l(isspace.o)
    0x0800160c   0x0800160c   0x000002fc   Code   RO         5813    .text               c_w.l(_printf_fp_hex.o)
    0x08001908   0x08001908   0x00000080   Code   RO         5816    .text               c_w.l(_printf_fp_infnan.o)
    0x08001988   0x08001988   0x0000002c   Code   RO         5820    .text               c_w.l(_printf_wchar.o)
    0x080019b4   0x080019b4   0x00000374   Code   RO         5822    .text               c_w.l(_scanf.o)
    0x08001d28   0x08001d28   0x000000e4   Code   RO         5824    .text               c_w.l(bigflt0.o)
    0x08001e0c   0x08001e0c   0x00000008   Code   RO         5849    .text               c_w.l(ferror.o)
    0x08001e14   0x08001e14   0x00000040   Code   RO         5853    .text               c_w.l(_wcrtomb.o)
    0x08001e54   0x08001e54   0x00000008   Code   RO         5866    .text               c_w.l(libspace.o)
    0x08001e5c   0x08001e5c   0x0000004a   Code   RO         5869    .text               c_w.l(sys_stackheap_outer.o)
    0x08001ea6   0x08001ea6   0x00000002   PAD
    0x08001ea8   0x08001ea8   0x00000010   Code   RO         5871    .text               c_w.l(rt_ctype_table.o)
    0x08001eb8   0x08001eb8   0x00000012   Code   RO         5873    .text               c_w.l(exit.o)
    0x08001eca   0x08001eca   0x0000003e   Code   RO         5827    CL$$btod_d2e        c_w.l(btod.o)
    0x08001f08   0x08001f08   0x00000046   Code   RO         5829    CL$$btod_d2e_denorm_low  c_w.l(btod.o)
    0x08001f4e   0x08001f4e   0x00000060   Code   RO         5828    CL$$btod_d2e_norm_op1  c_w.l(btod.o)
    0x08001fae   0x08001fae   0x00000338   Code   RO         5837    CL$$btod_div_common  c_w.l(btod.o)
    0x080022e6   0x080022e6   0x000000dc   Code   RO         5834    CL$$btod_e2e        c_w.l(btod.o)
    0x080023c2   0x080023c2   0x0000002a   Code   RO         5831    CL$$btod_ediv       c_w.l(btod.o)
    0x080023ec   0x080023ec   0x0000002a   Code   RO         5830    CL$$btod_emul       c_w.l(btod.o)
    0x08002416   0x08002416   0x00000244   Code   RO         5836    CL$$btod_mult_common  c_w.l(btod.o)
    0x0800265a   0x0800265a   0x00000030   Code   RO         4962    i.AT24C128_EraseAll  eeprom_drive.o
    0x0800268a   0x0800268a   0x0000006c   Code   RO         4915    i.AT24C128_ReadBuffer  at24c64.o
    0x080026f6   0x080026f6   0x0000004e   Code   RO         4916    i.AT24C128_ReadByte  at24c64.o
    0x08002744   0x08002744   0x00000042   Code   RO         4917    i.AT24C128_WriteByte  at24c64.o
    0x08002786   0x08002786   0x0000006a   Code   RO         4918    i.AT24C128_WritePage  at24c64.o
    0x080027f0   0x080027f0   0x00000002   Code   RO          445    i.BusFault_Handler  stm32f1xx_it.o
    0x080027f2   0x080027f2   0x00000002   PAD
    0x080027f4   0x080027f4   0x0000000c   Code   RO         5473    i.Clear_Traffic     capture_traffic.o
    0x08002800   0x08002800   0x0000001c   Code   RO         5094    i.DTU_Clear         e4gdtu.o
    0x0800281c   0x0800281c   0x00000174   Code   RO         5095    i.DTU_Get_NTP_Time  e4gdtu.o
    0x08002990   0x08002990   0x00000384   Code   RO         5096    i.DTU_Init          e4gdtu.o
    0x08002d14   0x08002d14   0x000000ac   Code   RO         5097    i.DTU_IsConnected_MQTT  e4gdtu.o
    0x08002dc0   0x08002dc0   0x00000018   Code   RO         5098    i.DTU_OFF           e4gdtu.o
    0x08002dd8   0x08002dd8   0x00000020   Code   RO         5099    i.DTU_ON            e4gdtu.o
    0x08002df8   0x08002df8   0x00000038   Code   RO         5100    i.DTU_RESET         e4gdtu.o
    0x08002e30   0x08002e30   0x00000054   Code   RO         5101    i.DTU_SendCmd       e4gdtu.o
    0x08002e84   0x08002e84   0x0000000e   Code   RO         5102    i.DTU_Send_DataFloat  e4gdtu.o
    0x08002e92   0x08002e92   0x00000002   PAD
    0x08002e94   0x08002e94   0x00000128   Code   RO         5103    i.DTU_Send_DataFloat_Internal  e4gdtu.o
    0x08002fbc   0x08002fbc   0x00000024   Code   RO         5104    i.DTU_WaitRecive    e4gdtu.o
    0x08002fe0   0x08002fe0   0x00000002   Code   RO          446    i.DebugMon_Handler  stm32f1xx_it.o
    0x08002fe2   0x08002fe2   0x00000030   Code   RO         4539    i.DelayUs           delay.o
    0x08003012   0x08003012   0x00000006   Code   RO          447    i.EXTI0_IRQHandler  stm32f1xx_it.o
    0x08003018   0x08003018   0x00000006   Code   RO          448    i.EXTI1_IRQHandler  stm32f1xx_it.o
    0x0800301e   0x0800301e   0x00000004   Code   RO           13    i.Error_Handler     main.o
    0x08003022   0x08003022   0x00000002   PAD
    0x08003024   0x08003024   0x0000001c   Code   RO         5474    i.Get_Traffic       capture_traffic.o
    0x08003040   0x08003040   0x00000046   Code   RO         1983    i.HAL_DMA_Abort     stm32f1xx_hal_dma.o
    0x08003086   0x08003086   0x00000002   PAD
    0x08003088   0x08003088   0x00000098   Code   RO         1984    i.HAL_DMA_Abort_IT  stm32f1xx_hal_dma.o
    0x08003120   0x08003120   0x00000018   Code   RO         5475    i.HAL_GPIO_EXTI_Callback  capture_traffic.o
    0x08003138   0x08003138   0x00000018   Code   RO         1918    i.HAL_GPIO_EXTI_IRQHandler  stm32f1xx_hal_gpio.o
    0x08003150   0x08003150   0x000001cc   Code   RO         1919    i.HAL_GPIO_Init     stm32f1xx_hal_gpio.o
    0x0800331c   0x0800331c   0x0000000a   Code   RO         1921    i.HAL_GPIO_ReadPin  stm32f1xx_hal_gpio.o
    0x08003326   0x08003326   0x0000000a   Code   RO         1923    i.HAL_GPIO_WritePin  stm32f1xx_hal_gpio.o
    0x08003330   0x08003330   0x0000000c   Code   RO         1613    i.HAL_GetTick       stm32f1xx_hal.o
    0x0800333c   0x0800333c   0x0000005c   Code   RO         2579    i.HAL_IWDG_Init     stm32f1xx_hal_iwdg.o
    0x08003398   0x08003398   0x0000000c   Code   RO         2580    i.HAL_IWDG_Refresh  stm32f1xx_hal_iwdg.o
    0x080033a4   0x080033a4   0x00000010   Code   RO         1619    i.HAL_IncTick       stm32f1xx_hal.o
    0x080033b4   0x080033b4   0x00000024   Code   RO         1620    i.HAL_Init          stm32f1xx_hal.o
    0x080033d8   0x080033d8   0x0000008c   Code   RO          554    i.HAL_InitTick      stm32f1xx_hal_timebase_tim.o
    0x08003464   0x08003464   0x00000048   Code   RO          530    i.HAL_MspInit       stm32f1xx_hal_msp.o
    0x080034ac   0x080034ac   0x0000001a   Code   RO         2079    i.HAL_NVIC_EnableIRQ  stm32f1xx_hal_cortex.o
    0x080034c6   0x080034c6   0x00000002   PAD
    0x080034c8   0x080034c8   0x00000040   Code   RO         2085    i.HAL_NVIC_SetPriority  stm32f1xx_hal_cortex.o
    0x08003508   0x08003508   0x00000024   Code   RO         2086    i.HAL_NVIC_SetPriorityGrouping  stm32f1xx_hal_cortex.o
    0x0800352c   0x0800352c   0x0000000c   Code   RO         2201    i.HAL_PWR_EnableBkUpAccess  stm32f1xx_hal_pwr.o
    0x08003538   0x08003538   0x000000a4   Code   RO         1880    i.HAL_RCCEx_GetPeriphCLKFreq  stm32f1xx_hal_rcc_ex.o
    0x080035dc   0x080035dc   0x000000e8   Code   RO         1881    i.HAL_RCCEx_PeriphCLKConfig  stm32f1xx_hal_rcc_ex.o
    0x080036c4   0x080036c4   0x00000138   Code   RO         1777    i.HAL_RCC_ClockConfig  stm32f1xx_hal_rcc.o
    0x080037fc   0x080037fc   0x00000040   Code   RO         1781    i.HAL_RCC_GetClockConfig  stm32f1xx_hal_rcc.o
    0x0800383c   0x0800383c   0x00000020   Code   RO         1784    i.HAL_RCC_GetPCLK1Freq  stm32f1xx_hal_rcc.o
    0x0800385c   0x0800385c   0x00000020   Code   RO         1785    i.HAL_RCC_GetPCLK2Freq  stm32f1xx_hal_rcc.o
    0x0800387c   0x0800387c   0x0000004c   Code   RO         1786    i.HAL_RCC_GetSysClockFreq  stm32f1xx_hal_rcc.o
    0x080038c8   0x080038c8   0x00000318   Code   RO         1789    i.HAL_RCC_OscConfig  stm32f1xx_hal_rcc.o
    0x08003be0   0x08003be0   0x0000004e   Code   RO         2614    i.HAL_RTC_GetDate   stm32f1xx_hal_rtc.o
    0x08003c2e   0x08003c2e   0x000000d8   Code   RO         2616    i.HAL_RTC_GetTime   stm32f1xx_hal_rtc.o
    0x08003d06   0x08003d06   0x00000002   PAD
    0x08003d08   0x08003d08   0x00000094   Code   RO         2617    i.HAL_RTC_Init      stm32f1xx_hal_rtc.o
    0x08003d9c   0x08003d9c   0x00000034   Code   RO          347    i.HAL_RTC_MspInit   rtc.o
    0x08003dd0   0x08003dd0   0x000000c4   Code   RO         2623    i.HAL_RTC_SetDate   stm32f1xx_hal_rtc.o
    0x08003e94   0x08003e94   0x000000b0   Code   RO         2624    i.HAL_RTC_SetTime   stm32f1xx_hal_rtc.o
    0x08003f44   0x08003f44   0x0000003a   Code   RO         2625    i.HAL_RTC_WaitForSynchro  stm32f1xx_hal_rtc.o
    0x08003f7e   0x08003f7e   0x00000002   Code   RO         1335    i.HAL_TIMEx_BreakCallback  stm32f1xx_hal_tim_ex.o
    0x08003f80   0x08003f80   0x00000002   Code   RO         1336    i.HAL_TIMEx_CommutCallback  stm32f1xx_hal_tim_ex.o
    0x08003f82   0x08003f82   0x0000005a   Code   RO          631    i.HAL_TIM_Base_Init  stm32f1xx_hal_tim.o
    0x08003fdc   0x08003fdc   0x00000002   Code   RO          633    i.HAL_TIM_Base_MspInit  stm32f1xx_hal_tim.o
    0x08003fde   0x08003fde   0x00000002   PAD
    0x08003fe0   0x08003fe0   0x00000058   Code   RO          636    i.HAL_TIM_Base_Start_IT  stm32f1xx_hal_tim.o
    0x08004038   0x08004038   0x00000002   Code   RO          665    i.HAL_TIM_IC_CaptureCallback  stm32f1xx_hal_tim.o
    0x0800403a   0x0800403a   0x00000130   Code   RO          679    i.HAL_TIM_IRQHandler  stm32f1xx_hal_tim.o
    0x0800416a   0x0800416a   0x00000002   Code   RO          682    i.HAL_TIM_OC_DelayElapsedCallback  stm32f1xx_hal_tim.o
    0x0800416c   0x0800416c   0x00000002   Code   RO          709    i.HAL_TIM_PWM_PulseFinishedCallback  stm32f1xx_hal_tim.o
    0x0800416e   0x0800416e   0x00000002   PAD
    0x08004170   0x08004170   0x00000014   Code   RO           14    i.HAL_TIM_PeriodElapsedCallback  main.o
    0x08004184   0x08004184   0x00000002   Code   RO          722    i.HAL_TIM_TriggerCallback  stm32f1xx_hal_tim.o
    0x08004186   0x08004186   0x00000002   Code   RO         2893    i.HAL_UARTEx_RxEventCallback  stm32f1xx_hal_uart.o
    0x08004188   0x08004188   0x00000002   Code   RO         2907    i.HAL_UART_ErrorCallback  stm32f1xx_hal_uart.o
    0x0800418a   0x0800418a   0x00000002   PAD
    0x0800418c   0x0800418c   0x0000026c   Code   RO         2910    i.HAL_UART_IRQHandler  stm32f1xx_hal_uart.o
    0x080043f8   0x080043f8   0x00000064   Code   RO         2911    i.HAL_UART_Init     stm32f1xx_hal_uart.o
    0x0800445c   0x0800445c   0x000000d0   Code   RO          398    i.HAL_UART_MspInit  usart.o
    0x0800452c   0x0800452c   0x0000001c   Code   RO         2916    i.HAL_UART_Receive_IT  stm32f1xx_hal_uart.o
    0x08004548   0x08004548   0x00000040   Code   RO         5105    i.HAL_UART_RxCpltCallback  e4gdtu.o
    0x08004588   0x08004588   0x000000a0   Code   RO         2919    i.HAL_UART_Transmit  stm32f1xx_hal_uart.o
    0x08004628   0x08004628   0x00000002   Code   RO         2922    i.HAL_UART_TxCpltCallback  stm32f1xx_hal_uart.o
    0x0800462a   0x0800462a   0x00000002   Code   RO          449    i.HardFault_Handler  stm32f1xx_it.o
    0x0800462c   0x0800462c   0x00000010   Code   RO         4831    i.IIC_READ_SDA      i2c.o
    0x0800463c   0x0800463c   0x00000018   Code   RO         4832    i.IIC_SCL           i2c.o
    0x08004654   0x08004654   0x00000018   Code   RO         4833    i.IIC_SDA           i2c.o
    0x0800466c   0x0800466c   0x00000020   Code   RO         5434    i.Key_Check         key.o
    0x0800468c   0x0800468c   0x0000001c   Code   RO         5435    i.Key_GetState      key.o
    0x080046a8   0x080046a8   0x0000013c   Code   RO         5436    i.Key_Tick          key.o
    0x080047e4   0x080047e4   0x00000010   Code   RO         4602    i.LED_OFF           led.o
    0x080047f4   0x080047f4   0x00000010   Code   RO         4603    i.LED_ON            led.o
    0x08004804   0x08004804   0x00000030   Code   RO         4699    i.LED_Task          task.o
    0x08004834   0x08004834   0x000000e0   Code   RO          234    i.MX_FREERTOS_Init  freertos.o
    0x08004914   0x08004914   0x00000120   Code   RO          209    i.MX_GPIO_Init      gpio.o
    0x08004a34   0x08004a34   0x0000002c   Code   RO          316    i.MX_IWDG_Init      iwdg.o
    0x08004a60   0x08004a60   0x00000030   Code   RO          348    i.MX_RTC_Init       rtc.o
    0x08004a90   0x08004a90   0x00000038   Code   RO          399    i.MX_USART1_UART_Init  usart.o
    0x08004ac8   0x08004ac8   0x00000038   Code   RO          400    i.MX_USART3_UART_Init  usart.o
    0x08004b00   0x08004b00   0x00000002   Code   RO          450    i.MemManage_Handler  stm32f1xx_it.o
    0x08004b02   0x08004b02   0x00000002   Code   RO          451    i.NMI_Handler       stm32f1xx_it.o
    0x08004b04   0x08004b04   0x00000028   Code   RO         5184    i.OLED_Clear        oled.o
    0x08004b2c   0x08004b2c   0x00000054   Code   RO         5185    i.OLED_ClearArea    oled.o
    0x08004b80   0x08004b80   0x00000012   Code   RO         5193    i.OLED_GPIO_Init    oled.o
    0x08004b92   0x08004b92   0x0000003a   Code   RO         5195    i.OLED_I2C_SendByte  oled.o
    0x08004bcc   0x08004bcc   0x0000001e   Code   RO         5196    i.OLED_I2C_Start    oled.o
    0x08004bea   0x08004bea   0x00000018   Code   RO         5197    i.OLED_I2C_Stop     oled.o
    0x08004c02   0x08004c02   0x0000009c   Code   RO         5198    i.OLED_Init         oled.o
    0x08004c9e   0x08004c9e   0x0000002a   Code   RO         5201    i.OLED_Printf       oled.o
    0x08004cc8   0x08004cc8   0x00000022   Code   RO         5204    i.OLED_SetCursor    oled.o
    0x08004cea   0x08004cea   0x00000002   PAD
    0x08004cec   0x08004cec   0x0000003c   Code   RO         5206    i.OLED_ShowChar     oled.o
    0x08004d28   0x08004d28   0x000000b4   Code   RO         5209    i.OLED_ShowImage    oled.o
    0x08004ddc   0x08004ddc   0x000000e0   Code   RO         5212    i.OLED_ShowString   oled.o
    0x08004ebc   0x08004ebc   0x00000028   Code   RO         5213    i.OLED_Update       oled.o
    0x08004ee4   0x08004ee4   0x00000010   Code   RO         5215    i.OLED_W_SCL        oled.o
    0x08004ef4   0x08004ef4   0x00000010   Code   RO         5216    i.OLED_W_SDA        oled.o
    0x08004f04   0x08004f04   0x00000022   Code   RO         5217    i.OLED_WriteCommand  oled.o
    0x08004f26   0x08004f26   0x00000030   Code   RO         5218    i.OLED_WriteData    oled.o
    0x08004f56   0x08004f56   0x00000002   PAD
    0x08004f58   0x08004f58   0x000001ac   Code   RO         4700    i.ProcesData_Task   task.o
    0x08005104   0x08005104   0x00000012   Code   RO         2626    i.RTC_Bcd2ToByte    stm32f1xx_hal_rtc.o
    0x08005116   0x08005116   0x00000016   Code   RO         2627    i.RTC_ByteToBcd2    stm32f1xx_hal_rtc.o
    0x0800512c   0x0800512c   0x000000ae   Code   RO         2628    i.RTC_DateUpdate    stm32f1xx_hal_rtc.o
    0x080051da   0x080051da   0x00000034   Code   RO         2629    i.RTC_EnterInitMode  stm32f1xx_hal_rtc.o
    0x0800520e   0x0800520e   0x00000034   Code   RO         2630    i.RTC_ExitInitMode  stm32f1xx_hal_rtc.o
    0x08005242   0x08005242   0x00000002   PAD
    0x08005244   0x08005244   0x00000058   Code   RO         4778    i.RTC_GET_TIME      myrtc.o
    0x0800529c   0x0800529c   0x0000000e   Code   RO         2631    i.RTC_ReadAlarmCounter  stm32f1xx_hal_rtc.o
    0x080052aa   0x080052aa   0x00000020   Code   RO         2632    i.RTC_ReadTimeCounter  stm32f1xx_hal_rtc.o
    0x080052ca   0x080052ca   0x00000002   PAD
    0x080052cc   0x080052cc   0x0000005c   Code   RO         4779    i.RTC_SET_TIME      myrtc.o
    0x08005328   0x08005328   0x00000056   Code   RO         2633    i.RTC_WeekDayNum    stm32f1xx_hal_rtc.o
    0x0800537e   0x0800537e   0x00000028   Code   RO         2634    i.RTC_WriteAlarmCounter  stm32f1xx_hal_rtc.o
    0x080053a6   0x080053a6   0x00000028   Code   RO         2635    i.RTC_WriteTimeCounter  stm32f1xx_hal_rtc.o
    0x080053ce   0x080053ce   0x00000008   Code   RO          236    i.StartDefaultTask  freertos.o
    0x080053d6   0x080053d6   0x00000002   PAD
    0x080053d8   0x080053d8   0x0000011c   Code   RO         4701    i.StorageData_Task  task.o
    0x080054f4   0x080054f4   0x0000002c   Code   RO         4460    i.SysTick_Handler   port.o
    0x08005520   0x08005520   0x00000082   Code   RO           15    i.SystemClock_Config  main.o
    0x080055a2   0x080055a2   0x00000002   Code   RO         3245    i.SystemInit        system_stm32f1xx.o
    0x080055a4   0x080055a4   0x00000014   Code   RO          452    i.TIM1_UP_IRQHandler  stm32f1xx_it.o
    0x080055b8   0x080055b8   0x00000078   Code   RO          724    i.TIM_Base_SetConfig  stm32f1xx_hal_tim.o
    0x08005630   0x08005630   0x00000010   Code   RO         2924    i.UART_DMAAbortOnError  stm32f1xx_hal_uart.o
    0x08005640   0x08005640   0x0000004e   Code   RO         2934    i.UART_EndRxTransfer  stm32f1xx_hal_uart.o
    0x0800568e   0x0800568e   0x000000c2   Code   RO         2936    i.UART_Receive_IT   stm32f1xx_hal_uart.o
    0x08005750   0x08005750   0x000000b8   Code   RO         2937    i.UART_SetConfig    stm32f1xx_hal_uart.o
    0x08005808   0x08005808   0x00000036   Code   RO         2939    i.UART_Start_Receive_IT  stm32f1xx_hal_uart.o
    0x0800583e   0x0800583e   0x00000070   Code   RO         2940    i.UART_WaitOnFlagUntilTimeout  stm32f1xx_hal_uart.o
    0x080058ae   0x080058ae   0x00000002   PAD
    0x080058b0   0x080058b0   0x0000000c   Code   RO          453    i.USART3_IRQHandler  stm32f1xx_it.o
    0x080058bc   0x080058bc   0x0000021c   Code   RO         4702    i.UploadData_Task   task.o
    0x08005ad8   0x08005ad8   0x00000002   Code   RO          454    i.UsageFault_Handler  stm32f1xx_it.o
    0x08005ada   0x08005ada   0x00000028   Code   RO         5862    i.__ARM_fpclassify  m_ws.l(fpclassify.o)
    0x08005b02   0x08005b02   0x00000020   Code   RO         2092    i.__NVIC_SetPriority  stm32f1xx_hal_cortex.o
    0x08005b22   0x08005b22   0x0000000e   Code   RO         5567    i._is_digit         c_w.l(__printf_wp.o)
    0x08005b30   0x08005b30   0x00000002   Code   RO         4639    i._sys_exit         printf.o
    0x08005b32   0x08005b32   0x00000020   Code   RO         4780    i.convert_to_timestamp  myrtc.o
    0x08005b52   0x08005b52   0x00000012   Code   RO         4965    i.data_index_to_addr  eeprom_drive.o
    0x08005b64   0x08005b64   0x00000004   Code   RO         4540    i.delay_ms          delay.o
    0x08005b68   0x08005b68   0x00000004   Code   RO         4541    i.delay_us          delay.o
    0x08005b6c   0x08005b6c   0x00000078   Code   RO         4966    i.eeprom_Drive_Init  eeprom_drive.o
    0x08005be4   0x08005be4   0x00000068   Code   RO         4968    i.eeprom_increment_counter  eeprom_drive.o
    0x08005c4c   0x08005c4c   0x00000044   Code   RO         4969    i.eeprom_read_counter  eeprom_drive.o
    0x08005c90   0x08005c90   0x00000018   Code   RO         4641    i.fputc             printf.o
    0x08005ca8   0x08005ca8   0x0000000c   Code   RO         4972    i.get_Data_Page_Count  eeprom_drive.o
    0x08005cb4   0x08005cb4   0x000000c8   Code   RO         4781    i.get_compile_timestamp  myrtc.o
    0x08005d7c   0x08005d7c   0x00000036   Code   RO         4834    i.iic_ack           i2c.o
    0x08005db2   0x08005db2   0x00000018   Code   RO         4835    i.iic_init          i2c.o
    0x08005dca   0x08005dca   0x0000002a   Code   RO         4836    i.iic_nack          i2c.o
    0x08005df4   0x08005df4   0x00000046   Code   RO         4837    i.iic_read_byte     i2c.o
    0x08005e3a   0x08005e3a   0x0000003a   Code   RO         4838    i.iic_send_byte     i2c.o
    0x08005e74   0x08005e74   0x00000030   Code   RO         4839    i.iic_start         i2c.o
    0x08005ea4   0x08005ea4   0x0000002a   Code   RO         4840    i.iic_stop          i2c.o
    0x08005ece   0x08005ece   0x0000004c   Code   RO         4841    i.iic_wait_ack      i2c.o
    0x08005f1a   0x08005f1a   0x00000002   PAD
    0x08005f1c   0x08005f1c   0x00000028   Code   RO         4973    i.is_data_used      eeprom_drive.o
    0x08005f44   0x08005f44   0x00000026   Code   RO           16    i.main              main.o
    0x08005f6a   0x08005f6a   0x0000000c   Code   RO         4025    i.makeFreeRtosPriority  cmsis_os.o
    0x08005f76   0x08005f76   0x00000002   PAD
    0x08005f78   0x08005f78   0x000001ac   Code   RO         4703    i.oled_Task         task.o
    0x08006124   0x08006124   0x0000000e   Code   RO         4027    i.osDelay           cmsis_os.o
    0x08006132   0x08006132   0x0000000a   Code   RO         4030    i.osKernelStart     cmsis_os.o
    0x0800613c   0x0800613c   0x00000008   Code   RO         4039    i.osMessageCreate   cmsis_os.o
    0x08006144   0x08006144   0x0000002e   Code   RO         4064    i.osThreadCreate    cmsis_os.o
    0x08006172   0x08006172   0x00000002   PAD
    0x08006174   0x08006174   0x000000ec   Code   RO         4974    i.print_All_Data_Pages  eeprom_drive.o
    0x08006260   0x08006260   0x00000070   Code   RO         3713    i.prvAddCurrentTaskToDelayedList  tasks.o
    0x080062d0   0x080062d0   0x000000d0   Code   RO         3714    i.prvAddNewTaskToReadyList  tasks.o
    0x080063a0   0x080063a0   0x00000026   Code   RO         3417    i.prvCopyDataFromQueue  queue.o
    0x080063c6   0x080063c6   0x0000006c   Code   RO         3418    i.prvCopyDataToQueue  queue.o
    0x08006432   0x08006432   0x00000014   Code   RO         3715    i.prvDeleteTCB      tasks.o
    0x08006446   0x08006446   0x00000002   PAD
    0x08006448   0x08006448   0x0000004c   Code   RO         4392    i.prvHeapInit       heap_4.o
    0x08006494   0x08006494   0x0000005c   Code   RO         3716    i.prvIdleTask       tasks.o
    0x080064f0   0x080064f0   0x00000098   Code   RO         3717    i.prvInitialiseNewTask  tasks.o
    0x08006588   0x08006588   0x0000004c   Code   RO         4393    i.prvInsertBlockIntoFreeList  heap_4.o
    0x080065d4   0x080065d4   0x0000001a   Code   RO         3419    i.prvIsQueueEmpty   queue.o
    0x080065ee   0x080065ee   0x00000002   PAD
    0x080065f0   0x080065f0   0x00000020   Code   RO         3718    i.prvResetNextTaskUnblockTime  tasks.o
    0x08006610   0x08006610   0x00000028   Code   RO         4461    i.prvTaskExitError  port.o
    0x08006638   0x08006638   0x0000006a   Code   RO         3420    i.prvUnlockQueue    queue.o
    0x080066a2   0x080066a2   0x00000002   PAD
    0x080066a4   0x080066a4   0x000000dc   Code   RO         4394    i.pvPortMalloc      heap_4.o
    0x08006780   0x08006780   0x00000024   Code   RO         4462    i.pxPortInitialiseStack  port.o
    0x080067a4   0x080067a4   0x00000160   Code   RO         4975    i.read_Oil_Data     eeprom_drive.o
    0x08006904   0x08006904   0x00000094   Code   RO         4976    i.record_Oil        eeprom_drive.o
    0x08006998   0x08006998   0x00000028   Code   RO         4977    i.set_data_status   eeprom_drive.o
    0x080069c0   0x080069c0   0x00000026   Code   RO         3377    i.uxListRemove      list.o
    0x080069e6   0x080069e6   0x00000028   Code   RO         3423    i.uxQueueSpacesAvailable  queue.o
    0x08006a0e   0x08006a0e   0x00000016   Code   RO         3378    i.vListInitialise   list.o
    0x08006a24   0x08006a24   0x00000006   Code   RO         3379    i.vListInitialiseItem  list.o
    0x08006a2a   0x08006a2a   0x00000030   Code   RO         3380    i.vListInsert       list.o
    0x08006a5a   0x08006a5a   0x00000018   Code   RO         3381    i.vListInsertEnd    list.o
    0x08006a72   0x08006a72   0x00000002   PAD
    0x08006a74   0x08006a74   0x00000040   Code   RO         4464    i.vPortEnterCritical  port.o
    0x08006ab4   0x08006ab4   0x00000028   Code   RO         4465    i.vPortExitCritical  port.o
    0x08006adc   0x08006adc   0x00000064   Code   RO         4395    i.vPortFree         heap_4.o
    0x08006b40   0x08006b40   0x00000024   Code   RO         4466    i.vPortSetupTimerInterrupt  port.o
    0x08006b64   0x08006b64   0x00000054   Code   RO         4467    i.vPortValidateInterruptPriority  port.o
    0x08006bb8   0x08006bb8   0x0000004c   Code   RO         3727    i.vTaskDelay        tasks.o
    0x08006c04   0x08006c04   0x00000010   Code   RO         3730    i.vTaskInternalSetTimeOutState  tasks.o
    0x08006c14   0x08006c14   0x0000000c   Code   RO         3731    i.vTaskMissedYield  tasks.o
    0x08006c20   0x08006c20   0x00000030   Code   RO         3733    i.vTaskPlaceOnEventList  tasks.o
    0x08006c50   0x08006c50   0x00000068   Code   RO         3740    i.vTaskStartScheduler  tasks.o
    0x08006cb8   0x08006cb8   0x00000010   Code   RO         3742    i.vTaskSuspendAll   tasks.o
    0x08006cc8   0x08006cc8   0x0000005c   Code   RO         3743    i.vTaskSwitchContext  tasks.o
    0x08006d24   0x08006d24   0x00000016   Code   RO         4978    i.x24Cxx_Read_float  eeprom_drive.o
    0x08006d3a   0x08006d3a   0x0000001c   Code   RO         4979    i.x24Cxx_Write_float  eeprom_drive.o
    0x08006d56   0x08006d56   0x00000002   PAD
    0x08006d58   0x08006d58   0x000000a8   Code   RO         4468    i.xPortStartScheduler  port.o
    0x08006e00   0x08006e00   0x00000042   Code   RO         3428    i.xQueueGenericCreate  queue.o
    0x08006e42   0x08006e42   0x00000002   PAD
    0x08006e44   0x08006e44   0x00000088   Code   RO         3429    i.xQueueGenericReset  queue.o
    0x08006ecc   0x08006ecc   0x00000164   Code   RO         3430    i.xQueueGenericSend  queue.o
    0x08007030   0x08007030   0x00000138   Code   RO         3437    i.xQueueReceive     queue.o
    0x08007168   0x08007168   0x00000074   Code   RO         3745    i.xTaskCheckForTimeOut  tasks.o
    0x080071dc   0x080071dc   0x00000056   Code   RO         3746    i.xTaskCreate       tasks.o
    0x08007232   0x08007232   0x00000002   PAD
    0x08007234   0x08007234   0x00000104   Code   RO         3748    i.xTaskGenericNotifyFromISR  tasks.o
    0x08007338   0x08007338   0x0000001c   Code   RO         3750    i.xTaskGetSchedulerState  tasks.o
    0x08007354   0x08007354   0x000000cc   Code   RO         3753    i.xTaskIncrementTick  tasks.o
    0x08007420   0x08007420   0x0000008c   Code   RO         3755    i.xTaskNotifyWait   tasks.o
    0x080074ac   0x080074ac   0x00000098   Code   RO         3756    i.xTaskPriorityDisinherit  tasks.o
    0x08007544   0x08007544   0x00000074   Code   RO         3758    i.xTaskRemoveFromEventList  tasks.o
    0x080075b8   0x080075b8   0x000000c4   Code   RO         3759    i.xTaskResumeAll    tasks.o
    0x0800767c   0x0800767c   0x0000002c   Code   RO         5856    locale$$code        c_w.l(lc_numeric_c.o)
    0x080076a8   0x080076a8   0x0000002c   Code   RO         5931    locale$$code        c_w.l(lc_ctype_c.o)
    0x080076d4   0x080076d4   0x00000062   Code   RO         5618    x$fpl$d2f           fz_ws.l(d2f.o)
    0x08007736   0x08007736   0x00000026   Code   RO         5638    x$fpl$dfltu         fz_ws.l(dflt_clz.o)
    0x0800775c   0x0800775c   0x00000154   Code   RO         5646    x$fpl$dmul          fz_ws.l(dmul.o)
    0x080078b0   0x080078b0   0x0000009c   Code   RO         5738    x$fpl$dnaninf       fz_ws.l(dnaninf.o)
    0x0800794c   0x0800794c   0x0000000c   Code   RO         5740    x$fpl$dretinf       fz_ws.l(dretinf.o)
    0x08007958   0x08007958   0x00000056   Code   RO         5650    x$fpl$f2d           fz_ws.l(f2d.o)
    0x080079ae   0x080079ae   0x00000002   PAD
    0x080079b0   0x080079b0   0x000000c4   Code   RO         5652    x$fpl$fadd          fz_ws.l(faddsub_clz.o)
    0x08007a74   0x08007a74   0x00000018   Code   RO         5744    x$fpl$fcmpinf       fz_ws.l(fcmpi.o)
    0x08007a8c   0x08007a8c   0x00000068   Code   RO         5658    x$fpl$feqf          fz_ws.l(feqf.o)
    0x08007af4   0x08007af4   0x00000068   Code   RO         5746    x$fpl$fleqf         fz_ws.l(fleqf.o)
    0x08007b5c   0x08007b5c   0x0000008c   Code   RO         5748    x$fpl$fnaninf       fz_ws.l(fnaninf.o)
    0x08007be8   0x08007be8   0x0000000a   Code   RO         5750    x$fpl$fretinf       fz_ws.l(fretinf.o)
    0x08007bf2   0x08007bf2   0x00000062   Code   RO         5666    x$fpl$frleqf        fz_ws.l(frleqf.o)
    0x08007c54   0x08007c54   0x000000ea   Code   RO         5654    x$fpl$fsub          fz_ws.l(faddsub_clz.o)
    0x08007d3e   0x08007d3e   0x00000004   Code   RO         5668    x$fpl$printf1       fz_ws.l(printf1.o)
    0x08007d42   0x08007d42   0x00000004   Code   RO         5752    x$fpl$printf2       fz_ws.l(printf2.o)
    0x08007d46   0x08007d46   0x00000000   Code   RO         5758    x$fpl$usenofp       fz_ws.l(usenofp.o)
    0x08007d46   0x08007d46   0x00000002   PAD
    0x08007d48   0x08007d48   0x00000098   Data   RO          240    .constdata          freertos.o
    0x08007de0   0x08007de0   0x00000012   Data   RO         1790    .constdata          stm32f1xx_hal_rcc.o
    0x08007df2   0x08007df2   0x00000012   Data   RO         1882    .constdata          stm32f1xx_hal_rcc_ex.o
    0x08007e04   0x08007e04   0x00000010   Data   RO         3246    .constdata          system_stm32f1xx.o
    0x08007e14   0x08007e14   0x00000008   Data   RO         3247    .constdata          system_stm32f1xx.o
    0x08007e1c   0x08007e1c   0x00000030   Data   RO         4783    .constdata          myrtc.o
    0x08007e4c   0x08007e4c   0x000005f0   Data   RO         5416    .constdata          oled_data.o
    0x0800843c   0x0800843c   0x0000023a   Data   RO         5417    .constdata          oled_data.o
    0x08008676   0x08008676   0x000000f5   Data   RO         5418    .constdata          oled_data.o
    0x0800876b   0x0800876b   0x00000028   Data   RO         5555    .constdata          c_w.l(_printf_hex_int_ll_ptr.o)
    0x08008793   0x08008793   0x00000011   Data   RO         5575    .constdata          c_w.l(__printf_flags_ss_wp.o)
    0x080087a4   0x080087a4   0x00000008   Data   RO         5702    .constdata          c_w.l(_printf_wctomb.o)
    0x080087ac   0x080087ac   0x0000000c   Data   RO         5735    .constdata          c_w.l(_monlen.o)
    0x080087b8   0x080087b8   0x00000026   Data   RO         5814    .constdata          c_w.l(_printf_fp_hex.o)
    0x080087de   0x080087de   0x00000002   PAD
    0x080087e0   0x080087e0   0x00000094   Data   RO         5825    .constdata          c_w.l(bigflt0.o)
    0x08008874   0x08008874   0x00000050   Data   RO          241    .conststring        freertos.o
    0x080088c4   0x080088c4   0x00000030   Data   RO         4784    .conststring        myrtc.o
    0x080088f4   0x080088f4   0x00000020   Data   RO         6005    Region$$Table       anon$$obj.o
    0x08008914   0x08008914   0x0000001c   Data   RO         5855    locale$$data        c_w.l(lc_numeric_c.o)
    0x08008930   0x08008930   0x00000110   Data   RO         5930    locale$$data        c_w.l(lc_ctype_c.o)


    Execution Region RW_IRAM1 (Exec base: 0x20000000, Load base: 0x08008a40, Size: 0x00003f98, Max: 0x00005000, ABSOLUTE)

    Exec Addr    Load Addr    Size         Type   Attr      Idx    E Section Name        Object

    0x20000000   0x08008a40   0x00000028   Data   RW          242    .data               freertos.o
    0x20000028   0x08008a68   0x0000000c   Data   RW         1627    .data               stm32f1xx_hal.o
    0x20000034   0x08008a74   0x00000004   Data   RW         3248    .data               system_stm32f1xx.o
    0x20000038   0x08008a78   0x0000003c   Data   RW         3762    .data               tasks.o
    0x20000074   0x08008ab4   0x00000020   Data   RW         4401    .data               heap_4.o
    0x20000094   0x08008ad4   0x0000000c   Data   RW         4469    .data               port.o
    0x200000a0   0x08008ae0   0x00000004   Data   RW         4643    .data               printf.o
    0x200000a4   0x08008ae4   0x00000001   Data   RW         4704    .data               task.o
    0x200000a5   0x08008ae5   0x00000003   PAD
    0x200000a8   0x08008ae8   0x00000008   Data   RW         4981    .data               eeprom_drive.o
    0x200000b0   0x08008af0   0x00000006   Data   RW         5107    .data               e4gdtu.o
    0x200000b6   0x08008af6   0x00000008   Data   RW         5437    .data               key.o
    0x200000be   0x08008afe   0x00000002   PAD
    0x200000c0   0x08008b00   0x00000010   Data   RW         5476    .data               capture_traffic.o
    0x200000d0        -       0x0000000c   Zero   RW          317    .bss                iwdg.o
    0x200000dc        -       0x00000014   Zero   RW          349    .bss                rtc.o
    0x200000f0        -       0x00000090   Zero   RW          401    .bss                usart.o
    0x20000180        -       0x00000048   Zero   RW          557    .bss                stm32f1xx_hal_timebase_tim.o
    0x200001c8        -       0x000000f0   Zero   RW         3761    .bss                tasks.o
    0x200002b8        -       0x00003000   Zero   RW         4400    .bss                heap_4.o
    0x200032b8        -       0x000000fc   Zero   RW         4980    .bss                eeprom_drive.o
    0x200033b4        -       0x00000180   Zero   RW         5106    .bss                e4gdtu.o
    0x20003534        -       0x00000400   Zero   RW         5220    .bss                oled.o
    0x20003934        -       0x00000060   Zero   RW         5867    .bss                c_w.l(libspace.o)
    0x20003994   0x08008b10   0x00000004   PAD
    0x20003998        -       0x00000200   Zero   RW            2    HEAP                startup_stm32f103xb.o
    0x20003b98        -       0x00000400   Zero   RW            1    STACK               startup_stm32f103xb.o


==============================================================================

Image component sizes


      Code (inc. data)   RO Data    RW Data    ZI Data      Debug   Object Name

       358          0          0          0          0       3247   at24c64.o
        64         16          0         16          0       2115   capture_traffic.o
        90          0          0          0          0      13631   cmsis_os.o
        56          0          0          0          0       2723   delay.o
      2078        834          0          6        384       8592   e4gdtu.o
      1236        300          0          8        252      10991   eeprom_drive.o
         0          0          0          0          0      10900   event_groups.o
       232          8        232         40          0       3634   freertos.o
       288         16          0          0          0       1055   gpio.o
       472         24          0         32      12288       7535   heap_4.o
       478         18          0          0          0       6177   i2c.o
        44          8          0          0         12        735   iwdg.o
       376         18          0          8          0       2713   key.o
        32         12          0          0          0        799   led.o
       138          0          0          0          0       3510   list.o
       192          6          0          0          0     456416   main.o
       412         62         96          0          0       3217   myrtc.o
      1104         52          0          0       1024      11502   oled.o
         0          0       2335          0          0       1150   oled_data.o
       662         68          0         12          0      11245   port.o
        26          6          0          4          0       2858   printf.o
      1188         14          0          0          0      13824   queue.o
       100         22          0          0         20       1591   rtc.o
        64         26        236          0       1536        824   startup_stm32f103xb.o
        64         14          0         12          0       4726   stm32f1xx_hal.o
       158         14          0          0          0      28250   stm32f1xx_hal_cortex.o
       222          4          0          0          0       1815   stm32f1xx_hal_dma.o
       504         40          0          0          0       4138   stm32f1xx_hal_gpio.o
       104          0          0          0          0       1903   stm32f1xx_hal_iwdg.o
        72         10          0          0          0        898   stm32f1xx_hal_msp.o
        12          4          0          0          0        527   stm32f1xx_hal_pwr.o
      1308         94         18          0          0       5997   stm32f1xx_hal_rcc.o
       396         28         18          0          0       2601   stm32f1xx_hal_rcc_ex.o
      1402         14          0          0          0      13104   stm32f1xx_hal_rtc.o
       612         24          0          0          0       7500   stm32f1xx_hal_tim.o
         4          0          0          0          0       1677   stm32f1xx_hal_tim_ex.o
       140         22          0          0         72       1471   stm32f1xx_hal_timebase_tim.o
      1552         10          0          0          0      11232   stm32f1xx_hal_uart.o
        56         10          0          0          0       4520   stm32f1xx_it.o
         2          0         24          4          0       1163   system_stm32f1xx.o
      1728        752          0          1          0       3967   task.o
      2278        174          0         60        240      25936   tasks.o
       320         38          0          0        144       2447   usart.o

    ----------------------------------------------------------------------
     20676       2762       2991        208      15972     704856   Object Totals
         0          0         32          0          0          0   (incl. Generated)
        52          0          0          5          0          0   (incl. Padding)

    ----------------------------------------------------------------------

      Code (inc. data)   RO Data    RW Data    ZI Data      Debug   Library Member Name

        60          8          0          0          0         84   __0sscanf.o
        24          4          0          0          0         84   __2printf.o
        44          6          0          0          0         84   __2sprintf.o
         8          0          0          0          0         68   __main.o
       392          4         17          0          0         92   __printf_flags_ss_wp.o
        14          0          0          0          0         68   __printf_wp.o
         0          0          0          0          0          0   __rtentry.o
        12          0          0          0          0          0   __rtentry2.o
         6          0          0          0          0          0   __rtentry4.o
        52          8          0          0          0          0   __scatter.o
        26          0          0          0          0          0   __scatter_copy.o
        28          0          0          0          0          0   __scatter_zi.o
        28          0          0          0          0         68   _chval.o
         0          0         12          0          0          0   _monlen.o
         6          0          0          0          0          0   _printf_a.o
         6          0          0          0          0          0   _printf_c.o
        44          0          0          0          0        108   _printf_char.o
        48          6          0          0          0         96   _printf_char_common.o
        36          4          0          0          0         80   _printf_char_file.o
        40          0          0          0          0         68   _printf_charcount.o
         6          0          0          0          0          0   _printf_d.o
       120         16          0          0          0         92   _printf_dec.o
         6          0          0          0          0          0   _printf_e.o
         6          0          0          0          0          0   _printf_f.o
      1054          0          0          0          0        216   _printf_fp_dec.o
       764          8         38          0          0        100   _printf_fp_hex.o
       128         16          0          0          0         84   _printf_fp_infnan.o
         6          0          0          0          0          0   _printf_g.o
       148          4         40          0          0        160   _printf_hex_int_ll_ptr.o
         6          0          0          0          0          0   _printf_i.o
       178          0          0          0          0         88   _printf_intcommon.o
        10          0          0          0          0          0   _printf_l.o
         6          0          0          0          0          0   _printf_lc.o
        10          0          0          0          0          0   _printf_ll.o
         6          0          0          0          0          0   _printf_lld.o
         6          0          0          0          0          0   _printf_lli.o
         6          0          0          0          0          0   _printf_llo.o
         6          0          0          0          0          0   _printf_llu.o
         6          0          0          0          0          0   _printf_llx.o
       124         16          0          0          0         92   _printf_longlong_dec.o
         6          0          0          0          0          0   _printf_ls.o
         6          0          0          0          0          0   _printf_n.o
         6          0          0          0          0          0   _printf_o.o
       112         10          0          0          0        124   _printf_oct_int_ll.o
         6          0          0          0          0          0   _printf_p.o
        78          0          0          0          0        108   _printf_pad.o
         0          0          0          0          0          0   _printf_percent.o
         4          0          0          0          0          0   _printf_percent_end.o
         6          0          0          0          0          0   _printf_s.o
        82          0          0          0          0         80   _printf_str.o
        36          0          0          0          0         84   _printf_truncate.o
         6          0          0          0          0          0   _printf_u.o
        44          0          0          0          0        108   _printf_wchar.o
       188          6          8          0          0         92   _printf_wctomb.o
         6          0          0          0          0          0   _printf_x.o
       884          6          0          0          0        100   _scanf.o
       332          0          0          0          0         96   _scanf_int.o
       224          0          0          0          0         96   _scanf_str.o
        64          0          0          0          0         84   _sgetc.o
        10          0          0          0          0         68   _sputc.o
        64          0          0          0          0         92   _wcrtomb.o
        16          0          0          0          0         68   aeabi_memset.o
       228          4        148          0          0         96   bigflt0.o
      1936        128          0          0          0        672   btod.o
        18          0          0          0          0         80   exit.o
         8          0          0          0          0         68   ferror.o
         6          0          0          0          0        152   heapauxi.o
        18          0          0          0          0         76   isspace.o
        44         10        272          0          0         76   lc_ctype_c.o
        44         10         28          0          0         76   lc_numeric_c.o
         2          0          0          0          0          0   libinit.o
        30          0          0          0          0          0   libinit2.o
         2          0          0          0          0          0   libshutdown.o
         2          0          0          0          0          0   libshutdown2.o
         8          4          0          0         96         68   libspace.o
       138          0          0          0          0         80   lludiv10.o
       428         10          0          0          0        116   mktime.o
        16          4          0          0          0         76   rt_ctype_table.o
         8          4          0          0          0         68   rt_locale_intlibspace.o
        68          0          0          0          0         68   rt_memclr.o
        78          0          0          0          0         80   rt_memclr_w.o
       138          0          0          0          0         68   rt_memcpy_v6.o
       100          0          0          0          0         80   rt_memcpy_w.o
         2          0          0          0          0          0   rtexit.o
        10          0          0          0          0          0   rtexit2.o
        44          8          0          0          0         84   scanf_char.o
       128          0          0          0          0         68   strcmpv7m.o
        62          0          0          0          0         76   strlen.o
        86          0          0          0          0         76   strncpy.o
        36          0          0          0          0         80   strstr.o
        74          0          0          0          0         80   sys_stackheap_outer.o
         2          0          0          0          0         68   use_no_semi.o
         2          0          0          0          0         68   use_no_semi_2.o
        36          4          0          0          0         76   vsprintf.o
        98          4          0          0          0         92   d2f.o
        38          0          0          0          0         68   dflt_clz.o
       340         12          0          0          0        104   dmul.o
       156          4          0          0          0         92   dnaninf.o
        12          0          0          0          0         68   dretinf.o
        86          4          0          0          0         84   f2d.o
       430          8          0          0          0        168   faddsub_clz.o
        24          0          0          0          0         68   fcmpi.o
       104          4          0          0          0         84   feqf.o
       104          4          0          0          0         84   fleqf.o
       140          4          0          0          0         84   fnaninf.o
        10          0          0          0          0         68   fretinf.o
        98          0          0          0          0         68   frleqf.o
         4          0          0          0          0         68   printf1.o
         4          0          0          0          0         68   printf2.o
         0          0          0          0          0          0   usenofp.o
        40          0          0          0          0         68   fpclassify.o

    ----------------------------------------------------------------------
     11160        352        565          0        100       6944   Library Totals
        14          0          2          0          4          0   (incl. Padding)

    ----------------------------------------------------------------------

      Code (inc. data)   RO Data    RW Data    ZI Data      Debug   Library Name

      9458        308        563          0         96       5608   c_w.l
      1648         44          0          0          0       1268   fz_ws.l
        40          0          0          0          0         68   m_ws.l

    ----------------------------------------------------------------------
     11160        352        565          0        100       6944   Library Totals

    ----------------------------------------------------------------------

==============================================================================


      Code (inc. data)   RO Data    RW Data    ZI Data      Debug   

     31836       3114       3556        208      16072     696404   Grand Totals
     31836       3114       3556        208      16072     696404   ELF Image Totals
     31836       3114       3556        208          0          0   ROM Totals

==============================================================================

    Total RO  Size (Code + RO Data)                35392 (  34.56kB)
    Total RW  Size (RW Data + ZI Data)             16280 (  15.90kB)
    Total ROM Size (Code + RO Data + RW Data)      35600 (  34.77kB)

==============================================================================

