Component: ARM Compiler 5.06 update 6 (build 750) Tool: armlink [4d35ed]

==============================================================================

Section Cross References

    startup_stm32f103xb.o(STACK) refers (Special) to heapauxi.o(.text) for __use_two_region_memory
    startup_stm32f103xb.o(HEAP) refers (Special) to heapauxi.o(.text) for __use_two_region_memory
    startup_stm32f103xb.o(RESET) refers (Special) to heapauxi.o(.text) for __use_two_region_memory
    startup_stm32f103xb.o(RESET) refers to startup_stm32f103xb.o(STACK) for __initial_sp
    startup_stm32f103xb.o(RESET) refers to startup_stm32f103xb.o(.text) for Reset_Handler
    startup_stm32f103xb.o(RESET) refers to stm32f1xx_it.o(i.NMI_Handler) for NMI_Handler
    startup_stm32f103xb.o(RESET) refers to stm32f1xx_it.o(.emb_text) for HardFault_Handler
    startup_stm32f103xb.o(RESET) refers to stm32f1xx_it.o(i.MemManage_Handler) for MemManage_Handler
    startup_stm32f103xb.o(RESET) refers to stm32f1xx_it.o(i.BusFault_Handler) for BusFault_Handler
    startup_stm32f103xb.o(RESET) refers to stm32f1xx_it.o(i.UsageFault_Handler) for UsageFault_Handler
    startup_stm32f103xb.o(RESET) refers to port.o(.emb_text) for SVC_Handler
    startup_stm32f103xb.o(RESET) refers to stm32f1xx_it.o(i.DebugMon_Handler) for DebugMon_Handler
    startup_stm32f103xb.o(RESET) refers to port.o(i.SysTick_Handler) for SysTick_Handler
    startup_stm32f103xb.o(RESET) refers to stm32f1xx_it.o(i.TIM1_UP_IRQHandler) for TIM1_UP_IRQHandler
    startup_stm32f103xb.o(RESET) refers to stm32f1xx_it.o(i.USART3_IRQHandler) for USART3_IRQHandler
    startup_stm32f103xb.o(.text) refers (Special) to heapauxi.o(.text) for __use_two_region_memory
    startup_stm32f103xb.o(.text) refers to system_stm32f1xx.o(i.SystemInit) for SystemInit
    startup_stm32f103xb.o(.text) refers to __main.o(!!!main) for __main
    startup_stm32f103xb.o(.text) refers to startup_stm32f103xb.o(HEAP) for Heap_Mem
    startup_stm32f103xb.o(.text) refers to startup_stm32f103xb.o(STACK) for Stack_Mem
    main.o(i.HAL_TIM_PeriodElapsedCallback) refers to stm32f1xx_hal.o(i.HAL_IncTick) for HAL_IncTick
    main.o(i.SystemClock_Config) refers to rt_memclr_w.o(.text) for __aeabi_memclr4
    main.o(i.SystemClock_Config) refers to stm32f1xx_hal_rcc.o(i.HAL_RCC_OscConfig) for HAL_RCC_OscConfig
    main.o(i.SystemClock_Config) refers to stm32f1xx_hal_rcc.o(i.HAL_RCC_ClockConfig) for HAL_RCC_ClockConfig
    main.o(i.SystemClock_Config) refers to stm32f1xx_hal_rcc_ex.o(i.HAL_RCCEx_PeriphCLKConfig) for HAL_RCCEx_PeriphCLKConfig
    main.o(i.main) refers to stm32f1xx_hal.o(i.HAL_Init) for HAL_Init
    main.o(i.main) refers to main.o(i.SystemClock_Config) for SystemClock_Config
    main.o(i.main) refers to gpio.o(i.MX_GPIO_Init) for MX_GPIO_Init
    main.o(i.main) refers to usart.o(i.MX_USART1_UART_Init) for MX_USART1_UART_Init
    main.o(i.main) refers to usart.o(i.MX_USART3_UART_Init) for MX_USART3_UART_Init
    main.o(i.main) refers to rtc.o(i.MX_RTC_Init) for MX_RTC_Init
    main.o(i.main) refers to iwdg.o(i.MX_IWDG_Init) for MX_IWDG_Init
    main.o(i.main) refers to tim.o(i.MX_TIM2_Init) for MX_TIM2_Init
    main.o(i.main) refers to freertos.o(i.MX_FREERTOS_Init) for MX_FREERTOS_Init
    main.o(i.main) refers to cmsis_os.o(i.osKernelStart) for osKernelStart
    gpio.o(i.MX_GPIO_Init) refers to stm32f1xx_hal_gpio.o(i.HAL_GPIO_WritePin) for HAL_GPIO_WritePin
    gpio.o(i.MX_GPIO_Init) refers to stm32f1xx_hal_gpio.o(i.HAL_GPIO_Init) for HAL_GPIO_Init
    freertos.o(i.MX_FREERTOS_Init) refers to cmsis_os.o(i.osMessageCreate) for osMessageCreate
    freertos.o(i.MX_FREERTOS_Init) refers to rt_memcpy_w.o(.text) for __aeabi_memcpy4
    freertos.o(i.MX_FREERTOS_Init) refers to cmsis_os.o(i.osThreadCreate) for osThreadCreate
    freertos.o(i.MX_FREERTOS_Init) refers to freertos.o(.constdata) for .constdata
    freertos.o(i.MX_FREERTOS_Init) refers to freertos.o(.data) for .data
    freertos.o(i.ProcesData_Task) refers to cmsis_os.o(i.osDelay) for osDelay
    freertos.o(i.StartDefaultTask) refers to stm32f1xx_hal_iwdg.o(i.HAL_IWDG_Init) for HAL_IWDG_Init
    freertos.o(i.StartDefaultTask) refers to tasks.o(i.vTaskDelay) for vTaskDelay
    freertos.o(i.StartDefaultTask) refers to stm32f1xx_hal_iwdg.o(i.HAL_IWDG_Refresh) for HAL_IWDG_Refresh
    freertos.o(i.StartDefaultTask) refers to iwdg.o(.bss) for hiwdg
    freertos.o(i.StorageData_Task) refers to cmsis_os.o(i.osDelay) for osDelay
    freertos.o(i.UploadData_Task) refers to cmsis_os.o(i.osDelay) for osDelay
    freertos.o(i.oled_Task) refers to cmsis_os.o(i.osDelay) for osDelay
    freertos.o(.constdata) refers to freertos.o(.conststring) for .conststring
    freertos.o(.constdata) refers to task.o(i.StartDefaultTask) for StartDefaultTask
    freertos.o(.constdata) refers to task.o(i.UploadData_Task) for UploadData_Task
    freertos.o(.constdata) refers to task.o(i.ProcesData_Task) for ProcesData_Task
[...]
    menu_Rand_flow                           0x080076e9   Thumb Code    58  app_menu.o(i.menu_Rand_flow)
    menu_Serial_NUM                          0x08007765   Thumb Code    16  app_menu.o(i.menu_Serial_NUM)
    menu_Set_LOG                             0x08007789   Thumb Code   248  app_menu.o(i.menu_Set_LOG)
    menu_Set_U1_BaudRate                     0x08007925   Thumb Code   342  app_menu.o(i.menu_Set_U1_BaudRate)
    menu_Set_U3_BaudRate                     0x08007b8d   Thumb Code   324  app_menu.o(i.menu_Set_U3_BaudRate)
    menu_Set_led                             0x08007dd5   Thumb Code   304  app_menu.o(i.menu_Set_led)
    menu_Setting_title                       0x08007fed   Thumb Code    12  app_menu.o(i.menu_Setting_title)
    menu_StorageTask                         0x08008001   Thumb Code    48  app_menu.o(i.menu_StorageTask)
    menu_Time                                0x08008055   Thumb Code   198  app_menu.o(i.menu_Time)
    menu_Total_Refuel_Times                  0x08008159   Thumb Code    18  app_menu.o(i.menu_Total_Refuel_Times)
    menu_UploadTask                          0x08008189   Thumb Code    48  app_menu.o(i.menu_UploadTask)
    menu_back_focus                          0x080081dd   Thumb Code    14  free_menu.o(i.menu_back_focus)
    menu_defaultTask                         0x080081f1   Thumb Code    48  app_menu.o(i.menu_defaultTask)
    menu_eeprom_data                         0x08008245   Thumb Code    24  app_menu.o(i.menu_eeprom_data)
    menu_event_inject                        0x08008271   Thumb Code    84  free_menu.o(i.menu_event_inject)
    menu_event_wheel                         0x080082c5   Thumb Code    88  free_menu.o(i.menu_event_wheel)
    menu_fps_display                         0x0800831d   Thumb Code    70  app_menu.o(i.menu_fps_display)
    menu_hal_draw_cursor                     0x0800837d   Thumb Code    26  oled.o(i.menu_hal_draw_cursor)
    menu_hal_draw_scroll                     0x08008397   Thumb Code    56  oled.o(i.menu_hal_draw_scroll)
    menu_hal_draw_string                     0x080083cf   Thumb Code    10  oled.o(i.menu_hal_draw_string)
    menu_init                                0x080083d9   Thumb Code    54  free_menu.o(i.menu_init)
    menu_item_handler_func                   0x08008411   Thumb Code    78  free_menu.o(i.menu_item_handler_func)
    menu_main                                0x08008469   Thumb Code    36  app_menu.o(i.menu_main)
    menu_main_title                          0x080084a5   Thumb Code    28  app_menu.o(i.menu_main_title)
    menu_oledTask                            0x080084f1   Thumb Code    54  app_menu.o(i.menu_oledTask)
    menu_select_item                         0x0800854d   Thumb Code    14  free_menu.o(i.menu_select_item)
    menu_set_focus                           0x0800855d   Thumb Code    30  free_menu.o(i.menu_set_focus)
    menu_set_sys                             0x08008581   Thumb Code    24  app_menu.o(i.menu_set_sys)
    menu_show                                0x080085b1   Thumb Code    70  free_menu.o(i.menu_show)
    menu_show_edit_cursor                    0x0800863d   Thumb Code    86  free_menu.o(i.menu_show_edit_cursor)
    menu_stack_title                         0x080087f1   Thumb Code    12  app_menu.o(i.menu_stack_title)
    menu_stack_view                          0x08008809   Thumb Code    24  app_menu.o(i.menu_stack_view)
    myRand                                   0x08008839   Thumb Code    42  app_menu.o(i.myRand)
    oled_Task                                0x0800886d   Thumb Code     4  task.o(i.oled_Task)
    osKernelStart                            0x08008871   Thumb Code    10  cmsis_os.o(i.osKernelStart)
    osMessageCreate                          0x0800887b   Thumb Code     8  cmsis_os.o(i.osMessageCreate)
    osThreadCreate                           0x08008883   Thumb Code    46  cmsis_os.o(i.osThreadCreate)
    pcTaskGetName                            0x080089b5   Thumb Code    28  tasks.o(i.pcTaskGetName)
    print_All_Data_Pages                     0x080089d5   Thumb Code   176  eeprom_drive.o(i.print_All_Data_Pages)
    pvPortMalloc                             0x08008f65   Thumb Code   216  heap_4.o(i.pvPortMalloc)
    pvTaskIncrementMutexHeldCount            0x08009041   Thumb Code    18  tasks.o(i.pvTaskIncrementMutexHeldCount)
    pxPortInitialiseStack                    0x08009059   Thumb Code    32  port.o(i.pxPortInitialiseStack)
    read_Oil_Data                            0x0800907d   Thumb Code   244  eeprom_drive.o(i.read_Oil_Data)
    record_Oil                               0x0800921d   Thumb Code   132  eeprom_drive.o(i.record_Oil)
    uxListRemove                             0x08009315   Thumb Code    38  list.o(i.uxListRemove)
    uxQueueSpacesAvailable                   0x0800933b   Thumb Code    40  queue.o(i.uxQueueSpacesAvailable)
    uxTaskGetStackHighWaterMark              0x08009365   Thumb Code    28  tasks.o(i.uxTaskGetStackHighWaterMark)
    vListInitialise                          0x08009385   Thumb Code    22  list.o(i.vListInitialise)
    vListInitialiseItem                      0x0800939b   Thumb Code     6  list.o(i.vListInitialiseItem)
    vListInsert                              0x080093a1   Thumb Code    48  list.o(i.vListInsert)
    vListInsertEnd                           0x080093d1   Thumb Code    24  list.o(i.vListInsertEnd)
    vPortEnterCritical                       0x080093e9   Thumb Code    54  port.o(i.vPortEnterCritical)
    vPortExitCritical                        0x08009429   Thumb Code    34  port.o(i.vPortExitCritical)
    vPortFree                                0x08009451   Thumb Code    94  heap_4.o(i.vPortFree)
    vPortSetupTimerInterrupt                 0x080094b5   Thumb Code    32  port.o(i.vPortSetupTimerInterrupt)
    vPortValidateInterruptPriority           0x080094d9   Thumb Code    74  port.o(i.vPortValidateInterruptPriority)
    vQueueDelete                             0x0800952d   Thumb Code    36  queue.o(i.vQueueDelete)
    vQueueUnregisterQueue                    0x08009551   Thumb Code    36  queue.o(i.vQueueUnregisterQueue)
    vTaskDelay                               0x08009579   Thumb Code    66  tasks.o(i.vTaskDelay)
    vTaskInternalSetTimeOutState             0x080095c5   Thumb Code    12  tasks.o(i.vTaskInternalSetTimeOutState)
    vTaskMissedYield                         0x080095d5   Thumb Code     8  tasks.o(i.vTaskMissedYield)
    vTaskPlaceOnEventList                    0x080095e1   Thumb Code    44  tasks.o(i.vTaskPlaceOnEventList)
    vTaskPriorityDisinheritAfterTimeout      0x08009611   Thumb Code   152  tasks.o(i.vTaskPriorityDisinheritAfterTimeout)
    vTaskStartScheduler                      0x080096b1   Thumb Code    86  tasks.o(i.vTaskStartScheduler)
    vTaskSuspendAll                          0x08009719   Thumb Code    10  tasks.o(i.vTaskSuspendAll)
    vTaskSwitchContext                       0x08009729   Thumb Code    82  tasks.o(i.vTaskSwitchContext)
    x24Cxx_Read_float                        0x08009785   Thumb Code    22  eeprom_drive.o(i.x24Cxx_Read_float)
    x24Cxx_Write_float                       0x0800979b   Thumb Code    28  eeprom_drive.o(i.x24Cxx_Write_float)
    xPortGetMinimumEverFreeHeapSize          0x080097b9   Thumb Code     6  heap_4.o(i.xPortGetMinimumEverFreeHeapSize)
    xPortStartScheduler                      0x080097c5   Thumb Code   154  port.o(i.xPortStartScheduler)
    xQueueCreateMutex                        0x0800986d   Thumb Code    36  queue.o(i.xQueueCreateMutex)
    xQueueGenericCreate                      0x08009891   Thumb Code    66  queue.o(i.xQueueGenericCreate)
    xQueueGenericReset                       0x080098d5   Thumb Code   132  queue.o(i.xQueueGenericReset)
    xQueueGenericSend                        0x0800995d   Thumb Code   346  queue.o(i.xQueueGenericSend)
    xQueueReceive                            0x08009abd   Thumb Code   308  queue.o(i.xQueueReceive)
    xQueueSemaphoreTake                      0x08009bf5   Thumb Code   372  queue.o(i.xQueueSemaphoreTake)
    xTaskCheckForTimeOut                     0x08009d6d   Thumb Code   112  tasks.o(i.xTaskCheckForTimeOut)
    xTaskCreate                              0x08009de1   Thumb Code    86  tasks.o(i.xTaskCreate)
    xTaskGenericNotify                       0x08009e39   Thumb Code   212  tasks.o(i.xTaskGenericNotify)
    xTaskGenericNotifyFromISR                0x08009f19   Thumb Code   250  tasks.o(i.xTaskGenericNotifyFromISR)
    xTaskGetCurrentTaskHandle                0x0800a01d   Thumb Code     6  tasks.o(i.xTaskGetCurrentTaskHandle)
    xTaskGetSchedulerState                   0x0800a029   Thumb Code    22  tasks.o(i.xTaskGetSchedulerState)
    xTaskIncrementTick                       0x0800a045   Thumb Code   194  tasks.o(i.xTaskIncrementTick)
    xTaskNotifyWait                          0x0800a111   Thumb Code   130  tasks.o(i.xTaskNotifyWait)
    xTaskPriorityDisinherit                  0x0800a19d   Thumb Code   144  tasks.o(i.xTaskPriorityDisinherit)
    xTaskPriorityInherit                     0x0800a235   Thumb Code   130  tasks.o(i.xTaskPriorityInherit)
    xTaskRemoveFromEventList                 0x0800a2c1   Thumb Code   108  tasks.o(i.xTaskRemoveFromEventList)
    xTaskResumeAll                           0x0800a335   Thumb Code   182  tasks.o(i.xTaskResumeAll)
    _get_lc_numeric                          0x0800a3f9   Thumb Code    44  lc_numeric_c.o(locale$$code)
    _get_lc_ctype                            0x0800a425   Thumb Code    44  lc_ctype_c.o(locale$$code)
    __aeabi_d2f                              0x0800a451   Thumb Code     0  d2f.o(x$fpl$d2f)
    _d2f                                     0x0800a451   Thumb Code    98  d2f.o(x$fpl$d2f)
    __aeabi_ul2d                             0x0800a4b5   Thumb Code     0  dfltll_clz.o(x$fpl$dfltull)
    _ll_uto_d                                0x0800a4b5   Thumb Code   138  dfltll_clz.o(x$fpl$dfltull)
    __fpl_dnaninf                            0x0800a53f   Thumb Code   156  dnaninf.o(x$fpl$dnaninf)
    __fpl_dretinf                            0x0800a5db   Thumb Code    12  dretinf.o(x$fpl$dretinf)
    __aeabi_f2d                              0x0800a5e9   Thumb Code     0  f2d.o(x$fpl$f2d)
    _f2d                                     0x0800a5e9   Thumb Code    86  f2d.o(x$fpl$f2d)
    __aeabi_fadd                             0x0800a641   Thumb Code     0  faddsub_clz.o(x$fpl$fadd)
    _fadd                                    0x0800a641   Thumb Code   196  faddsub_clz.o(x$fpl$fadd)
    __fpl_fcheck_NaN1                        0x0800a705   Thumb Code     6  fcheck1.o(x$fpl$fcheck1)
    __fpl_fcmp_Inf                           0x0800a711   Thumb Code    24  fcmpi.o(x$fpl$fcmpinf)
    __aeabi_fdiv                             0x0800a729   Thumb Code     0  fdiv.o(x$fpl$fdiv)
    _fdiv                                    0x0800a729   Thumb Code   384  fdiv.o(x$fpl$fdiv)
    __aeabi_cfcmpeq                          0x0800a8ad   Thumb Code     0  feqf.o(x$fpl$feqf)
    _fcmpeq                                  0x0800a8ad   Thumb Code   104  feqf.o(x$fpl$feqf)
    __aeabi_f2iz                             0x0800a915   Thumb Code     0  ffix.o(x$fpl$ffix)
    _ffix                                    0x0800a915   Thumb Code    54  ffix.o(x$fpl$ffix)
    __aeabi_i2f                              0x0800a94d   Thumb Code     0  fflt_clz.o(x$fpl$fflt)
    _fflt                                    0x0800a94d   Thumb Code    48  fflt_clz.o(x$fpl$fflt)
    __aeabi_ui2f                             0x0800a97d   Thumb Code     0  fflt_clz.o(x$fpl$ffltu)
    _ffltu                                   0x0800a97d   Thumb Code    38  fflt_clz.o(x$fpl$ffltu)
    __aeabi_cfcmple                          0x0800a9a5   Thumb Code     0  fleqf.o(x$fpl$fleqf)
    _fcmple                                  0x0800a9a5   Thumb Code   104  fleqf.o(x$fpl$fleqf)
    __fpl_fcmple_InfNaN                      0x0800a9f7   Thumb Code     0  fleqf.o(x$fpl$fleqf)
    __aeabi_fmul                             0x0800aa0d   Thumb Code     0  fmul.o(x$fpl$fmul)
    _fmul                                    0x0800aa0d   Thumb Code   258  fmul.o(x$fpl$fmul)
    __fpl_fnaninf                            0x0800ab0f   Thumb Code   140  fnaninf.o(x$fpl$fnaninf)
    __fpl_fretinf                            0x0800ab9b   Thumb Code    10  fretinf.o(x$fpl$fretinf)
    __aeabi_cfrcmple                         0x0800aba5   Thumb Code     0  frleqf.o(x$fpl$frleqf)
    _frcmple                                 0x0800aba5   Thumb Code    98  frleqf.o(x$fpl$frleqf)
    __aeabi_fsub                             0x0800ac09   Thumb Code     0  faddsub_clz.o(x$fpl$fsub)
    _fsub                                    0x0800ac09   Thumb Code   234  faddsub_clz.o(x$fpl$fsub)
    _printf_fp_dec                           0x0800acf3   Thumb Code     4  printf1.o(x$fpl$printf1)
    _printf_fp_hex                           0x0800acf7   Thumb Code     4  printf2.o(x$fpl$printf2)
    __fpl_return_NaN                         0x0800acfb   Thumb Code   100  retnan.o(x$fpl$retnan)
    __ARM_scalbnf                            0x0800ad5f   Thumb Code    76  scalbnf.o(x$fpl$scalbnf)
    __fpl_cmpreturn                          0x0800adab   Thumb Code    48  trapv.o(x$fpl$trapveneer)
    __I$use$fp                               0x0800adda   Number         0  usenofp.o(x$fpl$usenofp)
    AHBPrescTable                            0x0800ae95   Data          16  system_stm32f1xx.o(.constdata)
    APBPrescTable                            0x0800aea5   Data           8  system_stm32f1xx.o(.constdata)
    OLED_F8x16                               0x0800b001   Data        1520  oled_data.o(.constdata)
    OLED_F6x8                                0x0800b5f1   Data         570  oled_data.o(.constdata)
    OLED_CF16x16                             0x0800b82b   Data         245  oled_data.o(.constdata)
    _monlen                                  0x0800ba04   Data          12  _monlen.o(.constdata)
    Region$$Table$$Base                      0x0800bda8   Number         0  anon$$obj.o(Region$$Table)
    Region$$Table$$Limit                     0x0800bdc8   Number         0  anon$$obj.o(Region$$Table)
    __ctype                                  0x0800bdf1   Data           0  lc_ctype_c.o(locale$$data)
    defaultTaskHandle                        0x20000000   Data           4  freertos.o(.data)
    UploadDataTaskHandle                     0x20000004   Data           4  freertos.o(.data)
    ProcesDataTaskHandle                     0x20000008   Data           4  freertos.o(.data)
    StorageDataTaskHandle                    0x2000000c   Data           4  freertos.o(.data)
    oledTaskHandle                           0x20000010   Data           4  freertos.o(.data)
    SendQueueHandle                          0x20000014   Data           4  freertos.o(.data)
    UploadQueueHandle                        0x20000018   Data           4  freertos.o(.data)
    RequestQueueHandle                       0x2000001c   Data           4  freertos.o(.data)
    DeleteQueueHandle                        0x20000020   Data           4  freertos.o(.data)
    uwTickFreq                               0x20000024   Data           1  stm32f1xx_hal.o(.data)
    uwTickPrio                               0x20000028   Data           4  stm32f1xx_hal.o(.data)
    uwTick                                   0x2000002c   Data           4  stm32f1xx_hal.o(.data)
    SystemCoreClock                          0x20000030   Data           4  system_stm32f1xx.o(.data)
    pxCurrentTCB                             0x20000034   Data           4  tasks.o(.data)
    __stdout                                 0x2000009c   Data           4  printf.o(.data)
    upload_pending                           0x200000a0   Data           1  task.o(.data)
    eeprom_Count                             0x200000a8   Data           4  eeprom_drive.o(.data)
    DTURX_Data                               0x200000ac   Data           1  e4gdtu.o(.data)
    DTURX_cnt                                0x200000ae   Data           2  e4gdtu.o(.data)
    DTURX_cntPre                             0x200000b0   Data           2  e4gdtu.o(.data)
    Key_Flag                                 0x200000b7   Data           1  key.o(.data)
    CAPTURE_COUNT                            0x200000c0   Data           8  capture_traffic.o(.data)
    hmenu                                    0x200000cc   Data           4  free_menu.o(.data)
    led_state                                0x200000e4   Data           1  app_menu.o(.data)
    U1_BaudRate                              0x200000e5   Data           1  app_menu.o(.data)
    U3_BaudRate                              0x200000e6   Data           1  app_menu.o(.data)
    UPdata_UP_flag                           0x200000e7   Data           1  app_menu.o(.data)
    fps_frame_count                          0x200000ec   Data           4  app_menu.o(.data)
    fps_last_tick                            0x200000f0   Data           4  app_menu.o(.data)
    LOG_Init_Flag                            0x20000190   Data           1  outlog.o(.data)
    LOG_Detailed_inf                         0x20000191   Data           1  outlog.o(.data)
    len                                      0x20000192   Data           2  outlog.o(.data)
    log_Argbuffer                            0x20000194   Data           4  outlog.o(.data)
    log_Shelltemp                            0x20000198   Data           4  outlog.o(.data)
    xLOGMutex                                0x2000019c   Data           4  outlog.o(.data)
    hiwdg                                    0x200001a0   Data          12  iwdg.o(.bss)
    hrtc                                     0x200001ac   Data          20  rtc.o(.bss)
    htim2                                    0x200001c0   Data          72  tim.o(.bss)
    huart1                                   0x20000208   Data          72  usart.o(.bss)
    huart3                                   0x20000250   Data          72  usart.o(.bss)
    htim1                                    0x20000298   Data          72  stm32f1xx_hal_timebase_tim.o(.bss)
    xQueueRegistry                           0x200002e0   Data          64  queue.o(.bss)
    DTURX_buf                                0x2000290c   Data         128  e4gdtu.o(.bss)
    mqtt_payload                             0x2000298c   Data         128  e4gdtu.o(.bss)
    OLED_DisplayBuf                          0x20002a0c   Data        1024  oled.o(.bss)
    _random_number_data                      0x20002fb8   Data         228  rand.o(.bss)
    __libspace_start                         0x2000309c   Data          96  libspace.o(.bss)
    __temporary_stack_top$libspace           0x200030fc   Data           0  libspace.o(.bss)



==============================================================================

Memory Map of the image

  Image Entry point : 0x080000ed

  Load Region LR_IROM1 (Base: 0x08000000, Size: 0x0000c094, Max: 0x00010000, ABSOLUTE, COMPRESSED[0x0000bf78])

    Execution Region ER_IROM1 (Exec base: 0x08000000, Load base: 0x08000000, Size: 0x0000bef4, Max: 0x00010000, ABSOLUTE)

    Exec Addr    Load Addr    Size         Type   Attr      Idx    E Section Name        Object

    0x08000000   0x08000000   0x000000ec   Data   RO            3    RESET               startup_stm32f103xb.o
    0x080000ec   0x080000ec   0x00000008   Code   RO         6534  * !!!main             c_w.l(__main.o)
    0x080000f4   0x080000f4   0x00000034   Code   RO         7009    !!!scatter          c_w.l(__scatter.o)
    0x08000128   0x08000128   0x0000005a   Code   RO         7007    !!dczerorl2         c_w.l(__dczerorl2.o)
    0x08000182   0x08000182   0x00000002   PAD
    0x08000184   0x08000184   0x0000001c   Code   RO         7011    !!handler_zi        c_w.l(__scatter_zi.o)
    0x080001a0   0x080001a0   0x00000000   Code   RO         6494    .ARM.Collect$$_printf_percent$$00000000  c_w.l(_printf_percent.o)
    0x080001a0   0x080001a0   0x00000006   Code   RO         6683    .ARM.Collect$$_printf_percent$$00000001  c_w.l(_printf_n.o)
    0x080001a6   0x080001a6   0x00000006   Code   RO         6684    .ARM.Collect$$_printf_percent$$00000002  c_w.l(_printf_p.o)
    0x080001ac   0x080001ac   0x00000006   Code   RO         6493    .ARM.Collect$$_printf_percent$$00000003  c_w.l(_printf_f.o)
    0x080001b2   0x080001b2   0x00000006   Code   RO         6687    .ARM.Collect$$_printf_percent$$00000004  c_w.l(_printf_e.o)
    0x080001b8   0x080001b8   0x00000006   Code   RO         6688    .ARM.Collect$$_printf_percent$$00000005  c_w.l(_printf_g.o)
    0x080001be   0x080001be   0x00000006   Code   RO         6689    .ARM.Collect$$_printf_percent$$00000006  c_w.l(_printf_a.o)
    0x080001c4   0x080001c4   0x0000000a   Code   RO         6694    .ARM.Collect$$_printf_percent$$00000007  c_w.l(_printf_ll.o)
    0x080001ce   0x080001ce   0x00000006   Code   RO         6686    .ARM.Collect$$_printf_percent$$00000008  c_w.l(_printf_i.o)
    0x080001d4   0x080001d4   0x00000006   Code   RO         6491    .ARM.Collect$$_printf_percent$$00000009  c_w.l(_printf_d.o)
    0x080001da   0x080001da   0x00000006   Code   RO         6492    .ARM.Collect$$_printf_percent$$0000000A  c_w.l(_printf_u.o)
    0x080001e0   0x080001e0   0x00000006   Code   RO         6685    .ARM.Collect$$_printf_percent$$0000000B  c_w.l(_printf_o.o)
    0x080001e6   0x080001e6   0x00000006   Code   RO         6490    .ARM.Collect$$_printf_percent$$0000000C  c_w.l(_printf_x.o)
    0x080001ec   0x080001ec   0x00000006   Code   RO         6691    .ARM.Collect$$_printf_percent$$0000000D  c_w.l(_printf_lli.o)
    0x080001f2   0x080001f2   0x00000006   Code   RO         6692    .ARM.Collect$$_printf_percent$$0000000E  c_w.l(_printf_lld.o)
    0x080001f8   0x080001f8   0x00000006   Code   RO         6693    .ARM.Collect$$_printf_percent$$0000000F  c_w.l(_printf_llu.o)
    0x080001fe   0x080001fe   0x00000006   Code   RO         6698    .ARM.Collect$$_printf_percent$$00000010  c_w.l(_printf_llo.o)
    0x08000204   0x08000204   0x00000006   Code   RO         6699    .ARM.Collect$$_printf_percent$$00000011  c_w.l(_printf_llx.o)
    0x0800020a   0x0800020a   0x0000000a   Code   RO         6695    .ARM.Collect$$_printf_percent$$00000012  c_w.l(_printf_l.o)
    0x08000214   0x08000214   0x00000006   Code   RO         6488    .ARM.Collect$$_printf_percent$$00000013  c_w.l(_printf_c.o)
    0x0800021a   0x0800021a   0x00000006   Code   RO         6489    .ARM.Collect$$_printf_percent$$00000014  c_w.l(_printf_s.o)
    0x08000220   0x08000220   0x00000006   Code   RO         6696    .ARM.Collect$$_printf_percent$$00000015  c_w.l(_printf_lc.o)
    0x08000226   0x08000226   0x00000006   Code   RO         6697    .ARM.Collect$$_printf_percent$$00000016  c_w.l(_printf_ls.o)
    0x0800022c   0x0800022c   0x00000004   Code   RO         6690    .ARM.Collect$$_printf_percent$$00000017  c_w.l(_printf_percent_end.o)
    0x08000230   0x08000230   0x00000002   Code   RO         6939    .ARM.Collect$$libinit$$00000000  c_w.l(libinit.o)
    0x08000232   0x08000232   0x00000000   Code   RO         6710    .ARM.Collect$$libinit$$00000002  c_w.l(libinit2.o)
    0x08000232   0x08000232   0x00000000   Code   RO         6712    .ARM.Collect$$libinit$$00000004  c_w.l(libinit2.o)
    0x08000232   0x08000232   0x00000000   Code   RO         6715    .ARM.Collect$$libinit$$0000000A  c_w.l(libinit2.o)
    0x08000232   0x08000232   0x00000000   Code   RO         6717    .ARM.Collect$$libinit$$0000000C  c_w.l(libinit2.o)
    0x08000232   0x08000232   0x00000004   Code   RO         6718    .ARM.Collect$$libinit$$0000000D  c_w.l(libinit2.o)
    0x08000236   0x08000236   0x00000000   Code   RO         6719    .ARM.Collect$$libinit$$0000000E  c_w.l(libinit2.o)
    0x08000236   0x08000236   0x00000006   Code   RO         6720    .ARM.Collect$$libinit$$0000000F  c_w.l(libinit2.o)
    0x0800023c   0x0800023c   0x00000000   Code   RO         6722    .ARM.Collect$$libinit$$00000011  c_w.l(libinit2.o)
    0x0800023c   0x0800023c   0x0000000c   Code   RO         6723    .ARM.Collect$$libinit$$00000012  c_w.l(libinit2.o)
    0x08000248   0x08000248   0x00000000   Code   RO         6724    .ARM.Collect$$libinit$$00000013  c_w.l(libinit2.o)
    0x08000248   0x08000248   0x00000000   Code   RO         6726    .ARM.Collect$$libinit$$00000015  c_w.l(libinit2.o)
    0x08000248   0x08000248   0x0000000a   Code   RO         6727    .ARM.Collect$$libinit$$00000016  c_w.l(libinit2.o)
    0x08000252   0x08000252   0x00000000   Code   RO         6728    .ARM.Collect$$libinit$$00000017  c_w.l(libinit2.o)
    0x08000252   0x08000252   0x00000000   Code   RO         6730    .ARM.Collect$$libinit$$00000019  c_w.l(libinit2.o)
    0x08000252   0x08000252   0x00000000   Code   RO         6732    .ARM.Collect$$libinit$$0000001B  c_w.l(libinit2.o)
    0x08000252   0x08000252   0x00000000   Code   RO         6734    .ARM.Collect$$libinit$$0000001D  c_w.l(libinit2.o)
    0x08000252   0x08000252   0x00000000   Code   RO         6736    .ARM.Collect$$libinit$$0000001F  c_w.l(libinit2.o)
    0x08000252   0x08000252   0x00000000   Code   RO         6738    .ARM.Collect$$libinit$$00000021  c_w.l(libinit2.o)
    0x08000252   0x08000252   0x00000000   Code   RO         6740    .ARM.Collect$$libinit$$00000023  c_w.l(libinit2.o)
    0x08000252   0x08000252   0x00000000   Code   RO         6742    .ARM.Collect$$libinit$$00000025  c_w.l(libinit2.o)
    0x08000252   0x08000252   0x00000000   Code   RO         6746    .ARM.Collect$$libinit$$0000002C  c_w.l(libinit2.o)
    0x08000252   0x08000252   0x00000000   Code   RO         6748    .ARM.Collect$$libinit$$0000002E  c_w.l(libinit2.o)
    0x08000252   0x08000252   0x00000000   Code   RO         6750    .ARM.Collect$$libinit$$00000030  c_w.l(libinit2.o)
    0x08000252   0x08000252   0x00000000   Code   RO         6752    .ARM.Collect$$libinit$$00000032  c_w.l(libinit2.o)
    0x08000252   0x08000252   0x00000002   Code   RO         6753    .ARM.Collect$$libinit$$00000033  c_w.l(libinit2.o)
    0x08000254   0x08000254   0x00000002   Code   RO         7004    .ARM.Collect$$libshutdown$$00000000  c_w.l(libshutdown.o)
    0x08000256   0x08000256   0x00000000   Code   RO         6962    .ARM.Collect$$libshutdown$$00000002  c_w.l(libshutdown2.o)
    0x08000256   0x08000256   0x00000000   Code   RO         6964    .ARM.Collect$$libshutdown$$00000004  c_w.l(libshutdown2.o)
    0x08000256   0x08000256   0x00000000   Code   RO         6967    .ARM.Collect$$libshutdown$$00000007  c_w.l(libshutdown2.o)
    0x08000256   0x08000256   0x00000000   Code   RO         6970    .ARM.Collect$$libshutdown$$0000000A  c_w.l(libshutdown2.o)
    0x08000256   0x08000256   0x00000000   Code   RO         6972    .ARM.Collect$$libshutdown$$0000000C  c_w.l(libshutdown2.o)
    0x08000256   0x08000256   0x00000000   Code   RO         6975    .ARM.Collect$$libshutdown$$0000000F  c_w.l(libshutdown2.o)
    0x08000256   0x08000256   0x00000002   Code   RO         6976    .ARM.Collect$$libshutdown$$00000010  c_w.l(libshutdown2.o)
    0x08000258   0x08000258   0x00000000   Code   RO         6618    .ARM.Collect$$rtentry$$00000000  c_w.l(__rtentry.o)
    0x08000258   0x08000258   0x00000000   Code   RO         6808    .ARM.Collect$$rtentry$$00000002  c_w.l(__rtentry2.o)
    0x08000258   0x08000258   0x00000006   Code   RO         6820    .ARM.Collect$$rtentry$$00000004  c_w.l(__rtentry4.o)
    0x0800025e   0x0800025e   0x00000000   Code   RO         6810    .ARM.Collect$$rtentry$$00000009  c_w.l(__rtentry2.o)
    0x0800025e   0x0800025e   0x00000004   Code   RO         6811    .ARM.Collect$$rtentry$$0000000A  c_w.l(__rtentry2.o)
    0x08000262   0x08000262   0x00000000   Code   RO         6813    .ARM.Collect$$rtentry$$0000000C  c_w.l(__rtentry2.o)
    0x08000262   0x08000262   0x00000008   Code   RO         6814    .ARM.Collect$$rtentry$$0000000D  c_w.l(__rtentry2.o)
    0x0800026a   0x0800026a   0x00000002   Code   RO         6944    .ARM.Collect$$rtexit$$00000000  c_w.l(rtexit.o)
    0x0800026c   0x0800026c   0x00000000   Code   RO         6978    .ARM.Collect$$rtexit$$00000002  c_w.l(rtexit2.o)
    0x0800026c   0x0800026c   0x00000004   Code   RO         6979    .ARM.Collect$$rtexit$$00000003  c_w.l(rtexit2.o)
    0x08000270   0x08000270   0x00000006   Code   RO         6980    .ARM.Collect$$rtexit$$00000004  c_w.l(rtexit2.o)
    0x08000276   0x08000276   0x00000002   PAD
    0x08000278   0x08000278   0x00000012   Code   RO          643    .emb_text           stm32f1xx_it.o
    0x0800028a   0x0800028a   0x00000002   PAD
    0x0800028c   0x0800028c   0x00000096   Code   RO         4780    .emb_text           port.o
    0x08000322   0x08000322   0x00000002   PAD
    0x08000324   0x08000324   0x00000034   Code   RO         6501    .emb_text           c_w.l(rand.o)
    0x08000358   0x08000358   0x00000040   Code   RO            4    .text               startup_stm32f103xb.o
    0x08000398   0x08000398   0x00000002   Code   RO         6361    .text               c_w.l(use_no_semi_2.o)
    0x0800039a   0x0800039a   0x00000048   Code   RO         6421    .text               c_w.l(llsdiv.o)
    0x080003e2   0x080003e2   0x00000002   PAD
    0x080003e4   0x080003e4   0x00000034   Code   RO         6425    .text               c_w.l(vsnprintf.o)
    0x08000418   0x08000418   0x00000018   Code   RO         6427    .text               c_w.l(__2printf.o)
    0x08000430   0x08000430   0x0000002c   Code   RO         6429    .text               c_w.l(__2sprintf.o)
    0x0800045c   0x0800045c   0x00000038   Code   RO         6431    .text               c_w.l(__2snprintf.o)
    0x08000494   0x08000494   0x0000004e   Code   RO         6441    .text               c_w.l(_printf_pad.o)
    0x080004e2   0x080004e2   0x00000052   Code   RO         6443    .text               c_w.l(_printf_str.o)
    0x08000534   0x08000534   0x00000078   Code   RO         6445    .text               c_w.l(_printf_dec.o)
    0x080005ac   0x080005ac   0x00000094   Code   RO         6465    .text               c_w.l(_printf_hex_int_ll_ptr.o)
    0x08000640   0x08000640   0x00000188   Code   RO         6485    .text               c_w.l(__printf_flags_ss_wp.o)
    0x080007c8   0x080007c8   0x0000003c   Code   RO         6495    .text               c_w.l(__0sscanf.o)
    0x08000804   0x08000804   0x0000014c   Code   RO         6497    .text               c_w.l(_scanf_int.o)
    0x08000950   0x08000950   0x000000e0   Code   RO         6499    .text               c_w.l(_scanf_str.o)
    0x08000a30   0x08000a30   0x0000003c   Code   RO         6502    .text               c_w.l(rand.o)
    0x08000a6c   0x08000a6c   0x00000024   Code   RO         6506    .text               c_w.l(strstr.o)
    0x08000a90   0x08000a90   0x00000058   Code   RO         6508    .text               c_w.l(memcmp.o)
    0x08000ae8   0x08000ae8   0x0000003e   Code   RO         6510    .text               c_w.l(strlen.o)
    0x08000b26   0x08000b26   0x0000008a   Code   RO         6512    .text               c_w.l(rt_memcpy_v6.o)
    0x08000bb0   0x08000bb0   0x00000064   Code   RO         6514    .text               c_w.l(rt_memcpy_w.o)
    0x08000c14   0x08000c14   0x00000010   Code   RO         6518    .text               c_w.l(aeabi_memset.o)
    0x08000c24   0x08000c24   0x00000044   Code   RO         6520    .text               c_w.l(rt_memclr.o)
    0x08000c68   0x08000c68   0x0000004e   Code   RO         6522    .text               c_w.l(rt_memclr_w.o)
    0x08000cb6   0x08000cb6   0x00000056   Code   RO         6524    .text               c_w.l(strncpy.o)
    0x08000d0c   0x08000d0c   0x00000080   Code   RO         6526    .text               c_w.l(strcmpv7m.o)
    0x08000d8c   0x08000d8c   0x000001ac   Code   RO         6530    .text               c_w.l(mktime.o)
    0x08000f38   0x08000f38   0x00000006   Code   RO         6532    .text               c_w.l(heapauxi.o)
    0x08000f3e   0x08000f3e   0x00000002   Code   RO         6614    .text               c_w.l(use_no_semi.o)
    0x08000f40   0x08000f40   0x000000ee   Code   RO         6650    .text               c_w.l(lludivv7m.o)
    0x0800102e   0x0800102e   0x00000024   Code   RO         6654    .text               c_w.l(_printf_truncate.o)
    0x08001052   0x08001052   0x000000b2   Code   RO         6656    .text               c_w.l(_printf_intcommon.o)
    0x08001104   0x08001104   0x00000028   Code   RO         6658    .text               c_w.l(_printf_charcount.o)
    0x0800112c   0x0800112c   0x0000041e   Code   RO         6660    .text               c_w.l(_printf_fp_dec.o)
    0x0800154a   0x0800154a   0x00000002   PAD
    0x0800154c   0x0800154c   0x00000030   Code   RO         6662    .text               c_w.l(_printf_char_common.o)
    0x0800157c   0x0800157c   0x0000000a   Code   RO         6664    .text               c_w.l(_sputc.o)
    0x08001586   0x08001586   0x00000010   Code   RO         6666    .text               c_w.l(_snputc.o)
    0x08001596   0x08001596   0x0000002c   Code   RO         6668    .text               c_w.l(_printf_char.o)
    0x080015c2   0x080015c2   0x00000002   PAD
    0x080015c4   0x080015c4   0x00000024   Code   RO         6670    .text               c_w.l(_printf_char_file.o)
    0x080015e8   0x080015e8   0x000000bc   Code   RO         6672    .text               c_w.l(_printf_wctomb.o)
    0x080016a4   0x080016a4   0x0000007c   Code   RO         6675    .text               c_w.l(_printf_longlong_dec.o)
    0x08001720   0x08001720   0x00000070   Code   RO         6681    .text               c_w.l(_printf_oct_int_ll.o)
    0x08001790   0x08001790   0x0000001c   Code   RO         6700    .text               c_w.l(_chval.o)
    0x080017ac   0x080017ac   0x0000002c   Code   RO         6702    .text               c_w.l(scanf_char.o)
    0x080017d8   0x080017d8   0x00000040   Code   RO         6704    .text               c_w.l(_sgetc.o)
    0x08001818   0x08001818   0x00000008   Code   RO         6804    .text               c_w.l(libspace.o)
    0x08001820   0x08001820   0x00000008   Code   RO         6829    .text               c_w.l(rt_locale_intlibspace.o)
    0x08001828   0x08001828   0x0000008a   Code   RO         6844    .text               c_w.l(lludiv10.o)
    0x080018b2   0x080018b2   0x00000012   Code   RO         6846    .text               c_w.l(isspace.o)
    0x080018c4   0x080018c4   0x000002fc   Code   RO         6848    .text               c_w.l(_printf_fp_hex.o)
    0x08001bc0   0x08001bc0   0x00000080   Code   RO         6851    .text               c_w.l(_printf_fp_infnan.o)
    0x08001c40   0x08001c40   0x0000002c   Code   RO         6855    .text               c_w.l(_printf_wchar.o)
    0x08001c6c   0x08001c6c   0x00000374   Code   RO         6857    .text               c_w.l(_scanf.o)
    0x08001fe0   0x08001fe0   0x000000e4   Code   RO         6859    .text               c_w.l(bigflt0.o)
    0x080020c4   0x080020c4   0x00000008   Code   RO         6884    .text               c_w.l(ferror.o)
    0x080020cc   0x080020cc   0x00000040   Code   RO         6888    .text               c_w.l(_wcrtomb.o)
    0x0800210c   0x0800210c   0x0000004a   Code   RO         6914    .text               c_w.l(sys_stackheap_outer.o)
    0x08002156   0x08002156   0x00000002   PAD
    0x08002158   0x08002158   0x00000010   Code   RO         6916    .text               c_w.l(rt_ctype_table.o)
    0x08002168   0x08002168   0x00000012   Code   RO         6924    .text               c_w.l(exit.o)
    0x0800217a   0x0800217a   0x0000003e   Code   RO         6862    CL$$btod_d2e        c_w.l(btod.o)
    0x080021b8   0x080021b8   0x00000046   Code   RO         6864    CL$$btod_d2e_denorm_low  c_w.l(btod.o)
    0x080021fe   0x080021fe   0x00000060   Code   RO         6863    CL$$btod_d2e_norm_op1  c_w.l(btod.o)
    0x0800225e   0x0800225e   0x00000338   Code   RO         6872    CL$$btod_div_common  c_w.l(btod.o)
    0x08002596   0x08002596   0x000000dc   Code   RO         6869    CL$$btod_e2e        c_w.l(btod.o)
    0x08002672   0x08002672   0x0000002a   Code   RO         6866    CL$$btod_ediv       c_w.l(btod.o)
    0x0800269c   0x0800269c   0x0000002a   Code   RO         6865    CL$$btod_emul       c_w.l(btod.o)
    0x080026c6   0x080026c6   0x00000244   Code   RO         6871    CL$$btod_mult_common  c_w.l(btod.o)
    0x0800290a   0x0800290a   0x00000030   Code   RO         5378    i.AT24C128_EraseAll  eeprom_drive.o
    0x0800293a   0x0800293a   0x0000006c   Code   RO         5328    i.AT24C128_ReadBuffer  at24c64.o
    0x080029a6   0x080029a6   0x0000004e   Code   RO         5329    i.AT24C128_ReadByte  at24c64.o
    0x080029f4   0x080029f4   0x00000042   Code   RO         5330    i.AT24C128_WriteByte  at24c64.o
    0x08002a36   0x08002a36   0x0000006a   Code   RO         5331    i.AT24C128_WritePage  at24c64.o
    0x08002aa0   0x08002aa0   0x00000028   Code   RO         5379    i.Auto_Update_TimeStamp  eeprom_drive.o
    0x08002ac8   0x08002ac8   0x00000002   Code   RO          644    i.BusFault_Handler  stm32f1xx_it.o
    0x08002aca   0x08002aca   0x00000002   PAD
    0x08002acc   0x08002acc   0x0000001c   Code   RO         5943    i.Clear_Traffic     capture_traffic.o
    0x08002ae8   0x08002ae8   0x0000001c   Code   RO         5514    i.DTU_Clear         e4gdtu.o
    0x08002b04   0x08002b04   0x00000174   Code   RO         5515    i.DTU_Get_NTP_Time  e4gdtu.o
    0x08002c78   0x08002c78   0x000003f8   Code   RO         5516    i.DTU_Init          e4gdtu.o
    0x08003070   0x08003070   0x000000ac   Code   RO         5517    i.DTU_IsConnected_MQTT  e4gdtu.o
    0x0800311c   0x0800311c   0x00000014   Code   RO         5518    i.DTU_OFF           e4gdtu.o
    0x08003130   0x08003130   0x00000024   Code   RO         5519    i.DTU_ON            e4gdtu.o
    0x08003154   0x08003154   0x00000038   Code   RO         5520    i.DTU_RESET         e4gdtu.o
    0x0800318c   0x0800318c   0x00000054   Code   RO         5521    i.DTU_SendCmd       e4gdtu.o
    0x080031e0   0x080031e0   0x0000000e   Code   RO         5522    i.DTU_Send_DataFloat  e4gdtu.o
    0x080031ee   0x080031ee   0x00000002   PAD
    0x080031f0   0x080031f0   0x00000164   Code   RO         5523    i.DTU_Send_DataFloat_Internal  e4gdtu.o
    0x08003354   0x08003354   0x00000024   Code   RO         5524    i.DTU_WaitRecive    e4gdtu.o
    0x08003378   0x08003378   0x00000002   Code   RO          645    i.DebugMon_Handler  stm32f1xx_it.o
    0x0800337a   0x0800337a   0x00000030   Code   RO         4860    i.DelayUs           delay.o
    0x080033aa   0x080033aa   0x00000002   PAD
    0x080033ac   0x080033ac   0x00000014   Code   RO         5944    i.Encoder_Get       capture_traffic.o
    0x080033c0   0x080033c0   0x00000018   Code   RO         5945    i.Encoder_Init      capture_traffic.o
    0x080033d8   0x080033d8   0x00000004   Code   RO           13    i.Error_Handler     main.o
    0x080033dc   0x080033dc   0x00000028   Code   RO         5946    i.Get_Traffic       capture_traffic.o
    0x08003404   0x08003404   0x00000046   Code   RO         2261    i.HAL_DMA_Abort     stm32f1xx_hal_dma.o
    0x0800344a   0x0800344a   0x00000002   PAD
    0x0800344c   0x0800344c   0x00000098   Code   RO         2262    i.HAL_DMA_Abort_IT  stm32f1xx_hal_dma.o
    0x080034e4   0x080034e4   0x000001e0   Code   RO         2197    i.HAL_GPIO_Init     stm32f1xx_hal_gpio.o
    0x080036c4   0x080036c4   0x0000000a   Code   RO         2199    i.HAL_GPIO_ReadPin  stm32f1xx_hal_gpio.o
    0x080036ce   0x080036ce   0x00000010   Code   RO         2200    i.HAL_GPIO_TogglePin  stm32f1xx_hal_gpio.o
    0x080036de   0x080036de   0x0000000a   Code   RO         2201    i.HAL_GPIO_WritePin  stm32f1xx_hal_gpio.o
    0x080036e8   0x080036e8   0x0000000c   Code   RO         1891    i.HAL_GetTick       stm32f1xx_hal.o
    0x080036f4   0x080036f4   0x0000005e   Code   RO         2857    i.HAL_IWDG_Init     stm32f1xx_hal_iwdg.o
    0x08003752   0x08003752   0x0000000c   Code   RO         2858    i.HAL_IWDG_Refresh  stm32f1xx_hal_iwdg.o
    0x0800375e   0x0800375e   0x00000002   PAD
    0x08003760   0x08003760   0x00000010   Code   RO         1897    i.HAL_IncTick       stm32f1xx_hal.o
    0x08003770   0x08003770   0x00000024   Code   RO         1898    i.HAL_Init          stm32f1xx_hal.o
    0x08003794   0x08003794   0x0000008c   Code   RO          745    i.HAL_InitTick      stm32f1xx_hal_timebase_tim.o
    0x08003820   0x08003820   0x00000048   Code   RO          721    i.HAL_MspInit       stm32f1xx_hal_msp.o
    0x08003868   0x08003868   0x0000001a   Code   RO         2357    i.HAL_NVIC_EnableIRQ  stm32f1xx_hal_cortex.o
    0x08003882   0x08003882   0x00000002   PAD
    0x08003884   0x08003884   0x00000040   Code   RO         2363    i.HAL_NVIC_SetPriority  stm32f1xx_hal_cortex.o
    0x080038c4   0x080038c4   0x00000024   Code   RO         2364    i.HAL_NVIC_SetPriorityGrouping  stm32f1xx_hal_cortex.o
    0x080038e8   0x080038e8   0x00000024   Code   RO         2365    i.HAL_NVIC_SystemReset  stm32f1xx_hal_cortex.o
    0x0800390c   0x0800390c   0x0000000c   Code   RO         2479    i.HAL_PWR_EnableBkUpAccess  stm32f1xx_hal_pwr.o
    0x08003918   0x08003918   0x000000a4   Code   RO         2158    i.HAL_RCCEx_GetPeriphCLKFreq  stm32f1xx_hal_rcc_ex.o
    0x080039bc   0x080039bc   0x000000ec   Code   RO         2159    i.HAL_RCCEx_PeriphCLKConfig  stm32f1xx_hal_rcc_ex.o
    0x08003aa8   0x08003aa8   0x0000012c   Code   RO         2055    i.HAL_RCC_ClockConfig  stm32f1xx_hal_rcc.o
    0x08003bd4   0x08003bd4   0x00000040   Code   RO         2059    i.HAL_RCC_GetClockConfig  stm32f1xx_hal_rcc.o
    0x08003c14   0x08003c14   0x00000020   Code   RO         2062    i.HAL_RCC_GetPCLK1Freq  stm32f1xx_hal_rcc.o
    0x08003c34   0x08003c34   0x00000020   Code   RO         2063    i.HAL_RCC_GetPCLK2Freq  stm32f1xx_hal_rcc.o
    0x08003c54   0x08003c54   0x0000004c   Code   RO         2064    i.HAL_RCC_GetSysClockFreq  stm32f1xx_hal_rcc.o
    0x08003ca0   0x08003ca0   0x00000320   Code   RO         2067    i.HAL_RCC_OscConfig  stm32f1xx_hal_rcc.o
    0x08003fc0   0x08003fc0   0x00000010   Code   RO         3057    i.HAL_RTCEx_BKUPRead  stm32f1xx_hal_rtc_ex.o
    0x08003fd0   0x08003fd0   0x00000010   Code   RO         3058    i.HAL_RTCEx_BKUPWrite  stm32f1xx_hal_rtc_ex.o
    0x08003fe0   0x08003fe0   0x00000094   Code   RO         2895    i.HAL_RTC_Init      stm32f1xx_hal_rtc.o
    0x08004074   0x08004074   0x00000034   Code   RO          499    i.HAL_RTC_MspInit   rtc.o
    0x080040a8   0x080040a8   0x0000003a   Code   RO         2903    i.HAL_RTC_WaitForSynchro  stm32f1xx_hal_rtc.o
    0x080040e2   0x080040e2   0x00000002   Code   RO         1613    i.HAL_TIMEx_BreakCallback  stm32f1xx_hal_tim_ex.o
    0x080040e4   0x080040e4   0x00000002   Code   RO         1614    i.HAL_TIMEx_CommutCallback  stm32f1xx_hal_tim_ex.o
    0x080040e6   0x080040e6   0x00000002   PAD
    0x080040e8   0x080040e8   0x00000068   Code   RO         1632    i.HAL_TIMEx_MasterConfigSynchronization  stm32f1xx_hal_tim_ex.o
    0x08004150   0x08004150   0x0000005a   Code   RO          909    i.HAL_TIM_Base_Init  stm32f1xx_hal_tim.o
    0x080041aa   0x080041aa   0x00000002   Code   RO          911    i.HAL_TIM_Base_MspInit  stm32f1xx_hal_tim.o
    0x080041ac   0x080041ac   0x00000058   Code   RO          914    i.HAL_TIM_Base_Start_IT  stm32f1xx_hal_tim.o
    0x08004204   0x08004204   0x000000a4   Code   RO          930    i.HAL_TIM_Encoder_Init  stm32f1xx_hal_tim.o
    0x080042a8   0x080042a8   0x00000054   Code   RO          547    i.HAL_TIM_Encoder_MspInit  tim.o
    0x080042fc   0x080042fc   0x0000008e   Code   RO          933    i.HAL_TIM_Encoder_Start  stm32f1xx_hal_tim.o
    0x0800438a   0x0800438a   0x00000002   Code   RO          943    i.HAL_TIM_IC_CaptureCallback  stm32f1xx_hal_tim.o
    0x0800438c   0x0800438c   0x00000130   Code   RO          957    i.HAL_TIM_IRQHandler  stm32f1xx_hal_tim.o
    0x080044bc   0x080044bc   0x00000002   Code   RO          960    i.HAL_TIM_OC_DelayElapsedCallback  stm32f1xx_hal_tim.o
    0x080044be   0x080044be   0x00000002   Code   RO          987    i.HAL_TIM_PWM_PulseFinishedCallback  stm32f1xx_hal_tim.o
    0x080044c0   0x080044c0   0x00000014   Code   RO           14    i.HAL_TIM_PeriodElapsedCallback  main.o
    0x080044d4   0x080044d4   0x00000002   Code   RO         1000    i.HAL_TIM_TriggerCallback  stm32f1xx_hal_tim.o
    0x080044d6   0x080044d6   0x00000002   Code   RO         3171    i.HAL_UARTEx_RxEventCallback  stm32f1xx_hal_uart.o
    0x080044d8   0x080044d8   0x00000002   Code   RO         3185    i.HAL_UART_ErrorCallback  stm32f1xx_hal_uart.o
    0x080044da   0x080044da   0x00000002   PAD
    0x080044dc   0x080044dc   0x0000026c   Code   RO         3188    i.HAL_UART_IRQHandler  stm32f1xx_hal_uart.o
    0x08004748   0x08004748   0x00000064   Code   RO         3189    i.HAL_UART_Init     stm32f1xx_hal_uart.o
    0x080047ac   0x080047ac   0x000000d0   Code   RO          589    i.HAL_UART_MspInit  usart.o
    0x0800487c   0x0800487c   0x0000001c   Code   RO         3194    i.HAL_UART_Receive_IT  stm32f1xx_hal_uart.o
    0x08004898   0x08004898   0x00000040   Code   RO         5525    i.HAL_UART_RxCpltCallback  e4gdtu.o
    0x080048d8   0x080048d8   0x000000a0   Code   RO         3197    i.HAL_UART_Transmit  stm32f1xx_hal_uart.o
    0x08004978   0x08004978   0x00000002   Code   RO         3200    i.HAL_UART_TxCpltCallback  stm32f1xx_hal_uart.o
    0x0800497a   0x0800497a   0x00000002   PAD
    0x0800497c   0x0800497c   0x0000003c   Code   RO          646    i.HardFault_Handler_C  stm32f1xx_it.o
    0x080049b8   0x080049b8   0x00000010   Code   RO         5241    i.IIC_READ_SDA      i2c.o
    0x080049c8   0x080049c8   0x00000018   Code   RO         5242    i.IIC_SCL           i2c.o
    0x080049e0   0x080049e0   0x00000018   Code   RO         5243    i.IIC_SDA           i2c.o
    0x080049f8   0x080049f8   0x00000048   Code   RO         5116    i.KK_RTC_Init       myrtc.o
    0x08004a40   0x08004a40   0x00000018   Code   RO         5117    i.KK_RTC_SetTime    myrtc.o
    0x08004a58   0x08004a58   0x00000020   Code   RO         5901    i.Key_Check         key.o
    0x08004a78   0x08004a78   0x0000001c   Code   RO         5902    i.Key_GetState      key.o
    0x08004a94   0x08004a94   0x00000148   Code   RO         5903    i.Key_Tick          key.o
    0x08004bdc   0x08004bdc   0x00000010   Code   RO         4920    i.LED_OFF           led.o
    0x08004bec   0x08004bec   0x00000010   Code   RO         4921    i.LED_ON            led.o
    0x08004bfc   0x08004bfc   0x0000000c   Code   RO         4922    i.LED_Toggle        led.o
    0x08004c08   0x08004c08   0x000000cc   Code   RO          244    i.MX_FREERTOS_Init  freertos.o
    0x08004cd4   0x08004cd4   0x000000e4   Code   RO          220    i.MX_GPIO_Init      gpio.o
    0x08004db8   0x08004db8   0x0000002c   Code   RO          464    i.MX_IWDG_Init      iwdg.o
    0x08004de4   0x08004de4   0x00000020   Code   RO          500    i.MX_RTC_Init       rtc.o
    0x08004e04   0x08004e04   0x0000006c   Code   RO          548    i.MX_TIM2_Init      tim.o
    0x08004e70   0x08004e70   0x00000038   Code   RO          590    i.MX_USART1_UART_Init  usart.o
    0x08004ea8   0x08004ea8   0x00000038   Code   RO          591    i.MX_USART3_UART_Init  usart.o
    0x08004ee0   0x08004ee0   0x00000002   Code   RO          647    i.MemManage_Handler  stm32f1xx_it.o
    0x08004ee2   0x08004ee2   0x00000002   PAD
    0x08004ee4   0x08004ee4   0x000000f0   Code   RO         6111    i.Menu_UPData_EN    app_menu.o
    0x08004fd4   0x08004fd4   0x00000002   Code   RO          648    i.NMI_Handler       stm32f1xx_it.o
    0x08004fd6   0x08004fd6   0x00000002   PAD
    0x08004fd8   0x08004fd8   0x00000028   Code   RO         5605    i.OLED_Clear        oled.o
    0x08005000   0x08005000   0x0000005c   Code   RO         5606    i.OLED_ClearArea    oled.o
    0x0800505c   0x0800505c   0x00000034   Code   RO         5611    i.OLED_DrawPoint    oled.o
    0x08005090   0x08005090   0x00000074   Code   RO         5612    i.OLED_DrawRectangle  oled.o
    0x08005104   0x08005104   0x00000012   Code   RO         5614    i.OLED_GPIO_Init    oled.o
    0x08005116   0x08005116   0x0000003a   Code   RO         5616    i.OLED_I2C_SendByte  oled.o
    0x08005150   0x08005150   0x0000001e   Code   RO         5617    i.OLED_I2C_Start    oled.o
    0x0800516e   0x0800516e   0x00000018   Code   RO         5618    i.OLED_I2C_Stop     oled.o
    0x08005186   0x08005186   0x0000009c   Code   RO         5619    i.OLED_Init         oled.o
    0x08005222   0x08005222   0x00000110   Code   RO         5621    i.OLED_IsInRoundRect  oled.o
    0x08005332   0x08005332   0x00000002   PAD
    0x08005334   0x08005334   0x00000078   Code   RO         5626    i.OLED_ReverseRoundRect  oled.o
    0x080053ac   0x080053ac   0x00000022   Code   RO         5627    i.OLED_SetCursor    oled.o
    0x080053ce   0x080053ce   0x00000002   PAD
    0x080053d0   0x080053d0   0x0000003c   Code   RO         5629    i.OLED_ShowChar     oled.o
    0x0800540c   0x0800540c   0x000000bc   Code   RO         5632    i.OLED_ShowImage    oled.o
    0x080054c8   0x080054c8   0x000000dc   Code   RO         5635    i.OLED_ShowString   oled.o
    0x080055a4   0x080055a4   0x00000034   Code   RO         5636    i.OLED_Update       oled.o
    0x080055d8   0x080055d8   0x00000010   Code   RO         5638    i.OLED_W_SCL        oled.o
    0x080055e8   0x080055e8   0x00000010   Code   RO         5639    i.OLED_W_SDA        oled.o
    0x080055f8   0x080055f8   0x00000022   Code   RO         5640    i.OLED_WriteCommand  oled.o
    0x0800561a   0x0800561a   0x00000030   Code   RO         5641    i.OLED_WriteData    oled.o
    0x0800564a   0x0800564a   0x00000002   PAD
    0x0800564c   0x0800564c   0x000001a8   Code   RO         6322    i.OUTLOG            outlog.o
    0x080057f4   0x080057f4   0x000000e8   Code   RO         6323    i.OUTLOG_Init       outlog.o
    0x080058dc   0x080058dc   0x00000218   Code   RO         5027    i.ProcesData_Task   task.o
    0x08005af4   0x08005af4   0x00000034   Code   RO         2907    i.RTC_EnterInitMode  stm32f1xx_hal_rtc.o
    0x08005b28   0x08005b28   0x00000036   Code   RO         2908    i.RTC_ExitInitMode  stm32f1xx_hal_rtc.o
    0x08005b5e   0x08005b5e   0x00000024   Code   RO         5119    i.RTC_ReadTimeCounter  myrtc.o
    0x08005b82   0x08005b82   0x00000004   Code   RO         5120    i.RTC_SET_TIME      myrtc.o
    0x08005b86   0x08005b86   0x00000002   PAD
    0x08005b88   0x08005b88   0x00000070   Code   RO         5121    i.RTC_WriteTimeCounter  myrtc.o
    0x08005bf8   0x08005bf8   0x00000034   Code   RO         5380    i.Read_eeprom_Time  eeprom_drive.o
    0x08005c2c   0x08005c2c   0x0000007c   Code   RO          592    i.Runing_UARTSET_B  usart.o
    0x08005ca8   0x08005ca8   0x00000068   Code   RO         5028    i.StartDefaultTask  task.o
    0x08005d10   0x08005d10   0x00000250   Code   RO         5029    i.StorageData_Task  task.o
    0x08005f60   0x08005f60   0x0000002c   Code   RO         4781    i.SysTick_Handler   port.o
    0x08005f8c   0x08005f8c   0x00000082   Code   RO           15    i.SystemClock_Config  main.o
    0x0800600e   0x0800600e   0x00000002   Code   RO         3523    i.SystemInit        system_stm32f1xx.o
    0x08006010   0x08006010   0x00000014   Code   RO          649    i.TIM1_UP_IRQHandler  stm32f1xx_it.o
    0x08006024   0x08006024   0x00000078   Code   RO         1002    i.TIM_Base_SetConfig  stm32f1xx_hal_tim.o
    0x0800609c   0x0800609c   0x0000001a   Code   RO         1003    i.TIM_CCxChannelCmd  stm32f1xx_hal_tim.o
    0x080060b6   0x080060b6   0x0000000e   Code   RO         5947    i.Traffic_Init      capture_traffic.o
    0x080060c4   0x080060c4   0x00000010   Code   RO         3202    i.UART_DMAAbortOnError  stm32f1xx_hal_uart.o
    0x080060d4   0x080060d4   0x0000004e   Code   RO         3212    i.UART_EndRxTransfer  stm32f1xx_hal_uart.o
    0x08006122   0x08006122   0x000000c2   Code   RO         3214    i.UART_Receive_IT   stm32f1xx_hal_uart.o
    0x080061e4   0x080061e4   0x000000b8   Code   RO         3215    i.UART_SetConfig    stm32f1xx_hal_uart.o
    0x0800629c   0x0800629c   0x00000036   Code   RO         3217    i.UART_Start_Receive_IT  stm32f1xx_hal_uart.o
    0x080062d2   0x080062d2   0x00000072   Code   RO         3218    i.UART_WaitOnFlagUntilTimeout  stm32f1xx_hal_uart.o
    0x08006344   0x08006344   0x0000000c   Code   RO          650    i.USART3_IRQHandler  stm32f1xx_it.o
    0x08006350   0x08006350   0x00000348   Code   RO         5030    i.UploadData_Task   task.o
    0x08006698   0x08006698   0x00000002   Code   RO          651    i.UsageFault_Handler  stm32f1xx_it.o
    0x0800669a   0x0800669a   0x00000016   Code   RO         5381    i.Write_eeprom_Time  eeprom_drive.o
    0x080066b0   0x080066b0   0x00000028   Code   RO         6910    i.__ARM_fpclassify  m_ws.l(fpclassify.o)
    0x080066d8   0x080066d8   0x00000020   Code   RO         2370    i.__NVIC_SetPriority  stm32f1xx_hal_cortex.o
    0x080066f8   0x080066f8   0x0000000e   Code   RO         6478    i._is_digit         c_w.l(__printf_wp.o)
    0x08006706   0x08006706   0x00000002   Code   RO         4963    i._sys_exit         printf.o
    0x08006708   0x08006708   0x00000130   Code   RO         6112    i.app_menu          app_menu.o
    0x08006838   0x08006838   0x00000016   Code   RO         5382    i.calc_param_checksum  eeprom_drive.o
    0x0800684e   0x0800684e   0x00000002   PAD
    0x08006850   0x08006850   0x0000000c   Code   RO         5122    i.convert_to_timestamp  myrtc.o
    0x0800685c   0x0800685c   0x00000012   Code   RO         5383    i.data_index_to_addr  eeprom_drive.o
    0x0800686e   0x0800686e   0x00000004   Code   RO         4861    i.delay_ms          delay.o
    0x08006872   0x08006872   0x00000004   Code   RO         4862    i.delay_us          delay.o
    0x08006876   0x08006876   0x00000002   PAD
    0x08006878   0x08006878   0x00000070   Code   RO         5384    i.eeprom_Drive_Init  eeprom_drive.o
    0x080068e8   0x080068e8   0x000000bc   Code   RO         5385    i.eeprom_increment_counter  eeprom_drive.o
    0x080069a4   0x080069a4   0x0000003e   Code   RO         5386    i.eeprom_read_counter  eeprom_drive.o
    0x080069e2   0x080069e2   0x00000002   PAD
    0x080069e4   0x080069e4   0x00000468   Code   RO         5387    i.eeprom_read_device_params  eeprom_drive.o
    0x08006e4c   0x08006e4c   0x00000134   Code   RO         5388    i.eeprom_save_device_params  eeprom_drive.o
    0x08006f80   0x08006f80   0x00000018   Code   RO         4965    i.fputc             printf.o
    0x08006f98   0x08006f98   0x0000000c   Code   RO         5389    i.get_Data_Page_Count  eeprom_drive.o
    0x08006fa4   0x08006fa4   0x000000cc   Code   RO         5123    i.get_compile_timestamp  myrtc.o
    0x08007070   0x08007070   0x00000024   Code   RO         5124    i.get_day           myrtc.o
    0x08007094   0x08007094   0x00000024   Code   RO         5125    i.get_hour          myrtc.o
    0x080070b8   0x080070b8   0x00000024   Code   RO         5126    i.get_minute        myrtc.o
    0x080070dc   0x080070dc   0x00000024   Code   RO         5127    i.get_month         myrtc.o
    0x08007100   0x08007100   0x00000024   Code   RO         5128    i.get_second        myrtc.o
    0x08007124   0x08007124   0x00000024   Code   RO         5129    i.get_year          myrtc.o
    0x08007148   0x08007148   0x00000036   Code   RO         5244    i.iic_ack           i2c.o
    0x0800717e   0x0800717e   0x00000018   Code   RO         5245    i.iic_init          i2c.o
    0x08007196   0x08007196   0x0000002a   Code   RO         5246    i.iic_nack          i2c.o
    0x080071c0   0x080071c0   0x00000046   Code   RO         5247    i.iic_read_byte     i2c.o
    0x08007206   0x08007206   0x0000003a   Code   RO         5248    i.iic_send_byte     i2c.o
    0x08007240   0x08007240   0x00000030   Code   RO         5249    i.iic_start         i2c.o
    0x08007270   0x08007270   0x0000002a   Code   RO         5250    i.iic_stop          i2c.o
    0x0800729a   0x0800729a   0x0000004c   Code   RO         5251    i.iic_wait_ack      i2c.o
    0x080072e6   0x080072e6   0x00000002   PAD
    0x080072e8   0x080072e8   0x00000028   Code   RO         5390    i.is_data_used      eeprom_drive.o
    0x08007310   0x08007310   0x00000026   Code   RO         5130    i.is_leap_year      myrtc.o
    0x08007336   0x08007336   0x0000002a   Code   RO           16    i.main              main.o
    0x08007360   0x08007360   0x0000000c   Code   RO         4343    i.makeFreeRtosPriority  cmsis_os.o
    0x0800736c   0x0800736c   0x00000024   Code   RO         6113    i.menu_Back_Top     app_menu.o
    0x08007390   0x08007390   0x0000006c   Code   RO         6114    i.menu_Current_Flow  app_menu.o
    0x080073fc   0x080073fc   0x00000104   Code   RO         6115    i.menu_Data         app_menu.o
    0x08007500   0x08007500   0x000000b0   Code   RO         6116    i.menu_Format       app_menu.o
    0x080075b0   0x080075b0   0x0000009c   Code   RO         6117    i.menu_History_Max_Flow  app_menu.o
    0x0800764c   0x0800764c   0x00000054   Code   RO         6118    i.menu_ProcesTask   app_menu.o
    0x080076a0   0x080076a0   0x00000048   Code   RO         6119    i.menu_RTOS_Stack   app_menu.o
    0x080076e8   0x080076e8   0x0000007c   Code   RO         6120    i.menu_Rand_flow    app_menu.o
    0x08007764   0x08007764   0x00000024   Code   RO         6121    i.menu_Serial_NUM   app_menu.o
    0x08007788   0x08007788   0x0000019c   Code   RO         6122    i.menu_Set_LOG      app_menu.o
    0x08007924   0x08007924   0x00000268   Code   RO         6123    i.menu_Set_U1_BaudRate  app_menu.o
    0x08007b8c   0x08007b8c   0x00000248   Code   RO         6124    i.menu_Set_U3_BaudRate  app_menu.o
    0x08007dd4   0x08007dd4   0x00000218   Code   RO         6125    i.menu_Set_led      app_menu.o
    0x08007fec   0x08007fec   0x00000014   Code   RO         6126    i.menu_Setting_title  app_menu.o
    0x08008000   0x08008000   0x00000054   Code   RO         6127    i.menu_StorageTask  app_menu.o
    0x08008054   0x08008054   0x00000104   Code   RO         6128    i.menu_Time         app_menu.o
    0x08008158   0x08008158   0x00000030   Code   RO         6129    i.menu_Total_Refuel_Times  app_menu.o
    0x08008188   0x08008188   0x00000054   Code   RO         6130    i.menu_UploadTask   app_menu.o
    0x080081dc   0x080081dc   0x00000014   Code   RO         5993    i.menu_back_focus   free_menu.o
    0x080081f0   0x080081f0   0x00000054   Code   RO         6131    i.menu_defaultTask  app_menu.o
    0x08008244   0x08008244   0x0000002c   Code   RO         6132    i.menu_eeprom_data  app_menu.o
    0x08008270   0x08008270   0x00000054   Code   RO         5994    i.menu_event_inject  free_menu.o
    0x080082c4   0x080082c4   0x00000058   Code   RO         5995    i.menu_event_wheel  free_menu.o
    0x0800831c   0x0800831c   0x00000060   Code   RO         6133    i.menu_fps_display  app_menu.o
    0x0800837c   0x0800837c   0x0000001a   Code   RO         5643    i.menu_hal_draw_cursor  oled.o
    0x08008396   0x08008396   0x00000038   Code   RO         5644    i.menu_hal_draw_scroll  oled.o
    0x080083ce   0x080083ce   0x0000000a   Code   RO         5645    i.menu_hal_draw_string  oled.o
    0x080083d8   0x080083d8   0x00000036   Code   RO         5996    i.menu_init         free_menu.o
    0x0800840e   0x0800840e   0x00000002   PAD
    0x08008410   0x08008410   0x00000058   Code   RO         5998    i.menu_item_handler_func  free_menu.o
    0x08008468   0x08008468   0x0000003c   Code   RO         6134    i.menu_main         app_menu.o
    0x080084a4   0x080084a4   0x0000004c   Code   RO         6135    i.menu_main_title   app_menu.o
    0x080084f0   0x080084f0   0x0000005c   Code   RO         6136    i.menu_oledTask     app_menu.o
    0x0800854c   0x0800854c   0x0000000e   Code   RO         6002    i.menu_select_item  free_menu.o
    0x0800855a   0x0800855a   0x00000002   PAD
    0x0800855c   0x0800855c   0x00000024   Code   RO         6003    i.menu_set_focus    free_menu.o
    0x08008580   0x08008580   0x00000030   Code   RO         6137    i.menu_set_sys      app_menu.o
    0x080085b0   0x080085b0   0x0000004c   Code   RO         6004    i.menu_show         free_menu.o
    0x080085fc   0x080085fc   0x00000040   Code   RO         6005    i.menu_show_cursor  free_menu.o
    0x0800863c   0x0800863c   0x0000005c   Code   RO         6006    i.menu_show_edit_cursor  free_menu.o
    0x08008698   0x08008698   0x00000158   Code   RO         6007    i.menu_show_items   free_menu.o
    0x080087f0   0x080087f0   0x00000018   Code   RO         6138    i.menu_stack_title  app_menu.o
    0x08008808   0x08008808   0x00000030   Code   RO         6139    i.menu_stack_view   app_menu.o
    0x08008838   0x08008838   0x00000034   Code   RO         6140    i.myRand            app_menu.o
    0x0800886c   0x0800886c   0x00000004   Code   RO         5031    i.oled_Task         task.o
    0x08008870   0x08008870   0x0000000a   Code   RO         4348    i.osKernelStart     cmsis_os.o
    0x0800887a   0x0800887a   0x00000008   Code   RO         4357    i.osMessageCreate   cmsis_os.o
    0x08008882   0x08008882   0x0000002e   Code   RO         4382    i.osThreadCreate    cmsis_os.o
    0x080088b0   0x080088b0   0x00000104   Code   RO         5131    i.parse_timestamp   myrtc.o
    0x080089b4   0x080089b4   0x00000020   Code   RO         4021    i.pcTaskGetName     tasks.o
    0x080089d4   0x080089d4   0x00000130   Code   RO         5391    i.print_All_Data_Pages  eeprom_drive.o
    0x08008b04   0x08008b04   0x00000070   Code   RO         4022    i.prvAddCurrentTaskToDelayedList  tasks.o
    0x08008b74   0x08008b74   0x000000d0   Code   RO         4023    i.prvAddNewTaskToReadyList  tasks.o
    0x08008c44   0x08008c44   0x00000026   Code   RO         3726    i.prvCopyDataFromQueue  queue.o
    0x08008c6a   0x08008c6a   0x0000006c   Code   RO         3727    i.prvCopyDataToQueue  queue.o
    0x08008cd6   0x08008cd6   0x00000014   Code   RO         4024    i.prvDeleteTCB      tasks.o
    0x08008cea   0x08008cea   0x00000002   PAD
    0x08008cec   0x08008cec   0x0000004c   Code   RO         4713    i.prvHeapInit       heap_4.o
    0x08008d38   0x08008d38   0x00000060   Code   RO         4025    i.prvIdleTask       tasks.o
    0x08008d98   0x08008d98   0x000000b0   Code   RO         4026    i.prvInitialiseNewTask  tasks.o
    0x08008e48   0x08008e48   0x0000004c   Code   RO         4714    i.prvInsertBlockIntoFreeList  heap_4.o
    0x08008e94   0x08008e94   0x0000001c   Code   RO         3728    i.prvIsQueueEmpty   queue.o
    0x08008eb0   0x08008eb0   0x00000020   Code   RO         4027    i.prvResetNextTaskUnblockTime  tasks.o
    0x08008ed0   0x08008ed0   0x00000028   Code   RO         4782    i.prvTaskExitError  port.o
    0x08008ef8   0x08008ef8   0x0000006a   Code   RO         3729    i.prvUnlockQueue    queue.o
    0x08008f62   0x08008f62   0x00000002   PAD
    0x08008f64   0x08008f64   0x000000dc   Code   RO         4715    i.pvPortMalloc      heap_4.o
    0x08009040   0x08009040   0x00000018   Code   RO         4029    i.pvTaskIncrementMutexHeldCount  tasks.o
    0x08009058   0x08009058   0x00000024   Code   RO         4783    i.pxPortInitialiseStack  port.o
    0x0800907c   0x0800907c   0x000001a0   Code   RO         5392    i.read_Oil_Data     eeprom_drive.o
    0x0800921c   0x0800921c   0x0000008c   Code   RO         5393    i.record_Oil        eeprom_drive.o
    0x080092a8   0x080092a8   0x00000028   Code   RO         5394    i.set_data_status   eeprom_drive.o
    0x080092d0   0x080092d0   0x00000044   Code   RO         6008    i.smooth_transition  free_menu.o
    0x08009314   0x08009314   0x00000026   Code   RO         3686    i.uxListRemove      list.o
    0x0800933a   0x0800933a   0x00000028   Code   RO         3732    i.uxQueueSpacesAvailable  queue.o
    0x08009362   0x08009362   0x00000002   PAD
    0x08009364   0x08009364   0x00000020   Code   RO         4033    i.uxTaskGetStackHighWaterMark  tasks.o
    0x08009384   0x08009384   0x00000016   Code   RO         3687    i.vListInitialise   list.o
    0x0800939a   0x0800939a   0x00000006   Code   RO         3688    i.vListInitialiseItem  list.o
    0x080093a0   0x080093a0   0x00000030   Code   RO         3689    i.vListInsert       list.o
    0x080093d0   0x080093d0   0x00000018   Code   RO         3690    i.vListInsertEnd    list.o
    0x080093e8   0x080093e8   0x00000040   Code   RO         4785    i.vPortEnterCritical  port.o
    0x08009428   0x08009428   0x00000028   Code   RO         4786    i.vPortExitCritical  port.o
    0x08009450   0x08009450   0x00000064   Code   RO         4716    i.vPortFree         heap_4.o
    0x080094b4   0x080094b4   0x00000024   Code   RO         4787    i.vPortSetupTimerInterrupt  port.o
    0x080094d8   0x080094d8   0x00000054   Code   RO         4788    i.vPortValidateInterruptPriority  port.o
    0x0800952c   0x0800952c   0x00000024   Code   RO         3734    i.vQueueDelete      queue.o
    0x08009550   0x08009550   0x00000028   Code   RO         3735    i.vQueueUnregisterQueue  queue.o
    0x08009578   0x08009578   0x0000004c   Code   RO         4037    i.vTaskDelay        tasks.o
    0x080095c4   0x080095c4   0x00000010   Code   RO         4040    i.vTaskInternalSetTimeOutState  tasks.o
    0x080095d4   0x080095d4   0x0000000c   Code   RO         4041    i.vTaskMissedYield  tasks.o
    0x080095e0   0x080095e0   0x00000030   Code   RO         4043    i.vTaskPlaceOnEventList  tasks.o
    0x08009610   0x08009610   0x000000a0   Code   RO         4045    i.vTaskPriorityDisinheritAfterTimeout  tasks.o
    0x080096b0   0x080096b0   0x00000068   Code   RO         4050    i.vTaskStartScheduler  tasks.o
    0x08009718   0x08009718   0x00000010   Code   RO         4052    i.vTaskSuspendAll   tasks.o
    0x08009728   0x08009728   0x0000005c   Code   RO         4053    i.vTaskSwitchContext  tasks.o
    0x08009784   0x08009784   0x00000016   Code   RO         5395    i.x24Cxx_Read_float  eeprom_drive.o
    0x0800979a   0x0800979a   0x0000001c   Code   RO         5396    i.x24Cxx_Write_float  eeprom_drive.o
    0x080097b6   0x080097b6   0x00000002   PAD
    0x080097b8   0x080097b8   0x0000000c   Code   RO         4720    i.xPortGetMinimumEverFreeHeapSize  heap_4.o
    0x080097c4   0x080097c4   0x000000a8   Code   RO         4789    i.xPortStartScheduler  port.o
    0x0800986c   0x0800986c   0x00000024   Code   RO         3736    i.xQueueCreateMutex  queue.o
    0x08009890   0x08009890   0x00000042   Code   RO         3737    i.xQueueGenericCreate  queue.o
    0x080098d2   0x080098d2   0x00000002   PAD
    0x080098d4   0x080098d4   0x00000088   Code   RO         3738    i.xQueueGenericReset  queue.o
    0x0800995c   0x0800995c   0x00000160   Code   RO         3739    i.xQueueGenericSend  queue.o
    0x08009abc   0x08009abc   0x00000138   Code   RO         3746    i.xQueueReceive     queue.o
    0x08009bf4   0x08009bf4   0x00000178   Code   RO         3748    i.xQueueSemaphoreTake  queue.o
    0x08009d6c   0x08009d6c   0x00000074   Code   RO         4055    i.xTaskCheckForTimeOut  tasks.o
    0x08009de0   0x08009de0   0x00000056   Code   RO         4056    i.xTaskCreate       tasks.o
    0x08009e36   0x08009e36   0x00000002   PAD
    0x08009e38   0x08009e38   0x000000e0   Code   RO         4057    i.xTaskGenericNotify  tasks.o
    0x08009f18   0x08009f18   0x00000104   Code   RO         4058    i.xTaskGenericNotifyFromISR  tasks.o
    0x0800a01c   0x0800a01c   0x0000000c   Code   RO         4059    i.xTaskGetCurrentTaskHandle  tasks.o
    0x0800a028   0x0800a028   0x0000001c   Code   RO         4060    i.xTaskGetSchedulerState  tasks.o
    0x0800a044   0x0800a044   0x000000cc   Code   RO         4063    i.xTaskIncrementTick  tasks.o
    0x0800a110   0x0800a110   0x0000008c   Code   RO         4065    i.xTaskNotifyWait   tasks.o
    0x0800a19c   0x0800a19c   0x00000098   Code   RO         4066    i.xTaskPriorityDisinherit  tasks.o
    0x0800a234   0x0800a234   0x0000008c   Code   RO         4067    i.xTaskPriorityInherit  tasks.o
    0x0800a2c0   0x0800a2c0   0x00000074   Code   RO         4068    i.xTaskRemoveFromEventList  tasks.o
    0x0800a334   0x0800a334   0x000000c4   Code   RO         4069    i.xTaskResumeAll    tasks.o
    0x0800a3f8   0x0800a3f8   0x0000002c   Code   RO         6891    locale$$code        c_w.l(lc_numeric_c.o)
    0x0800a424   0x0800a424   0x0000002c   Code   RO         6951    locale$$code        c_w.l(lc_ctype_c.o)
    0x0800a450   0x0800a450   0x00000062   Code   RO         6536    x$fpl$d2f           fz_ws.l(d2f.o)
    0x0800a4b2   0x0800a4b2   0x00000002   PAD
    0x0800a4b4   0x0800a4b4   0x0000008a   Code   RO         6563    x$fpl$dfltull       fz_ws.l(dfltll_clz.o)
    0x0800a53e   0x0800a53e   0x0000009c   Code   RO         6756    x$fpl$dnaninf       fz_ws.l(dnaninf.o)
    0x0800a5da   0x0800a5da   0x0000000c   Code   RO         6758    x$fpl$dretinf       fz_ws.l(dretinf.o)
    0x0800a5e6   0x0800a5e6   0x00000002   PAD
    0x0800a5e8   0x0800a5e8   0x00000056   Code   RO         6572    x$fpl$f2d           fz_ws.l(f2d.o)
    0x0800a63e   0x0800a63e   0x00000002   PAD
    0x0800a640   0x0800a640   0x000000c4   Code   RO         6574    x$fpl$fadd          fz_ws.l(faddsub_clz.o)
    0x0800a704   0x0800a704   0x0000000c   Code   RO         6762    x$fpl$fcheck1       fz_ws.l(fcheck1.o)
    0x0800a710   0x0800a710   0x00000018   Code   RO         6764    x$fpl$fcmpinf       fz_ws.l(fcmpi.o)
    0x0800a728   0x0800a728   0x00000184   Code   RO         6581    x$fpl$fdiv          fz_ws.l(fdiv.o)
    0x0800a8ac   0x0800a8ac   0x00000068   Code   RO         6584    x$fpl$feqf          fz_ws.l(feqf.o)
    0x0800a914   0x0800a914   0x00000036   Code   RO         6586    x$fpl$ffix          fz_ws.l(ffix.o)
    0x0800a94a   0x0800a94a   0x00000002   PAD
    0x0800a94c   0x0800a94c   0x00000030   Code   RO         6591    x$fpl$fflt          fz_ws.l(fflt_clz.o)
    0x0800a97c   0x0800a97c   0x00000026   Code   RO         6590    x$fpl$ffltu         fz_ws.l(fflt_clz.o)
    0x0800a9a2   0x0800a9a2   0x00000002   PAD
    0x0800a9a4   0x0800a9a4   0x00000068   Code   RO         6766    x$fpl$fleqf         fz_ws.l(fleqf.o)
    0x0800aa0c   0x0800aa0c   0x00000102   Code   RO         6596    x$fpl$fmul          fz_ws.l(fmul.o)
    0x0800ab0e   0x0800ab0e   0x0000008c   Code   RO         6768    x$fpl$fnaninf       fz_ws.l(fnaninf.o)
    0x0800ab9a   0x0800ab9a   0x0000000a   Code   RO         6770    x$fpl$fretinf       fz_ws.l(fretinf.o)
    0x0800aba4   0x0800aba4   0x00000062   Code   RO         6598    x$fpl$frleqf        fz_ws.l(frleqf.o)
    0x0800ac06   0x0800ac06   0x00000002   PAD
    0x0800ac08   0x0800ac08   0x000000ea   Code   RO         6576    x$fpl$fsub          fz_ws.l(faddsub_clz.o)
    0x0800acf2   0x0800acf2   0x00000004   Code   RO         6600    x$fpl$printf1       fz_ws.l(printf1.o)
    0x0800acf6   0x0800acf6   0x00000004   Code   RO         6772    x$fpl$printf2       fz_ws.l(printf2.o)
    0x0800acfa   0x0800acfa   0x00000064   Code   RO         6906    x$fpl$retnan        fz_ws.l(retnan.o)
    0x0800ad5e   0x0800ad5e   0x0000004c   Code   RO         6602    x$fpl$scalbnf       fz_ws.l(scalbnf.o)
    0x0800adaa   0x0800adaa   0x00000030   Code   RO         6942    x$fpl$trapveneer    fz_ws.l(trapv.o)
    0x0800adda   0x0800adda   0x00000000   Code   RO         6778    x$fpl$usenofp       fz_ws.l(usenofp.o)
    0x0800adda   0x0800adda   0x00000002   PAD
    0x0800addc   0x0800addc   0x00000084   Data   RO          250    .constdata          freertos.o
    0x0800ae60   0x0800ae60   0x00000011   Data   RO          594    .constdata          usart.o
    0x0800ae71   0x0800ae71   0x00000012   Data   RO         2068    .constdata          stm32f1xx_hal_rcc.o
    0x0800ae83   0x0800ae83   0x00000012   Data   RO         2160    .constdata          stm32f1xx_hal_rcc_ex.o
    0x0800ae95   0x0800ae95   0x00000010   Data   RO         3524    .constdata          system_stm32f1xx.o
    0x0800aea5   0x0800aea5   0x00000008   Data   RO         3525    .constdata          system_stm32f1xx.o
    0x0800aead   0x0800aead   0x00000031   Data   RO         5032    .constdata          task.o
    0x0800aede   0x0800aede   0x00000002   PAD
    0x0800aee0   0x0800aee0   0x0000008c   Data   RO         5133    .constdata          myrtc.o
    0x0800af6c   0x0800af6c   0x00000070   Data   RO         5398    .constdata          eeprom_drive.o
    0x0800afdc   0x0800afdc   0x00000025   Data   RO         5527    .constdata          e4gdtu.o
    0x0800b001   0x0800b001   0x000005f0   Data   RO         5883    .constdata          oled_data.o
    0x0800b5f1   0x0800b5f1   0x0000023a   Data   RO         5884    .constdata          oled_data.o
    0x0800b82b   0x0800b82b   0x000000f5   Data   RO         5885    .constdata          oled_data.o
    0x0800b920   0x0800b920   0x000000a3   Data   RO         6142    .constdata          app_menu.o
    0x0800b9c3   0x0800b9c3   0x00000028   Data   RO         6466    .constdata          c_w.l(_printf_hex_int_ll_ptr.o)
    0x0800b9eb   0x0800b9eb   0x00000011   Data   RO         6486    .constdata          c_w.l(__printf_flags_ss_wp.o)
    0x0800b9fc   0x0800b9fc   0x00000008   Data   RO         6673    .constdata          c_w.l(_printf_wctomb.o)
    0x0800ba04   0x0800ba04   0x0000000c   Data   RO         6706    .constdata          c_w.l(_monlen.o)
    0x0800ba10   0x0800ba10   0x00000026   Data   RO         6849    .constdata          c_w.l(_printf_fp_hex.o)
    0x0800ba36   0x0800ba36   0x00000002   PAD
    0x0800ba38   0x0800ba38   0x00000094   Data   RO         6860    .constdata          c_w.l(bigflt0.o)
    0x0800bacc   0x0800bacc   0x00000048   Data   RO          251    .conststring        freertos.o
    0x0800bb14   0x0800bb14   0x0000007d   Data   RO          652    .conststring        stm32f1xx_it.o
    0x0800bb91   0x0800bb91   0x00000003   PAD
    0x0800bb94   0x0800bb94   0x00000030   Data   RO         5134    .conststring        myrtc.o
    0x0800bbc4   0x0800bbc4   0x00000181   Data   RO         5399    .conststring        eeprom_drive.o
    0x0800bd45   0x0800bd45   0x00000003   PAD
    0x0800bd48   0x0800bd48   0x0000005d   Data   RO         6324    .conststring        outlog.o
    0x0800bda5   0x0800bda5   0x00000003   PAD
    0x0800bda8   0x0800bda8   0x00000020   Data   RO         7005    Region$$Table       anon$$obj.o
    0x0800bdc8   0x0800bdc8   0x0000001c   Data   RO         6890    locale$$data        c_w.l(lc_numeric_c.o)
    0x0800bde4   0x0800bde4   0x00000110   Data   RO         6950    locale$$data        c_w.l(lc_ctype_c.o)


    Execution Region RW_IRAM1 (Exec base: 0x20000000, Load base: 0x0800bef4, Size: 0x00004500, Max: 0x00005000, ABSOLUTE, COMPRESSED[0x00000084])

    Exec Addr    Load Addr    Size         Type   Attr      Idx    E Section Name        Object

    0x20000000   COMPRESSED   0x00000024   Data   RW          252    .data               freertos.o
    0x20000024   COMPRESSED   0x0000000c   Data   RW         1905    .data               stm32f1xx_hal.o
    0x20000030   COMPRESSED   0x00000004   Data   RW         3526    .data               system_stm32f1xx.o
    0x20000034   COMPRESSED   0x0000003c   Data   RW         4072    .data               tasks.o
    0x20000070   COMPRESSED   0x00000020   Data   RW         4722    .data               heap_4.o
    0x20000090   COMPRESSED   0x0000000c   Data   RW         4790    .data               port.o
    0x2000009c   COMPRESSED   0x00000004   Data   RW         4967    .data               printf.o
    0x200000a0   COMPRESSED   0x00000001   Data   RW         5033    .data               task.o
    0x200000a1   COMPRESSED   0x00000003   PAD
    0x200000a4   COMPRESSED   0x00000008   Data   RW         5400    .data               eeprom_drive.o
    0x200000ac   COMPRESSED   0x00000006   Data   RW         5528    .data               e4gdtu.o
    0x200000b2   COMPRESSED   0x00000008   Data   RW         5904    .data               key.o
    0x200000ba   COMPRESSED   0x00000006   PAD
    0x200000c0   COMPRESSED   0x00000008   Data   RW         5948    .data               capture_traffic.o
    0x200000c8   COMPRESSED   0x0000001c   Data   RW         6009    .data               free_menu.o
    0x200000e4   COMPRESSED   0x000000ac   Data   RW         6143    .data               app_menu.o
    0x20000190   COMPRESSED   0x00000010   Data   RW         6325    .data               outlog.o
    0x200001a0        -       0x0000000c   Zero   RW          465    .bss                iwdg.o
    0x200001ac        -       0x00000014   Zero   RW          501    .bss                rtc.o
    0x200001c0        -       0x00000048   Zero   RW          549    .bss                tim.o
    0x20000208        -       0x00000090   Zero   RW          593    .bss                usart.o
    0x20000298        -       0x00000048   Zero   RW          748    .bss                stm32f1xx_hal_timebase_tim.o
    0x200002e0        -       0x00000040   Zero   RW         3749    .bss                queue.o
    0x20000320        -       0x000000f0   Zero   RW         4071    .bss                tasks.o
    0x20000410        -       0x00002400   Zero   RW         4721    .bss                heap_4.o
    0x20002810        -       0x000000fc   Zero   RW         5397    .bss                eeprom_drive.o
    0x2000290c        -       0x00000100   Zero   RW         5526    .bss                e4gdtu.o
    0x20002a0c        -       0x00000400   Zero   RW         5646    .bss                oled.o
    0x20002e0c        -       0x000001ac   Zero   RW         6141    .bss                app_menu.o
    0x20002fb8        -       0x000000e4   Zero   RW         6503    .bss                c_w.l(rand.o)
    0x2000309c        -       0x00000060   Zero   RW         6805    .bss                c_w.l(libspace.o)
    0x200030fc   COMPRESSED   0x00000004   PAD
    0x20003100        -       0x00000400   Zero   RW            2    HEAP                startup_stm32f103xb.o
    0x20003500        -       0x00001000   Zero   RW            1    STACK               startup_stm32f103xb.o


==============================================================================

Image component sizes


      Code (inc. data)   RO Data    RW Data    ZI Data      Debug   Object Name

      4864       1988        163        172        428      22266   app_menu.o
       358          0          0          0          0       3140   at24c64.o
       126         26          0          8          0       3070   capture_traffic.o
        76          0          0          0          0      15205   cmsis_os.o
         0          0          0          0          0       7572   croutine.o
        56          0          0          0          0       2683   delay.o
      2254        848         37          6        256       8502   e4gdtu.o
      3002       1068        497          8        252      15729   eeprom_drive.o
         0          0          0          0          0      13548   event_groups.o
      1028         92          0         28          0      10398   free_menu.o
       204         10        204         36          0     366697   freertos.o
       228         14          0          0          0       1023   gpio.o
       484         30          0         32       9216       8269   heap_4.o
       478         18          0          0          0       6145   i2c.o
        44          8          0          0         12        731   iwdg.o
       388         18          0          8          0       2705   key.o
        44         16          0          0          0       1196   led.o
       138          0          0          0          0       3678   list.o
       196          6          0          0          0     443056   main.o
       978         84        188          0          0      10938   myrtc.o
      1738         66          0          0       1024      15841   oled.o
         0          0       2335          0          0       1234   oled_data.o
       656        226         93         16          0       3446   outlog.o
       662         70          0         12          0      11585   port.o
        26          6          0          4          0       2798   printf.o
      1674         22          0          0         64      18314   queue.o
        84         22          0          0         20       1515   rtc.o
        64         26        236          0       5120        820   startup_stm32f103xb.o
        64         14          0         12          0       4894   stm32f1xx_hal.o
       194         24          0          0          0      29049   stm32f1xx_hal_cortex.o
       222          4          0          0          0       1899   stm32f1xx_hal_dma.o
       516         34          0          0          0       4340   stm32f1xx_hal_gpio.o
       106          0          0          0          0       1987   stm32f1xx_hal_iwdg.o
        72         10          0          0          0        894   stm32f1xx_hal_msp.o
        12          4          0          0          0        555   stm32f1xx_hal_pwr.o
      1304         94         18          0          0       6045   stm32f1xx_hal_rcc.o
       400         28         18          0          0       2597   stm32f1xx_hal_rcc_ex.o
       312          4          0          0          0       3924   stm32f1xx_hal_rtc.o
        32         10          0          0          0       1767   stm32f1xx_hal_rtc_ex.o
       944         24          0          0          0      10231   stm32f1xx_hal_tim.o
       108         12          0          0          0       2577   stm32f1xx_hal_tim_ex.o
       140         22          0          0         72     433259   stm32f1xx_hal_timebase_tim.o
      1554         10          0          0          0      11548   stm32f1xx_hal_uart.o
       120         20        125          0          0       4739   stm32f1xx_it.o
         2          0         24          4          0       1247   system_stm32f1xx.o
      2076        856         49          1          0       3711   task.o
      2930        232          0         60        240      32836   tasks.o
       192         14          0          0         72       1777   tim.o
         0          0          0          0          0       2340   timers.o
       444        100         17          0        144       3206   usart.o

    ----------------------------------------------------------------------
     31652       6180       4047        416      16920    1567526   Object Totals
         0          0         32          0          0          0   (incl. Generated)
        58          0         11          9          0          0   (incl. Padding)

    ----------------------------------------------------------------------

      Code (inc. data)   RO Data    RW Data    ZI Data      Debug   Library Member Name

        60          8          0          0          0         84   __0sscanf.o
        24          4          0          0          0         84   __2printf.o
        56          6          0          0          0         88   __2snprintf.o
        44          6          0          0          0         84   __2sprintf.o
        90          0          0          0          0          0   __dczerorl2.o
         8          0          0          0          0         68   __main.o
       392          4         17          0          0         92   __printf_flags_ss_wp.o
        14          0          0          0          0         68   __printf_wp.o
         0          0          0          0          0          0   __rtentry.o
        12          0          0          0          0          0   __rtentry2.o
         6          0          0          0          0          0   __rtentry4.o
        52          8          0          0          0          0   __scatter.o
        28          0          0          0          0          0   __scatter_zi.o
        28          0          0          0          0         68   _chval.o
         0          0         12          0          0          0   _monlen.o
         6          0          0          0          0          0   _printf_a.o
         6          0          0          0          0          0   _printf_c.o
        44          0          0          0          0        108   _printf_char.o
        48          6          0          0          0         96   _printf_char_common.o
        36          4          0          0          0         80   _printf_char_file.o
        40          0          0          0          0         68   _printf_charcount.o
         6          0          0          0          0          0   _printf_d.o
       120         16          0          0          0         92   _printf_dec.o
         6          0          0          0          0          0   _printf_e.o
         6          0          0          0          0          0   _printf_f.o
      1054          0          0          0          0        216   _printf_fp_dec.o
       764          8         38          0          0        100   _printf_fp_hex.o
       128         16          0          0          0         84   _printf_fp_infnan.o
         6          0          0          0          0          0   _printf_g.o
       148          4         40          0          0        160   _printf_hex_int_ll_ptr.o
         6          0          0          0          0          0   _printf_i.o
       178          0          0          0          0         88   _printf_intcommon.o
        10          0          0          0          0          0   _printf_l.o
         6          0          0          0          0          0   _printf_lc.o
        10          0          0          0          0          0   _printf_ll.o
         6          0          0          0          0          0   _printf_lld.o
         6          0          0          0          0          0   _printf_lli.o
         6          0          0          0          0          0   _printf_llo.o
         6          0          0          0          0          0   _printf_llu.o
         6          0          0          0          0          0   _printf_llx.o
       124         16          0          0          0         92   _printf_longlong_dec.o
         6          0          0          0          0          0   _printf_ls.o
         6          0          0          0          0          0   _printf_n.o
         6          0          0          0          0          0   _printf_o.o
       112         10          0          0          0        124   _printf_oct_int_ll.o
         6          0          0          0          0          0   _printf_p.o
        78          0          0          0          0        108   _printf_pad.o
         0          0          0          0          0          0   _printf_percent.o
         4          0          0          0          0          0   _printf_percent_end.o
         6          0          0          0          0          0   _printf_s.o
        82          0          0          0          0         80   _printf_str.o
        36          0          0          0          0         84   _printf_truncate.o
         6          0          0          0          0          0   _printf_u.o
        44          0          0          0          0        108   _printf_wchar.o
       188          6          8          0          0         92   _printf_wctomb.o
         6          0          0          0          0          0   _printf_x.o
       884          6          0          0          0        100   _scanf.o
       332          0          0          0          0         96   _scanf_int.o
       224          0          0          0          0         96   _scanf_str.o
        64          0          0          0          0         84   _sgetc.o
        16          0          0          0          0         68   _snputc.o
        10          0          0          0          0         68   _sputc.o
        64          0          0          0          0         92   _wcrtomb.o
        16          0          0          0          0         68   aeabi_memset.o
       228          4        148          0          0         96   bigflt0.o
      1936        128          0          0          0        672   btod.o
        18          0          0          0          0         80   exit.o
         8          0          0          0          0         68   ferror.o
         6          0          0          0          0        152   heapauxi.o
        18          0          0          0          0         76   isspace.o
        44         10        272          0          0         76   lc_ctype_c.o
        44         10         28          0          0         76   lc_numeric_c.o
         2          0          0          0          0          0   libinit.o
        34          0          0          0          0          0   libinit2.o
         2          0          0          0          0          0   libshutdown.o
         2          0          0          0          0          0   libshutdown2.o
         8          4          0          0         96         68   libspace.o
        72          0          0          0          0         76   llsdiv.o
       138          0          0          0          0         80   lludiv10.o
       238          0          0          0          0        100   lludivv7m.o
        88          0          0          0          0         76   memcmp.o
       428         10          0          0          0        116   mktime.o
       112         18          0          0        228        160   rand.o
        16          4          0          0          0         76   rt_ctype_table.o
         8          4          0          0          0         68   rt_locale_intlibspace.o
        68          0          0          0          0         68   rt_memclr.o
        78          0          0          0          0         80   rt_memclr_w.o
       138          0          0          0          0         68   rt_memcpy_v6.o
       100          0          0          0          0         80   rt_memcpy_w.o
         2          0          0          0          0          0   rtexit.o
        10          0          0          0          0          0   rtexit2.o
        44          8          0          0          0         84   scanf_char.o
       128          0          0          0          0         68   strcmpv7m.o
        62          0          0          0          0         76   strlen.o
        86          0          0          0          0         76   strncpy.o
        36          0          0          0          0         80   strstr.o
        74          0          0          0          0         80   sys_stackheap_outer.o
         2          0          0          0          0         68   use_no_semi.o
         2          0          0          0          0         68   use_no_semi_2.o
        52          4          0          0          0         80   vsnprintf.o
        98          4          0          0          0         92   d2f.o
       138          0          0          0          0         84   dfltll_clz.o
       156          4          0          0          0         92   dnaninf.o
        12          0          0          0          0         68   dretinf.o
        86          4          0          0          0         84   f2d.o
       430          8          0          0          0        168   faddsub_clz.o
        12          4          0          0          0         68   fcheck1.o
        24          0          0          0          0         68   fcmpi.o
       388         76          0          0          0         96   fdiv.o
       104          4          0          0          0         84   feqf.o
        54          4          0          0          0         84   ffix.o
        86          0          0          0          0        136   fflt_clz.o
       104          4          0          0          0         84   fleqf.o
       258          4          0          0          0         84   fmul.o
       140          4          0          0          0         84   fnaninf.o
        10          0          0          0          0         68   fretinf.o
        98          0          0          0          0         68   frleqf.o
         4          0          0          0          0         68   printf1.o
         4          0          0          0          0         68   printf2.o
       100          0          0          0          0         68   retnan.o
        76          0          0          0          0         68   scalbnf.o
        48          0          0          0          0         68   trapv.o
         0          0          0          0          0          0   usenofp.o
        40          0          0          0          0         68   fpclassify.o

    ----------------------------------------------------------------------
     12620        452        565          0        328       8100   Library Totals
        26          0          2          0          4          0   (incl. Padding)

    ----------------------------------------------------------------------

      Code (inc. data)   RO Data    RW Data    ZI Data      Debug   Library Name

     10124        332        563          0        324       6180   c_w.l
      2430        120          0          0          0       1852   fz_ws.l
        40          0          0          0          0         68   m_ws.l

    ----------------------------------------------------------------------
     12620        452        565          0        328       8100   Library Totals

    ----------------------------------------------------------------------

==============================================================================


      Code (inc. data)   RO Data    RW Data    ZI Data      Debug   

     44272       6632       4612        416      17248    1555446   Grand Totals
     44272       6632       4612        132      17248    1555446   ELF Image Totals (compressed)
     44272       6632       4612        132          0          0   ROM Totals

==============================================================================

    Total RO  Size (Code + RO Data)                48884 (  47.74kB)
    Total RW  Size (RW Data + ZI Data)             17664 (  17.25kB)
    Total ROM Size (Code + RO Data + RW Data)      49016 (  47.87kB)

==============================================================================

